Archive member included because of file (symbol)

C:/NXP/S32DS_ARM_v2018.R1/S32DS/arm_ewl2/lib/armv7e-m\libc99.a(exit.o)
                              C:/NXP/S32DS_ARM_v2018.R1/S32DS/arm_ewl2/lib/armv7e-m/__arm_start.o (exit)
C:/NXP/S32DS_ARM_v2018.R1/S32DS/arm_ewl2/lib/armv7e-m\libc99.a(memcpy.o)
                              ./proto/pb_decode.o (memcpy)
C:/NXP/S32DS_ARM_v2018.R1/S32DS/arm_ewl2/lib/armv7e-m\libc99.a(memset.o)
                              C:/NXP/S32DS_ARM_v2018.R1/S32DS/arm_ewl2/lib/armv7e-m/__arm_start.o (memset)
C:/NXP/S32DS_ARM_v2018.R1/S32DS/arm_ewl2/lib/armv7e-m\libc99.a(__filll_mem.o)
                              C:/NXP/S32DS_ARM_v2018.R1/S32DS/arm_ewl2/lib/armv7e-m\libc99.a(memset.o) (__fill_mem)
C:/NXP/S32DS_ARM_v2018.R1/S32DS/arm_ewl2/lib/armv7e-m\librt.a(gcc_ctor_dtor.o)
                              C:/NXP/S32DS_ARM_v2018.R1/S32DS/arm_ewl2/lib/armv7e-m/__arm_start.o (__init_cpp)
C:/NXP/S32DS_ARM_v2018.R1/S32DS/arm_ewl2/lib/armv7e-m\librt.a(__arm_eabi_init.o)
                              C:/NXP/S32DS_ARM_v2018.R1/S32DS/arm_ewl2/lib/armv7e-m\libc99.a(exit.o) (__destroy_global_chain)
C:/NXP/S32DS_ARM_v2018.R1/S32DS/arm_ewl2/lib/armv7e-m\librt.a(ROMCopy.o)
                              C:/NXP/S32DS_ARM_v2018.R1/S32DS/arm_ewl2/lib/armv7e-m/__arm_start.o (__copy_rom_sections_to_ram)

Allocating common symbols
Common symbol       size              file

RxDATA              0x8               ./src/FlexCAN.o
RxID                0x4               ./src/FlexCAN.o
RxLENGTH            0x4               ./src/FlexCAN.o
RxCODE              0x4               ./src/FlexCAN.o
RxTIMESTAMP         0x4               ./src/FlexCAN.o

Discarded input sections

 .text          0x00000000        0x0 C:/NXP/S32DS_ARM_v2018.R1/S32DS/arm_ewl2/lib/armv7e-m/__arm_start.o
 .data          0x00000000        0x0 C:/NXP/S32DS_ARM_v2018.R1/S32DS/arm_ewl2/lib/armv7e-m/__arm_start.o
 .bss           0x00000000        0x0 C:/NXP/S32DS_ARM_v2018.R1/S32DS/arm_ewl2/lib/armv7e-m/__arm_start.o
 .text.__thumb_startup
                0x00000000       0x3c C:/NXP/S32DS_ARM_v2018.R1/S32DS/arm_ewl2/lib/armv7e-m/__arm_start.o
 .text.__iar_program_start
                0x00000000        0x4 C:/NXP/S32DS_ARM_v2018.R1/S32DS/arm_ewl2/lib/armv7e-m/__arm_start.o
 .bss.argv      0x00000000        0x4 C:/NXP/S32DS_ARM_v2018.R1/S32DS/arm_ewl2/lib/armv7e-m/__arm_start.o
 .debug_info    0x00000000      0x144 C:/NXP/S32DS_ARM_v2018.R1/S32DS/arm_ewl2/lib/armv7e-m/__arm_start.o
 .debug_abbrev  0x00000000       0xc0 C:/NXP/S32DS_ARM_v2018.R1/S32DS/arm_ewl2/lib/armv7e-m/__arm_start.o
 .debug_aranges
                0x00000000       0x28 C:/NXP/S32DS_ARM_v2018.R1/S32DS/arm_ewl2/lib/armv7e-m/__arm_start.o
 .debug_line    0x00000000       0x68 C:/NXP/S32DS_ARM_v2018.R1/S32DS/arm_ewl2/lib/armv7e-m/__arm_start.o
 .debug_str     0x00000000      0x270 C:/NXP/S32DS_ARM_v2018.R1/S32DS/arm_ewl2/lib/armv7e-m/__arm_start.o
 .comment       0x00000000       0x71 C:/NXP/S32DS_ARM_v2018.R1/S32DS/arm_ewl2/lib/armv7e-m/__arm_start.o
 .debug_frame   0x00000000       0x30 C:/NXP/S32DS_ARM_v2018.R1/S32DS/arm_ewl2/lib/armv7e-m/__arm_start.o
 .ARM.attributes
                0x00000000       0x33 C:/NXP/S32DS_ARM_v2018.R1/S32DS/arm_ewl2/lib/armv7e-m/__arm_start.o
 .group         0x00000000        0x8 ./src/main.o
 .group         0x00000000        0x8 ./src/main.o
 .group         0x00000000        0x8 ./src/main.o
 .group         0x00000000        0x8 ./src/main.o
 .group         0x00000000        0x8 ./src/main.o
 .group         0x00000000        0x8 ./src/main.o
 .group         0x00000000        0x8 ./src/main.o
 .group         0x00000000        0x8 ./src/main.o
 .group         0x00000000        0x8 ./src/main.o
 .group         0x00000000        0x8 ./src/main.o
 .group         0x00000000        0x8 ./src/main.o
 .group         0x00000000        0x8 ./src/main.o
 .group         0x00000000        0x8 ./src/main.o
 .group         0x00000000        0x8 ./src/main.o
 .group         0x00000000        0x8 ./src/main.o
 .group         0x00000000        0x8 ./src/main.o
 .group         0x00000000        0x8 ./src/main.o
 .group         0x00000000        0x8 ./src/main.o
 .group         0x00000000        0x8 ./src/main.o
 .group         0x00000000        0x8 ./src/main.o
 .group         0x00000000        0x8 ./src/main.o
 .group         0x00000000        0x8 ./src/main.o
 .group         0x00000000        0x8 ./src/main.o
 .group         0x00000000        0x8 ./src/main.o
 .text          0x00000000        0x0 ./src/main.o
 .data          0x00000000        0x0 ./src/main.o
 .bss           0x00000000        0x0 ./src/main.o
 .bss.idle_counter
                0x00000000        0x4 ./src/main.o
 .text.mainContent
                0x00000000       0xd4 ./src/main.o
 .group         0x00000000        0x8 ./src/clocks_and_modes.o
 .group         0x00000000        0x8 ./src/clocks_and_modes.o
 .group         0x00000000        0x8 ./src/clocks_and_modes.o
 .group         0x00000000        0x8 ./src/clocks_and_modes.o
 .group         0x00000000        0x8 ./src/clocks_and_modes.o
 .group         0x00000000        0x8 ./src/clocks_and_modes.o
 .group         0x00000000        0x8 ./src/clocks_and_modes.o
 .group         0x00000000        0x8 ./src/clocks_and_modes.o
 .group         0x00000000        0x8 ./src/clocks_and_modes.o
 .group         0x00000000        0x8 ./src/clocks_and_modes.o
 .group         0x00000000        0x8 ./src/clocks_and_modes.o
 .group         0x00000000        0x8 ./src/clocks_and_modes.o
 .group         0x00000000        0x8 ./src/clocks_and_modes.o
 .group         0x00000000        0x8 ./src/clocks_and_modes.o
 .text          0x00000000        0x0 ./src/clocks_and_modes.o
 .data          0x00000000        0x0 ./src/clocks_and_modes.o
 .bss           0x00000000        0x0 ./src/clocks_and_modes.o
 .debug_macro   0x00000000      0x868 ./src/clocks_and_modes.o
 .debug_macro   0x00000000       0x52 ./src/clocks_and_modes.o
 .debug_macro   0x00000000       0xa0 ./src/clocks_and_modes.o
 .debug_macro   0x00000000       0x16 ./src/clocks_and_modes.o
 .debug_macro   0x00000000       0x19 ./src/clocks_and_modes.o
 .debug_macro   0x00000000       0x64 ./src/clocks_and_modes.o
 .debug_macro   0x00000000      0x185 ./src/clocks_and_modes.o
 .debug_macro   0x00000000      0x140 ./src/clocks_and_modes.o
 .debug_macro   0x00000000       0x9d ./src/clocks_and_modes.o
 .debug_macro   0x00000000       0x10 ./src/clocks_and_modes.o
 .debug_macro   0x00000000      0x15b ./src/clocks_and_modes.o
 .debug_macro   0x00000000       0x28 ./src/clocks_and_modes.o
 .debug_macro   0x00000000       0x58 ./src/clocks_and_modes.o
 .debug_macro   0x00000000     0xdf8d ./src/clocks_and_modes.o
 .group         0x00000000        0x8 ./src/ProtoBuff.o
 .group         0x00000000        0x8 ./src/ProtoBuff.o
 .group         0x00000000        0x8 ./src/ProtoBuff.o
 .group         0x00000000        0x8 ./src/ProtoBuff.o
 .group         0x00000000        0x8 ./src/ProtoBuff.o
 .group         0x00000000        0x8 ./src/ProtoBuff.o
 .group         0x00000000        0x8 ./src/ProtoBuff.o
 .group         0x00000000        0x8 ./src/ProtoBuff.o
 .group         0x00000000        0x8 ./src/ProtoBuff.o
 .group         0x00000000        0x8 ./src/ProtoBuff.o
 .group         0x00000000        0x8 ./src/ProtoBuff.o
 .group         0x00000000        0x8 ./src/ProtoBuff.o
 .group         0x00000000        0x8 ./src/ProtoBuff.o
 .group         0x00000000        0x8 ./src/ProtoBuff.o
 .text          0x00000000        0x0 ./src/ProtoBuff.o
 .data          0x00000000        0x0 ./src/ProtoBuff.o
 .bss           0x00000000        0x0 ./src/ProtoBuff.o
 .text.ProtoBuff_init
                0x00000000        0xc ./src/ProtoBuff.o
 .debug_info    0x00000000       0x88 ./src/ProtoBuff.o
 .debug_abbrev  0x00000000       0x45 ./src/ProtoBuff.o
 .debug_aranges
                0x00000000       0x20 ./src/ProtoBuff.o
 .debug_ranges  0x00000000       0x10 ./src/ProtoBuff.o
 .debug_macro   0x00000000       0xba ./src/ProtoBuff.o
 .debug_macro   0x00000000      0x868 ./src/ProtoBuff.o
 .debug_macro   0x00000000       0x52 ./src/ProtoBuff.o
 .debug_macro   0x00000000       0xa0 ./src/ProtoBuff.o
 .debug_macro   0x00000000       0x16 ./src/ProtoBuff.o
 .debug_macro   0x00000000       0x19 ./src/ProtoBuff.o
 .debug_macro   0x00000000       0x64 ./src/ProtoBuff.o
 .debug_macro   0x00000000      0x185 ./src/ProtoBuff.o
 .debug_macro   0x00000000      0x140 ./src/ProtoBuff.o
 .debug_macro   0x00000000       0x9d ./src/ProtoBuff.o
 .debug_macro   0x00000000       0x10 ./src/ProtoBuff.o
 .debug_macro   0x00000000      0x15b ./src/ProtoBuff.o
 .debug_macro   0x00000000       0x28 ./src/ProtoBuff.o
 .debug_macro   0x00000000       0x58 ./src/ProtoBuff.o
 .debug_macro   0x00000000     0xdf8d ./src/ProtoBuff.o
 .debug_line    0x00000000      0x1d9 ./src/ProtoBuff.o
 .debug_str     0x00000000    0x5dc66 ./src/ProtoBuff.o
 .comment       0x00000000       0x71 ./src/ProtoBuff.o
 .debug_frame   0x00000000       0x30 ./src/ProtoBuff.o
 .ARM.attributes
                0x00000000       0x33 ./src/ProtoBuff.o
 .group         0x00000000        0x8 ./src/LPUART.o
 .group         0x00000000        0x8 ./src/LPUART.o
 .group         0x00000000        0x8 ./src/LPUART.o
 .group         0x00000000        0x8 ./src/LPUART.o
 .group         0x00000000        0x8 ./src/LPUART.o
 .group         0x00000000        0x8 ./src/LPUART.o
 .group         0x00000000        0x8 ./src/LPUART.o
 .group         0x00000000        0x8 ./src/LPUART.o
 .group         0x00000000        0x8 ./src/LPUART.o
 .group         0x00000000        0x8 ./src/LPUART.o
 .group         0x00000000        0x8 ./src/LPUART.o
 .group         0x00000000        0x8 ./src/LPUART.o
 .group         0x00000000        0x8 ./src/LPUART.o
 .group         0x00000000        0x8 ./src/LPUART.o
 .text          0x00000000        0x0 ./src/LPUART.o
 .data          0x00000000        0x0 ./src/LPUART.o
 .bss           0x00000000        0x0 ./src/LPUART.o
 .text.LPUART1_receive_and_echo_char
                0x00000000       0x28 ./src/LPUART.o
 .debug_macro   0x00000000      0x868 ./src/LPUART.o
 .debug_macro   0x00000000       0x52 ./src/LPUART.o
 .debug_macro   0x00000000       0xa0 ./src/LPUART.o
 .debug_macro   0x00000000       0x16 ./src/LPUART.o
 .debug_macro   0x00000000       0x19 ./src/LPUART.o
 .debug_macro   0x00000000       0x64 ./src/LPUART.o
 .debug_macro   0x00000000      0x185 ./src/LPUART.o
 .debug_macro   0x00000000      0x140 ./src/LPUART.o
 .debug_macro   0x00000000       0x9d ./src/LPUART.o
 .debug_macro   0x00000000       0x10 ./src/LPUART.o
 .debug_macro   0x00000000      0x15b ./src/LPUART.o
 .debug_macro   0x00000000       0x28 ./src/LPUART.o
 .debug_macro   0x00000000       0x58 ./src/LPUART.o
 .debug_macro   0x00000000     0xdf8d ./src/LPUART.o
 .group         0x00000000        0x8 ./src/LPSPI.o
 .group         0x00000000        0x8 ./src/LPSPI.o
 .group         0x00000000        0x8 ./src/LPSPI.o
 .group         0x00000000        0x8 ./src/LPSPI.o
 .group         0x00000000        0x8 ./src/LPSPI.o
 .group         0x00000000        0x8 ./src/LPSPI.o
 .group         0x00000000        0x8 ./src/LPSPI.o
 .group         0x00000000        0x8 ./src/LPSPI.o
 .group         0x00000000        0x8 ./src/LPSPI.o
 .group         0x00000000        0x8 ./src/LPSPI.o
 .group         0x00000000        0x8 ./src/LPSPI.o
 .group         0x00000000        0x8 ./src/LPSPI.o
 .group         0x00000000        0x8 ./src/LPSPI.o
 .group         0x00000000        0x8 ./src/LPSPI.o
 .group         0x00000000        0x8 ./src/LPSPI.o
 .text          0x00000000        0x0 ./src/LPSPI.o
 .data          0x00000000        0x0 ./src/LPSPI.o
 .bss           0x00000000        0x0 ./src/LPSPI.o
 .debug_info    0x00000000       0x6f ./src/LPSPI.o
 .debug_abbrev  0x00000000       0x29 ./src/LPSPI.o
 .debug_aranges
                0x00000000       0x18 ./src/LPSPI.o
 .debug_macro   0x00000000       0xb9 ./src/LPSPI.o
 .debug_macro   0x00000000      0x868 ./src/LPSPI.o
 .debug_macro   0x00000000       0x52 ./src/LPSPI.o
 .debug_macro   0x00000000       0xa0 ./src/LPSPI.o
 .debug_macro   0x00000000       0x16 ./src/LPSPI.o
 .debug_macro   0x00000000       0x19 ./src/LPSPI.o
 .debug_macro   0x00000000       0x64 ./src/LPSPI.o
 .debug_macro   0x00000000      0x185 ./src/LPSPI.o
 .debug_macro   0x00000000      0x140 ./src/LPSPI.o
 .debug_macro   0x00000000       0x9d ./src/LPSPI.o
 .debug_macro   0x00000000       0x10 ./src/LPSPI.o
 .debug_macro   0x00000000      0x15b ./src/LPSPI.o
 .debug_macro   0x00000000       0x28 ./src/LPSPI.o
 .debug_macro   0x00000000       0x58 ./src/LPSPI.o
 .debug_macro   0x00000000     0xdf8d ./src/LPSPI.o
 .debug_macro   0x00000000       0x10 ./src/LPSPI.o
 .debug_line    0x00000000      0x1c2 ./src/LPSPI.o
 .debug_str     0x00000000    0x5dc58 ./src/LPSPI.o
 .comment       0x00000000       0x71 ./src/LPSPI.o
 .ARM.attributes
                0x00000000       0x33 ./src/LPSPI.o
 .group         0x00000000        0x8 ./src/FlexCAN.o
 .group         0x00000000        0x8 ./src/FlexCAN.o
 .group         0x00000000        0x8 ./src/FlexCAN.o
 .group         0x00000000        0x8 ./src/FlexCAN.o
 .group         0x00000000        0x8 ./src/FlexCAN.o
 .group         0x00000000        0x8 ./src/FlexCAN.o
 .group         0x00000000        0x8 ./src/FlexCAN.o
 .group         0x00000000        0x8 ./src/FlexCAN.o
 .group         0x00000000        0x8 ./src/FlexCAN.o
 .group         0x00000000        0x8 ./src/FlexCAN.o
 .group         0x00000000        0x8 ./src/FlexCAN.o
 .group         0x00000000        0x8 ./src/FlexCAN.o
 .group         0x00000000        0x8 ./src/FlexCAN.o
 .group         0x00000000        0x8 ./src/FlexCAN.o
 .group         0x00000000        0x8 ./src/FlexCAN.o
 .text          0x00000000        0x0 ./src/FlexCAN.o
 .data          0x00000000        0x0 ./src/FlexCAN.o
 .bss           0x00000000        0x0 ./src/FlexCAN.o
 .text.FLEXCAN0_transmit_msg
                0x00000000       0xd0 ./src/FlexCAN.o
 .debug_macro   0x00000000      0x868 ./src/FlexCAN.o
 .debug_macro   0x00000000       0x52 ./src/FlexCAN.o
 .debug_macro   0x00000000       0xa0 ./src/FlexCAN.o
 .debug_macro   0x00000000       0x16 ./src/FlexCAN.o
 .debug_macro   0x00000000       0x19 ./src/FlexCAN.o
 .debug_macro   0x00000000       0x64 ./src/FlexCAN.o
 .debug_macro   0x00000000      0x185 ./src/FlexCAN.o
 .debug_macro   0x00000000      0x140 ./src/FlexCAN.o
 .debug_macro   0x00000000       0x9d ./src/FlexCAN.o
 .debug_macro   0x00000000       0x10 ./src/FlexCAN.o
 .debug_macro   0x00000000      0x15b ./src/FlexCAN.o
 .debug_macro   0x00000000       0x28 ./src/FlexCAN.o
 .debug_macro   0x00000000       0x58 ./src/FlexCAN.o
 .debug_macro   0x00000000     0xdf8d ./src/FlexCAN.o
 .debug_macro   0x00000000       0x10 ./src/FlexCAN.o
 .group         0x00000000        0x8 ./proto/simpleNano.pb.o
 .group         0x00000000        0x8 ./proto/simpleNano.pb.o
 .group         0x00000000        0x8 ./proto/simpleNano.pb.o
 .group         0x00000000        0x8 ./proto/simpleNano.pb.o
 .group         0x00000000        0x8 ./proto/simpleNano.pb.o
 .group         0x00000000        0x8 ./proto/simpleNano.pb.o
 .group         0x00000000        0x8 ./proto/simpleNano.pb.o
 .group         0x00000000        0x8 ./proto/simpleNano.pb.o
 .group         0x00000000        0x8 ./proto/simpleNano.pb.o
 .group         0x00000000        0x8 ./proto/simpleNano.pb.o
 .group         0x00000000        0x8 ./proto/simpleNano.pb.o
 .group         0x00000000        0x8 ./proto/simpleNano.pb.o
 .group         0x00000000        0x8 ./proto/simpleNano.pb.o
 .group         0x00000000        0x8 ./proto/simpleNano.pb.o
 .group         0x00000000        0x8 ./proto/simpleNano.pb.o
 .group         0x00000000        0x8 ./proto/simpleNano.pb.o
 .group         0x00000000        0x8 ./proto/simpleNano.pb.o
 .group         0x00000000        0x8 ./proto/simpleNano.pb.o
 .group         0x00000000        0x8 ./proto/simpleNano.pb.o
 .group         0x00000000        0x8 ./proto/simpleNano.pb.o
 .text          0x00000000        0x0 ./proto/simpleNano.pb.o
 .data          0x00000000        0x0 ./proto/simpleNano.pb.o
 .bss           0x00000000        0x0 ./proto/simpleNano.pb.o
 .debug_macro   0x00000000      0x868 ./proto/simpleNano.pb.o
 .debug_macro   0x00000000       0x52 ./proto/simpleNano.pb.o
 .debug_macro   0x00000000       0xa0 ./proto/simpleNano.pb.o
 .debug_macro   0x00000000       0x16 ./proto/simpleNano.pb.o
 .debug_macro   0x00000000       0x10 ./proto/simpleNano.pb.o
 .debug_macro   0x00000000       0x64 ./proto/simpleNano.pb.o
 .debug_macro   0x00000000      0x185 ./proto/simpleNano.pb.o
 .debug_macro   0x00000000      0x140 ./proto/simpleNano.pb.o
 .debug_macro   0x00000000       0x9d ./proto/simpleNano.pb.o
 .debug_macro   0x00000000       0x10 ./proto/simpleNano.pb.o
 .debug_macro   0x00000000      0x15b ./proto/simpleNano.pb.o
 .debug_macro   0x00000000       0x28 ./proto/simpleNano.pb.o
 .debug_macro   0x00000000       0x58 ./proto/simpleNano.pb.o
 .debug_macro   0x00000000       0x16 ./proto/simpleNano.pb.o
 .debug_macro   0x00000000       0x16 ./proto/simpleNano.pb.o
 .debug_macro   0x00000000       0x16 ./proto/simpleNano.pb.o
 .debug_macro   0x00000000       0x22 ./proto/simpleNano.pb.o
 .debug_macro   0x00000000       0x10 ./proto/simpleNano.pb.o
 .debug_macro   0x00000000      0x27a ./proto/simpleNano.pb.o
 .debug_macro   0x00000000       0x22 ./proto/simpleNano.pb.o
 .group         0x00000000        0x8 ./proto/pb_encode.o
 .group         0x00000000        0x8 ./proto/pb_encode.o
 .group         0x00000000        0x8 ./proto/pb_encode.o
 .group         0x00000000        0x8 ./proto/pb_encode.o
 .group         0x00000000        0x8 ./proto/pb_encode.o
 .group         0x00000000        0x8 ./proto/pb_encode.o
 .group         0x00000000        0x8 ./proto/pb_encode.o
 .group         0x00000000        0x8 ./proto/pb_encode.o
 .group         0x00000000        0x8 ./proto/pb_encode.o
 .group         0x00000000        0x8 ./proto/pb_encode.o
 .group         0x00000000        0x8 ./proto/pb_encode.o
 .group         0x00000000        0x8 ./proto/pb_encode.o
 .group         0x00000000        0x8 ./proto/pb_encode.o
 .group         0x00000000        0x8 ./proto/pb_encode.o
 .group         0x00000000        0x8 ./proto/pb_encode.o
 .group         0x00000000        0x8 ./proto/pb_encode.o
 .group         0x00000000        0x8 ./proto/pb_encode.o
 .group         0x00000000        0x8 ./proto/pb_encode.o
 .group         0x00000000        0x8 ./proto/pb_encode.o
 .group         0x00000000        0x8 ./proto/pb_encode.o
 .text          0x00000000        0x0 ./proto/pb_encode.o
 .data          0x00000000        0x0 ./proto/pb_encode.o
 .bss           0x00000000        0x0 ./proto/pb_encode.o
 .text.pb_encode_delimited
                0x00000000       0x20 ./proto/pb_encode.o
 .text.pb_encode_nullterminated
                0x00000000       0x44 ./proto/pb_encode.o
 .text.pb_get_encoded_size
                0x00000000       0x50 ./proto/pb_encode.o
 .debug_macro   0x00000000      0x868 ./proto/pb_encode.o
 .debug_macro   0x00000000       0x52 ./proto/pb_encode.o
 .debug_macro   0x00000000       0xa0 ./proto/pb_encode.o
 .debug_macro   0x00000000       0x16 ./proto/pb_encode.o
 .debug_macro   0x00000000       0x10 ./proto/pb_encode.o
 .debug_macro   0x00000000       0x64 ./proto/pb_encode.o
 .debug_macro   0x00000000      0x185 ./proto/pb_encode.o
 .debug_macro   0x00000000      0x140 ./proto/pb_encode.o
 .debug_macro   0x00000000       0x9d ./proto/pb_encode.o
 .debug_macro   0x00000000       0x10 ./proto/pb_encode.o
 .debug_macro   0x00000000      0x15b ./proto/pb_encode.o
 .debug_macro   0x00000000       0x28 ./proto/pb_encode.o
 .debug_macro   0x00000000       0x58 ./proto/pb_encode.o
 .debug_macro   0x00000000       0x16 ./proto/pb_encode.o
 .debug_macro   0x00000000       0x16 ./proto/pb_encode.o
 .debug_macro   0x00000000       0x16 ./proto/pb_encode.o
 .debug_macro   0x00000000       0x22 ./proto/pb_encode.o
 .debug_macro   0x00000000       0x10 ./proto/pb_encode.o
 .debug_macro   0x00000000      0x27a ./proto/pb_encode.o
 .debug_macro   0x00000000       0x10 ./proto/pb_encode.o
 .group         0x00000000        0x8 ./proto/pb_decode.o
 .group         0x00000000        0x8 ./proto/pb_decode.o
 .group         0x00000000        0x8 ./proto/pb_decode.o
 .group         0x00000000        0x8 ./proto/pb_decode.o
 .group         0x00000000        0x8 ./proto/pb_decode.o
 .group         0x00000000        0x8 ./proto/pb_decode.o
 .group         0x00000000        0x8 ./proto/pb_decode.o
 .group         0x00000000        0x8 ./proto/pb_decode.o
 .group         0x00000000        0x8 ./proto/pb_decode.o
 .group         0x00000000        0x8 ./proto/pb_decode.o
 .group         0x00000000        0x8 ./proto/pb_decode.o
 .group         0x00000000        0x8 ./proto/pb_decode.o
 .group         0x00000000        0x8 ./proto/pb_decode.o
 .group         0x00000000        0x8 ./proto/pb_decode.o
 .group         0x00000000        0x8 ./proto/pb_decode.o
 .group         0x00000000        0x8 ./proto/pb_decode.o
 .group         0x00000000        0x8 ./proto/pb_decode.o
 .group         0x00000000        0x8 ./proto/pb_decode.o
 .group         0x00000000        0x8 ./proto/pb_decode.o
 .text          0x00000000        0x0 ./proto/pb_decode.o
 .data          0x00000000        0x0 ./proto/pb_decode.o
 .bss           0x00000000        0x0 ./proto/pb_decode.o
 .rodata.PB_DECODERS
                0x00000000       0x28 ./proto/pb_decode.o
 .text.buf_read
                0x00000000       0x58 ./proto/pb_decode.o
 .rodata        0x00000000      0x172 ./proto/pb_decode.o
 .text.pb_read  0x00000000       0xd0 ./proto/pb_decode.o
 .text.pb_readbyte
                0x00000000       0x78 ./proto/pb_decode.o
 .text.pb_istream_from_buffer
                0x00000000       0x3c ./proto/pb_decode.o
 .text.pb_decode_varint32_eof
                0x00000000      0x118 ./proto/pb_decode.o
 .text.pb_decode_varint32
                0x00000000       0x20 ./proto/pb_decode.o
 .text.pb_decode_varint
                0x00000000       0xc4 ./proto/pb_decode.o
 .text.pb_skip_varint
                0x00000000       0x3c ./proto/pb_decode.o
 .text.pb_skip_string
                0x00000000       0x3c ./proto/pb_decode.o
 .text.pb_decode_tag
                0x00000000       0x70 ./proto/pb_decode.o
 .text.pb_skip_field
                0x00000000       0x84 ./proto/pb_decode.o
 .text.read_raw_value
                0x00000000       0xbc ./proto/pb_decode.o
 .text.pb_make_string_substream
                0x00000000       0x74 ./proto/pb_decode.o
 .text.pb_close_string_substream
                0x00000000       0x4c ./proto/pb_decode.o
 .text.decode_static_field
                0x00000000      0x238 ./proto/pb_decode.o
 .text.decode_pointer_field
                0x00000000       0x34 ./proto/pb_decode.o
 .text.decode_callback_field
                0x00000000      0x11c ./proto/pb_decode.o
 .text.decode_field
                0x00000000       0x78 ./proto/pb_decode.o
 .text.iter_from_extension
                0x00000000       0x4c ./proto/pb_decode.o
 .text.default_extension_decoder
                0x00000000       0x54 ./proto/pb_decode.o
 .text.decode_extension
                0x00000000       0x80 ./proto/pb_decode.o
 .text.find_extension_field
                0x00000000       0x3c ./proto/pb_decode.o
 .text.pb_field_set_to_default
                0x00000000      0x154 ./proto/pb_decode.o
 .text.pb_message_set_to_defaults
                0x00000000       0x44 ./proto/pb_decode.o
 .text.pb_decode_noinit
                0x00000000      0x2c4 ./proto/pb_decode.o
 .text.pb_decode
                0x00000000       0x2c ./proto/pb_decode.o
 .text.pb_decode_delimited_noinit
                0x00000000       0x64 ./proto/pb_decode.o
 .text.pb_decode_delimited
                0x00000000       0x64 ./proto/pb_decode.o
 .text.pb_decode_nullterminated
                0x00000000       0x20 ./proto/pb_decode.o
 .text.pb_decode_svarint
                0x00000000       0x74 ./proto/pb_decode.o
 .text.pb_decode_fixed32
                0x00000000       0x4c ./proto/pb_decode.o
 .text.pb_decode_fixed64
                0x00000000      0x124 ./proto/pb_decode.o
 .text.pb_dec_varint
                0x00000000      0x118 ./proto/pb_decode.o
 .text.pb_dec_uvarint
                0x00000000       0xfc ./proto/pb_decode.o
 .text.pb_dec_svarint
                0x00000000       0xfc ./proto/pb_decode.o
 .text.pb_dec_fixed32
                0x00000000       0x20 ./proto/pb_decode.o
 .text.pb_dec_fixed64
                0x00000000       0x20 ./proto/pb_decode.o
 .text.pb_dec_bytes
                0x00000000       0xe8 ./proto/pb_decode.o
 .text.pb_dec_string
                0x00000000       0xc8 ./proto/pb_decode.o
 .text.pb_dec_submessage
                0x00000000       0xb4 ./proto/pb_decode.o
 .text.pb_dec_fixed_length_bytes
                0x00000000       0xa4 ./proto/pb_decode.o
 .debug_info    0x00000000     0x15a4 ./proto/pb_decode.o
 .debug_abbrev  0x00000000      0x294 ./proto/pb_decode.o
 .debug_aranges
                0x00000000      0x160 ./proto/pb_decode.o
 .debug_ranges  0x00000000      0x150 ./proto/pb_decode.o
 .debug_macro   0x00000000      0x132 ./proto/pb_decode.o
 .debug_macro   0x00000000      0x868 ./proto/pb_decode.o
 .debug_macro   0x00000000       0x52 ./proto/pb_decode.o
 .debug_macro   0x00000000       0xa0 ./proto/pb_decode.o
 .debug_macro   0x00000000       0x16 ./proto/pb_decode.o
 .debug_macro   0x00000000       0x10 ./proto/pb_decode.o
 .debug_macro   0x00000000       0x64 ./proto/pb_decode.o
 .debug_macro   0x00000000      0x185 ./proto/pb_decode.o
 .debug_macro   0x00000000      0x140 ./proto/pb_decode.o
 .debug_macro   0x00000000       0x9d ./proto/pb_decode.o
 .debug_macro   0x00000000       0x10 ./proto/pb_decode.o
 .debug_macro   0x00000000      0x15b ./proto/pb_decode.o
 .debug_macro   0x00000000       0x28 ./proto/pb_decode.o
 .debug_macro   0x00000000       0x58 ./proto/pb_decode.o
 .debug_macro   0x00000000       0x16 ./proto/pb_decode.o
 .debug_macro   0x00000000       0x16 ./proto/pb_decode.o
 .debug_macro   0x00000000       0x16 ./proto/pb_decode.o
 .debug_macro   0x00000000       0x22 ./proto/pb_decode.o
 .debug_macro   0x00000000       0x10 ./proto/pb_decode.o
 .debug_macro   0x00000000      0x27a ./proto/pb_decode.o
 .debug_line    0x00000000      0xa12 ./proto/pb_decode.o
 .debug_str     0x00000000     0x621d ./proto/pb_decode.o
 .comment       0x00000000       0x71 ./proto/pb_decode.o
 .debug_frame   0x00000000      0x608 ./proto/pb_decode.o
 .ARM.attributes
                0x00000000       0x33 ./proto/pb_decode.o
 .group         0x00000000        0x8 ./proto/pb_common.o
 .group         0x00000000        0x8 ./proto/pb_common.o
 .group         0x00000000        0x8 ./proto/pb_common.o
 .group         0x00000000        0x8 ./proto/pb_common.o
 .group         0x00000000        0x8 ./proto/pb_common.o
 .group         0x00000000        0x8 ./proto/pb_common.o
 .group         0x00000000        0x8 ./proto/pb_common.o
 .group         0x00000000        0x8 ./proto/pb_common.o
 .group         0x00000000        0x8 ./proto/pb_common.o
 .group         0x00000000        0x8 ./proto/pb_common.o
 .group         0x00000000        0x8 ./proto/pb_common.o
 .group         0x00000000        0x8 ./proto/pb_common.o
 .group         0x00000000        0x8 ./proto/pb_common.o
 .group         0x00000000        0x8 ./proto/pb_common.o
 .group         0x00000000        0x8 ./proto/pb_common.o
 .group         0x00000000        0x8 ./proto/pb_common.o
 .group         0x00000000        0x8 ./proto/pb_common.o
 .group         0x00000000        0x8 ./proto/pb_common.o
 .group         0x00000000        0x8 ./proto/pb_common.o
 .text          0x00000000        0x0 ./proto/pb_common.o
 .data          0x00000000        0x0 ./proto/pb_common.o
 .bss           0x00000000        0x0 ./proto/pb_common.o
 .text.pb_field_iter_find
                0x00000000       0x4c ./proto/pb_common.o
 .debug_macro   0x00000000      0x868 ./proto/pb_common.o
 .debug_macro   0x00000000       0x52 ./proto/pb_common.o
 .debug_macro   0x00000000       0xa0 ./proto/pb_common.o
 .debug_macro   0x00000000       0x16 ./proto/pb_common.o
 .debug_macro   0x00000000       0x10 ./proto/pb_common.o
 .debug_macro   0x00000000       0x64 ./proto/pb_common.o
 .debug_macro   0x00000000      0x185 ./proto/pb_common.o
 .debug_macro   0x00000000      0x140 ./proto/pb_common.o
 .debug_macro   0x00000000       0x9d ./proto/pb_common.o
 .debug_macro   0x00000000       0x10 ./proto/pb_common.o
 .debug_macro   0x00000000      0x15b ./proto/pb_common.o
 .debug_macro   0x00000000       0x28 ./proto/pb_common.o
 .debug_macro   0x00000000       0x58 ./proto/pb_common.o
 .debug_macro   0x00000000       0x16 ./proto/pb_common.o
 .debug_macro   0x00000000       0x16 ./proto/pb_common.o
 .debug_macro   0x00000000       0x16 ./proto/pb_common.o
 .debug_macro   0x00000000       0x22 ./proto/pb_common.o
 .debug_macro   0x00000000       0x10 ./proto/pb_common.o
 .debug_macro   0x00000000      0x27a ./proto/pb_common.o
 .group         0x00000000        0x8 ./Project_Settings/Startup_Code/system_S32K144.o
 .group         0x00000000        0x8 ./Project_Settings/Startup_Code/system_S32K144.o
 .group         0x00000000        0x8 ./Project_Settings/Startup_Code/system_S32K144.o
 .group         0x00000000        0x8 ./Project_Settings/Startup_Code/system_S32K144.o
 .group         0x00000000        0x8 ./Project_Settings/Startup_Code/system_S32K144.o
 .group         0x00000000        0x8 ./Project_Settings/Startup_Code/system_S32K144.o
 .group         0x00000000        0x8 ./Project_Settings/Startup_Code/system_S32K144.o
 .group         0x00000000        0x8 ./Project_Settings/Startup_Code/system_S32K144.o
 .group         0x00000000        0x8 ./Project_Settings/Startup_Code/system_S32K144.o
 .group         0x00000000        0x8 ./Project_Settings/Startup_Code/system_S32K144.o
 .group         0x00000000        0x8 ./Project_Settings/Startup_Code/system_S32K144.o
 .group         0x00000000        0x8 ./Project_Settings/Startup_Code/system_S32K144.o
 .group         0x00000000        0x8 ./Project_Settings/Startup_Code/system_S32K144.o
 .group         0x00000000        0x8 ./Project_Settings/Startup_Code/system_S32K144.o
 .group         0x00000000        0x8 ./Project_Settings/Startup_Code/system_S32K144.o
 .group         0x00000000        0x8 ./Project_Settings/Startup_Code/system_S32K144.o
 .group         0x00000000        0x8 ./Project_Settings/Startup_Code/system_S32K144.o
 .group         0x00000000        0x8 ./Project_Settings/Startup_Code/system_S32K144.o
 .group         0x00000000        0x8 ./Project_Settings/Startup_Code/system_S32K144.o
 .text          0x00000000        0x0 ./Project_Settings/Startup_Code/system_S32K144.o
 .data          0x00000000        0x0 ./Project_Settings/Startup_Code/system_S32K144.o
 .bss           0x00000000        0x0 ./Project_Settings/Startup_Code/system_S32K144.o
 .data.SystemCoreClock
                0x00000000        0x4 ./Project_Settings/Startup_Code/system_S32K144.o
 .text.SystemCoreClockUpdate
                0x00000000       0xf4 ./Project_Settings/Startup_Code/system_S32K144.o
 .text.SystemSoftwareReset
                0x00000000       0x40 ./Project_Settings/Startup_Code/system_S32K144.o
 .rodata.fircFreq.5043
                0x00000000       0x10 ./Project_Settings/Startup_Code/system_S32K144.o
 .debug_macro   0x00000000      0x868 ./Project_Settings/Startup_Code/system_S32K144.o
 .debug_macro   0x00000000       0x52 ./Project_Settings/Startup_Code/system_S32K144.o
 .debug_macro   0x00000000       0xa0 ./Project_Settings/Startup_Code/system_S32K144.o
 .debug_macro   0x00000000       0x16 ./Project_Settings/Startup_Code/system_S32K144.o
 .debug_macro   0x00000000       0x19 ./Project_Settings/Startup_Code/system_S32K144.o
 .debug_macro   0x00000000       0x64 ./Project_Settings/Startup_Code/system_S32K144.o
 .debug_macro   0x00000000      0x185 ./Project_Settings/Startup_Code/system_S32K144.o
 .debug_macro   0x00000000      0x140 ./Project_Settings/Startup_Code/system_S32K144.o
 .debug_macro   0x00000000       0x9d ./Project_Settings/Startup_Code/system_S32K144.o
 .debug_macro   0x00000000       0x10 ./Project_Settings/Startup_Code/system_S32K144.o
 .debug_macro   0x00000000      0x15b ./Project_Settings/Startup_Code/system_S32K144.o
 .debug_macro   0x00000000       0x28 ./Project_Settings/Startup_Code/system_S32K144.o
 .debug_macro   0x00000000       0x58 ./Project_Settings/Startup_Code/system_S32K144.o
 .debug_macro   0x00000000     0xdf8d ./Project_Settings/Startup_Code/system_S32K144.o
 .debug_macro   0x00000000       0x22 ./Project_Settings/Startup_Code/system_S32K144.o
 .data          0x00000000        0x0 ./Project_Settings/Startup_Code/startup_S32K144.o
 .bss           0x00000000        0x0 ./Project_Settings/Startup_Code/startup_S32K144.o
 .group         0x00000000        0x8 ./Project_Settings/Startup_Code/startup.o
 .group         0x00000000        0x8 ./Project_Settings/Startup_Code/startup.o
 .group         0x00000000        0x8 ./Project_Settings/Startup_Code/startup.o
 .group         0x00000000        0x8 ./Project_Settings/Startup_Code/startup.o
 .group         0x00000000        0x8 ./Project_Settings/Startup_Code/startup.o
 .group         0x00000000        0x8 ./Project_Settings/Startup_Code/startup.o
 .group         0x00000000        0x8 ./Project_Settings/Startup_Code/startup.o
 .group         0x00000000        0x8 ./Project_Settings/Startup_Code/startup.o
 .group         0x00000000        0x8 ./Project_Settings/Startup_Code/startup.o
 .group         0x00000000        0x8 ./Project_Settings/Startup_Code/startup.o
 .group         0x00000000        0x8 ./Project_Settings/Startup_Code/startup.o
 .group         0x00000000        0x8 ./Project_Settings/Startup_Code/startup.o
 .group         0x00000000        0x8 ./Project_Settings/Startup_Code/startup.o
 .group         0x00000000        0x8 ./Project_Settings/Startup_Code/startup.o
 .group         0x00000000        0x8 ./Project_Settings/Startup_Code/startup.o
 .group         0x00000000        0x8 ./Project_Settings/Startup_Code/startup.o
 .group         0x00000000        0x8 ./Project_Settings/Startup_Code/startup.o
 .group         0x00000000        0x8 ./Project_Settings/Startup_Code/startup.o
 .text          0x00000000        0x0 ./Project_Settings/Startup_Code/startup.o
 .data          0x00000000        0x0 ./Project_Settings/Startup_Code/startup.o
 .bss           0x00000000        0x0 ./Project_Settings/Startup_Code/startup.o
 .debug_macro   0x00000000      0x868 ./Project_Settings/Startup_Code/startup.o
 .debug_macro   0x00000000       0x52 ./Project_Settings/Startup_Code/startup.o
 .debug_macro   0x00000000       0xa0 ./Project_Settings/Startup_Code/startup.o
 .debug_macro   0x00000000       0x16 ./Project_Settings/Startup_Code/startup.o
 .debug_macro   0x00000000       0x10 ./Project_Settings/Startup_Code/startup.o
 .debug_macro   0x00000000       0x6d ./Project_Settings/Startup_Code/startup.o
 .debug_macro   0x00000000       0x19 ./Project_Settings/Startup_Code/startup.o
 .debug_macro   0x00000000       0x64 ./Project_Settings/Startup_Code/startup.o
 .debug_macro   0x00000000      0x185 ./Project_Settings/Startup_Code/startup.o
 .debug_macro   0x00000000      0x140 ./Project_Settings/Startup_Code/startup.o
 .debug_macro   0x00000000       0x9d ./Project_Settings/Startup_Code/startup.o
 .debug_macro   0x00000000       0x10 ./Project_Settings/Startup_Code/startup.o
 .debug_macro   0x00000000      0x15b ./Project_Settings/Startup_Code/startup.o
 .debug_macro   0x00000000       0x28 ./Project_Settings/Startup_Code/startup.o
 .debug_macro   0x00000000       0x58 ./Project_Settings/Startup_Code/startup.o
 .debug_macro   0x00000000     0xdf8d ./Project_Settings/Startup_Code/startup.o
 .debug_macro   0x00000000      0x978 ./Project_Settings/Startup_Code/startup.o
 .debug_macro   0x00000000       0x22 ./Project_Settings/Startup_Code/startup.o
 .text          0x00000000        0x0 C:/NXP/S32DS_ARM_v2018.R1/S32DS/arm_ewl2/lib/armv7e-m\libc99.a(exit.o)
 .data          0x00000000        0x0 C:/NXP/S32DS_ARM_v2018.R1/S32DS/arm_ewl2/lib/armv7e-m\libc99.a(exit.o)
 .bss           0x00000000        0x0 C:/NXP/S32DS_ARM_v2018.R1/S32DS/arm_ewl2/lib/armv7e-m\libc99.a(exit.o)
 .text.exit     0x00000000       0x38 C:/NXP/S32DS_ARM_v2018.R1/S32DS/arm_ewl2/lib/armv7e-m\libc99.a(exit.o)
 .text._Exit    0x00000000        0x4 C:/NXP/S32DS_ARM_v2018.R1/S32DS/arm_ewl2/lib/armv7e-m\libc99.a(exit.o)
 .bss.__stdio_exit
                0x00000000        0x4 C:/NXP/S32DS_ARM_v2018.R1/S32DS/arm_ewl2/lib/armv7e-m\libc99.a(exit.o)
 .bss.__console_exit
                0x00000000        0x4 C:/NXP/S32DS_ARM_v2018.R1/S32DS/arm_ewl2/lib/armv7e-m\libc99.a(exit.o)
 .debug_info    0x00000000      0x111 C:/NXP/S32DS_ARM_v2018.R1/S32DS/arm_ewl2/lib/armv7e-m\libc99.a(exit.o)
 .debug_abbrev  0x00000000       0x91 C:/NXP/S32DS_ARM_v2018.R1/S32DS/arm_ewl2/lib/armv7e-m\libc99.a(exit.o)
 .debug_loc     0x00000000       0x5d C:/NXP/S32DS_ARM_v2018.R1/S32DS/arm_ewl2/lib/armv7e-m\libc99.a(exit.o)
 .debug_aranges
                0x00000000       0x28 C:/NXP/S32DS_ARM_v2018.R1/S32DS/arm_ewl2/lib/armv7e-m\libc99.a(exit.o)
 .debug_line    0x00000000       0xa4 C:/NXP/S32DS_ARM_v2018.R1/S32DS/arm_ewl2/lib/armv7e-m\libc99.a(exit.o)
 .debug_str     0x00000000      0x23c C:/NXP/S32DS_ARM_v2018.R1/S32DS/arm_ewl2/lib/armv7e-m\libc99.a(exit.o)
 .comment       0x00000000       0x71 C:/NXP/S32DS_ARM_v2018.R1/S32DS/arm_ewl2/lib/armv7e-m\libc99.a(exit.o)
 .debug_frame   0x00000000       0x3c C:/NXP/S32DS_ARM_v2018.R1/S32DS/arm_ewl2/lib/armv7e-m\libc99.a(exit.o)
 .ARM.attributes
                0x00000000       0x33 C:/NXP/S32DS_ARM_v2018.R1/S32DS/arm_ewl2/lib/armv7e-m\libc99.a(exit.o)
 .text          0x00000000        0x0 C:/NXP/S32DS_ARM_v2018.R1/S32DS/arm_ewl2/lib/armv7e-m\libc99.a(memcpy.o)
 .data          0x00000000        0x0 C:/NXP/S32DS_ARM_v2018.R1/S32DS/arm_ewl2/lib/armv7e-m\libc99.a(memcpy.o)
 .bss           0x00000000        0x0 C:/NXP/S32DS_ARM_v2018.R1/S32DS/arm_ewl2/lib/armv7e-m\libc99.a(memcpy.o)
 .text.memcpy   0x00000000       0x16 C:/NXP/S32DS_ARM_v2018.R1/S32DS/arm_ewl2/lib/armv7e-m\libc99.a(memcpy.o)
 .debug_info    0x00000000      0x111 C:/NXP/S32DS_ARM_v2018.R1/S32DS/arm_ewl2/lib/armv7e-m\libc99.a(memcpy.o)
 .debug_abbrev  0x00000000       0x95 C:/NXP/S32DS_ARM_v2018.R1/S32DS/arm_ewl2/lib/armv7e-m\libc99.a(memcpy.o)
 .debug_loc     0x00000000       0x77 C:/NXP/S32DS_ARM_v2018.R1/S32DS/arm_ewl2/lib/armv7e-m\libc99.a(memcpy.o)
 .debug_aranges
                0x00000000       0x20 C:/NXP/S32DS_ARM_v2018.R1/S32DS/arm_ewl2/lib/armv7e-m\libc99.a(memcpy.o)
 .debug_line    0x00000000       0x88 C:/NXP/S32DS_ARM_v2018.R1/S32DS/arm_ewl2/lib/armv7e-m\libc99.a(memcpy.o)
 .debug_str     0x00000000      0x217 C:/NXP/S32DS_ARM_v2018.R1/S32DS/arm_ewl2/lib/armv7e-m\libc99.a(memcpy.o)
 .comment       0x00000000       0x71 C:/NXP/S32DS_ARM_v2018.R1/S32DS/arm_ewl2/lib/armv7e-m\libc99.a(memcpy.o)
 .debug_frame   0x00000000       0x28 C:/NXP/S32DS_ARM_v2018.R1/S32DS/arm_ewl2/lib/armv7e-m\libc99.a(memcpy.o)
 .ARM.attributes
                0x00000000       0x33 C:/NXP/S32DS_ARM_v2018.R1/S32DS/arm_ewl2/lib/armv7e-m\libc99.a(memcpy.o)
 .text          0x00000000        0x0 C:/NXP/S32DS_ARM_v2018.R1/S32DS/arm_ewl2/lib/armv7e-m\libc99.a(memset.o)
 .data          0x00000000        0x0 C:/NXP/S32DS_ARM_v2018.R1/S32DS/arm_ewl2/lib/armv7e-m\libc99.a(memset.o)
 .bss           0x00000000        0x0 C:/NXP/S32DS_ARM_v2018.R1/S32DS/arm_ewl2/lib/armv7e-m\libc99.a(memset.o)
 .text.memset   0x00000000        0xc C:/NXP/S32DS_ARM_v2018.R1/S32DS/arm_ewl2/lib/armv7e-m\libc99.a(memset.o)
 .debug_info    0x00000000       0xec C:/NXP/S32DS_ARM_v2018.R1/S32DS/arm_ewl2/lib/armv7e-m\libc99.a(memset.o)
 .debug_abbrev  0x00000000       0x62 C:/NXP/S32DS_ARM_v2018.R1/S32DS/arm_ewl2/lib/armv7e-m\libc99.a(memset.o)
 .debug_loc     0x00000000       0x64 C:/NXP/S32DS_ARM_v2018.R1/S32DS/arm_ewl2/lib/armv7e-m\libc99.a(memset.o)
 .debug_aranges
                0x00000000       0x20 C:/NXP/S32DS_ARM_v2018.R1/S32DS/arm_ewl2/lib/armv7e-m\libc99.a(memset.o)
 .debug_line    0x00000000       0x8f C:/NXP/S32DS_ARM_v2018.R1/S32DS/arm_ewl2/lib/armv7e-m\libc99.a(memset.o)
 .debug_str     0x00000000      0x21f C:/NXP/S32DS_ARM_v2018.R1/S32DS/arm_ewl2/lib/armv7e-m\libc99.a(memset.o)
 .comment       0x00000000       0x71 C:/NXP/S32DS_ARM_v2018.R1/S32DS/arm_ewl2/lib/armv7e-m\libc99.a(memset.o)
 .debug_frame   0x00000000       0x28 C:/NXP/S32DS_ARM_v2018.R1/S32DS/arm_ewl2/lib/armv7e-m\libc99.a(memset.o)
 .ARM.attributes
                0x00000000       0x33 C:/NXP/S32DS_ARM_v2018.R1/S32DS/arm_ewl2/lib/armv7e-m\libc99.a(memset.o)
 .text          0x00000000        0x0 C:/NXP/S32DS_ARM_v2018.R1/S32DS/arm_ewl2/lib/armv7e-m\libc99.a(__filll_mem.o)
 .data          0x00000000        0x0 C:/NXP/S32DS_ARM_v2018.R1/S32DS/arm_ewl2/lib/armv7e-m\libc99.a(__filll_mem.o)
 .bss           0x00000000        0x0 C:/NXP/S32DS_ARM_v2018.R1/S32DS/arm_ewl2/lib/armv7e-m\libc99.a(__filll_mem.o)
 .text.__fill_mem
                0x00000000       0x7a C:/NXP/S32DS_ARM_v2018.R1/S32DS/arm_ewl2/lib/armv7e-m\libc99.a(__filll_mem.o)
 .debug_info    0x00000000      0x137 C:/NXP/S32DS_ARM_v2018.R1/S32DS/arm_ewl2/lib/armv7e-m\libc99.a(__filll_mem.o)
 .debug_abbrev  0x00000000       0x78 C:/NXP/S32DS_ARM_v2018.R1/S32DS/arm_ewl2/lib/armv7e-m\libc99.a(__filll_mem.o)
 .debug_loc     0x00000000      0x16b C:/NXP/S32DS_ARM_v2018.R1/S32DS/arm_ewl2/lib/armv7e-m\libc99.a(__filll_mem.o)
 .debug_aranges
                0x00000000       0x20 C:/NXP/S32DS_ARM_v2018.R1/S32DS/arm_ewl2/lib/armv7e-m\libc99.a(__filll_mem.o)
 .debug_line    0x00000000       0xb2 C:/NXP/S32DS_ARM_v2018.R1/S32DS/arm_ewl2/lib/armv7e-m\libc99.a(__filll_mem.o)
 .debug_str     0x00000000      0x231 C:/NXP/S32DS_ARM_v2018.R1/S32DS/arm_ewl2/lib/armv7e-m\libc99.a(__filll_mem.o)
 .comment       0x00000000       0x71 C:/NXP/S32DS_ARM_v2018.R1/S32DS/arm_ewl2/lib/armv7e-m\libc99.a(__filll_mem.o)
 .debug_frame   0x00000000       0x28 C:/NXP/S32DS_ARM_v2018.R1/S32DS/arm_ewl2/lib/armv7e-m\libc99.a(__filll_mem.o)
 .ARM.attributes
                0x00000000       0x33 C:/NXP/S32DS_ARM_v2018.R1/S32DS/arm_ewl2/lib/armv7e-m\libc99.a(__filll_mem.o)
 .text          0x00000000        0x0 C:/NXP/S32DS_ARM_v2018.R1/S32DS/arm_ewl2/lib/armv7e-m\librt.a(gcc_ctor_dtor.o)
 .data          0x00000000        0x0 C:/NXP/S32DS_ARM_v2018.R1/S32DS/arm_ewl2/lib/armv7e-m\librt.a(gcc_ctor_dtor.o)
 .bss           0x00000000        0x0 C:/NXP/S32DS_ARM_v2018.R1/S32DS/arm_ewl2/lib/armv7e-m\librt.a(gcc_ctor_dtor.o)
 .text.__init_cpp
                0x00000000       0x4c C:/NXP/S32DS_ARM_v2018.R1/S32DS/arm_ewl2/lib/armv7e-m\librt.a(gcc_ctor_dtor.o)
 .text.__fini_cpp
                0x00000000       0x34 C:/NXP/S32DS_ARM_v2018.R1/S32DS/arm_ewl2/lib/armv7e-m\librt.a(gcc_ctor_dtor.o)
 .text._ExitProcess
                0x00000000        0x2 C:/NXP/S32DS_ARM_v2018.R1/S32DS/arm_ewl2/lib/armv7e-m\librt.a(gcc_ctor_dtor.o)
 .bss.__dso_handle
                0x00000000        0x4 C:/NXP/S32DS_ARM_v2018.R1/S32DS/arm_ewl2/lib/armv7e-m\librt.a(gcc_ctor_dtor.o)
 .debug_info    0x00000000      0x14a C:/NXP/S32DS_ARM_v2018.R1/S32DS/arm_ewl2/lib/armv7e-m\librt.a(gcc_ctor_dtor.o)
 .debug_abbrev  0x00000000       0xae C:/NXP/S32DS_ARM_v2018.R1/S32DS/arm_ewl2/lib/armv7e-m\librt.a(gcc_ctor_dtor.o)
 .debug_loc     0x00000000       0x9d C:/NXP/S32DS_ARM_v2018.R1/S32DS/arm_ewl2/lib/armv7e-m\librt.a(gcc_ctor_dtor.o)
 .debug_aranges
                0x00000000       0x30 C:/NXP/S32DS_ARM_v2018.R1/S32DS/arm_ewl2/lib/armv7e-m\librt.a(gcc_ctor_dtor.o)
 .debug_line    0x00000000       0x74 C:/NXP/S32DS_ARM_v2018.R1/S32DS/arm_ewl2/lib/armv7e-m\librt.a(gcc_ctor_dtor.o)
 .debug_str     0x00000000      0x28e C:/NXP/S32DS_ARM_v2018.R1/S32DS/arm_ewl2/lib/armv7e-m\librt.a(gcc_ctor_dtor.o)
 .comment       0x00000000       0x71 C:/NXP/S32DS_ARM_v2018.R1/S32DS/arm_ewl2/lib/armv7e-m\librt.a(gcc_ctor_dtor.o)
 .debug_frame   0x00000000       0x50 C:/NXP/S32DS_ARM_v2018.R1/S32DS/arm_ewl2/lib/armv7e-m\librt.a(gcc_ctor_dtor.o)
 .ARM.attributes
                0x00000000       0x33 C:/NXP/S32DS_ARM_v2018.R1/S32DS/arm_ewl2/lib/armv7e-m\librt.a(gcc_ctor_dtor.o)
 .text          0x00000000        0x0 C:/NXP/S32DS_ARM_v2018.R1/S32DS/arm_ewl2/lib/armv7e-m\librt.a(__arm_eabi_init.o)
 .data          0x00000000        0x0 C:/NXP/S32DS_ARM_v2018.R1/S32DS/arm_ewl2/lib/armv7e-m\librt.a(__arm_eabi_init.o)
 .bss           0x00000000        0x0 C:/NXP/S32DS_ARM_v2018.R1/S32DS/arm_ewl2/lib/armv7e-m\librt.a(__arm_eabi_init.o)
 .text.__destroy_global_chain
                0x00000000       0x18 C:/NXP/S32DS_ARM_v2018.R1/S32DS/arm_ewl2/lib/armv7e-m\librt.a(__arm_eabi_init.o)
 .text.__register_global_object
                0x00000000       0x14 C:/NXP/S32DS_ARM_v2018.R1/S32DS/arm_ewl2/lib/armv7e-m\librt.a(__arm_eabi_init.o)
 .text.__cxa_atexit
                0x00000000       0x38 C:/NXP/S32DS_ARM_v2018.R1/S32DS/arm_ewl2/lib/armv7e-m\librt.a(__arm_eabi_init.o)
 .text.__aeabi_atexit
                0x00000000        0xa C:/NXP/S32DS_ARM_v2018.R1/S32DS/arm_ewl2/lib/armv7e-m\librt.a(__arm_eabi_init.o)
 .text.__register_atexit
                0x00000000        0x8 C:/NXP/S32DS_ARM_v2018.R1/S32DS/arm_ewl2/lib/armv7e-m\librt.a(__arm_eabi_init.o)
 .text.__init_registers
                0x00000000       0x20 C:/NXP/S32DS_ARM_v2018.R1/S32DS/arm_ewl2/lib/armv7e-m\librt.a(__arm_eabi_init.o)
 .text.__init_hardware
                0x00000000        0x4 C:/NXP/S32DS_ARM_v2018.R1/S32DS/arm_ewl2/lib/armv7e-m\librt.a(__arm_eabi_init.o)
 .text.__init_user
                0x00000000        0x4 C:/NXP/S32DS_ARM_v2018.R1/S32DS/arm_ewl2/lib/armv7e-m\librt.a(__arm_eabi_init.o)
 .bss.atexit_curr_func
                0x00000000        0x4 C:/NXP/S32DS_ARM_v2018.R1/S32DS/arm_ewl2/lib/armv7e-m\librt.a(__arm_eabi_init.o)
 .bss.atexit_funcs
                0x00000000      0x300 C:/NXP/S32DS_ARM_v2018.R1/S32DS/arm_ewl2/lib/armv7e-m\librt.a(__arm_eabi_init.o)
 .bss.__global_destructor_chain
                0x00000000        0x4 C:/NXP/S32DS_ARM_v2018.R1/S32DS/arm_ewl2/lib/armv7e-m\librt.a(__arm_eabi_init.o)
 .debug_info    0x00000000      0x2b3 C:/NXP/S32DS_ARM_v2018.R1/S32DS/arm_ewl2/lib/armv7e-m\librt.a(__arm_eabi_init.o)
 .debug_abbrev  0x00000000      0x1d3 C:/NXP/S32DS_ARM_v2018.R1/S32DS/arm_ewl2/lib/armv7e-m\librt.a(__arm_eabi_init.o)
 .debug_loc     0x00000000      0x144 C:/NXP/S32DS_ARM_v2018.R1/S32DS/arm_ewl2/lib/armv7e-m\librt.a(__arm_eabi_init.o)
 .debug_aranges
                0x00000000       0x58 C:/NXP/S32DS_ARM_v2018.R1/S32DS/arm_ewl2/lib/armv7e-m\librt.a(__arm_eabi_init.o)
 .debug_line    0x00000000      0x107 C:/NXP/S32DS_ARM_v2018.R1/S32DS/arm_ewl2/lib/armv7e-m\librt.a(__arm_eabi_init.o)
 .debug_str     0x00000000      0x2b5 C:/NXP/S32DS_ARM_v2018.R1/S32DS/arm_ewl2/lib/armv7e-m\librt.a(__arm_eabi_init.o)
 .comment       0x00000000       0x71 C:/NXP/S32DS_ARM_v2018.R1/S32DS/arm_ewl2/lib/armv7e-m\librt.a(__arm_eabi_init.o)
 .debug_frame   0x00000000       0xac C:/NXP/S32DS_ARM_v2018.R1/S32DS/arm_ewl2/lib/armv7e-m\librt.a(__arm_eabi_init.o)
 .ARM.attributes
                0x00000000       0x33 C:/NXP/S32DS_ARM_v2018.R1/S32DS/arm_ewl2/lib/armv7e-m\librt.a(__arm_eabi_init.o)
 .text          0x00000000        0x0 C:/NXP/S32DS_ARM_v2018.R1/S32DS/arm_ewl2/lib/armv7e-m\librt.a(ROMCopy.o)
 .data          0x00000000        0x0 C:/NXP/S32DS_ARM_v2018.R1/S32DS/arm_ewl2/lib/armv7e-m\librt.a(ROMCopy.o)
 .bss           0x00000000        0x0 C:/NXP/S32DS_ARM_v2018.R1/S32DS/arm_ewl2/lib/armv7e-m\librt.a(ROMCopy.o)
 .text.__flush_cache
                0x00000000        0x2 C:/NXP/S32DS_ARM_v2018.R1/S32DS/arm_ewl2/lib/armv7e-m\librt.a(ROMCopy.o)
 .text.__copy_rom_section
                0x00000000       0x42 C:/NXP/S32DS_ARM_v2018.R1/S32DS/arm_ewl2/lib/armv7e-m\librt.a(ROMCopy.o)
 .text.__copy_rom_sections_to_ram
                0x00000000       0x28 C:/NXP/S32DS_ARM_v2018.R1/S32DS/arm_ewl2/lib/armv7e-m\librt.a(ROMCopy.o)
 .debug_info    0x00000000      0x20e C:/NXP/S32DS_ARM_v2018.R1/S32DS/arm_ewl2/lib/armv7e-m\librt.a(ROMCopy.o)
 .debug_abbrev  0x00000000      0x11f C:/NXP/S32DS_ARM_v2018.R1/S32DS/arm_ewl2/lib/armv7e-m\librt.a(ROMCopy.o)
 .debug_loc     0x00000000       0xb3 C:/NXP/S32DS_ARM_v2018.R1/S32DS/arm_ewl2/lib/armv7e-m\librt.a(ROMCopy.o)
 .debug_aranges
                0x00000000       0x30 C:/NXP/S32DS_ARM_v2018.R1/S32DS/arm_ewl2/lib/armv7e-m\librt.a(ROMCopy.o)
 .debug_line    0x00000000       0x9e C:/NXP/S32DS_ARM_v2018.R1/S32DS/arm_ewl2/lib/armv7e-m\librt.a(ROMCopy.o)
 .debug_str     0x00000000      0x233 C:/NXP/S32DS_ARM_v2018.R1/S32DS/arm_ewl2/lib/armv7e-m\librt.a(ROMCopy.o)
 .comment       0x00000000       0x71 C:/NXP/S32DS_ARM_v2018.R1/S32DS/arm_ewl2/lib/armv7e-m\librt.a(ROMCopy.o)
 .debug_frame   0x00000000       0x48 C:/NXP/S32DS_ARM_v2018.R1/S32DS/arm_ewl2/lib/armv7e-m\librt.a(ROMCopy.o)
 .ARM.attributes
                0x00000000       0x33 C:/NXP/S32DS_ARM_v2018.R1/S32DS/arm_ewl2/lib/armv7e-m\librt.a(ROMCopy.o)
 .text          0x00000000        0x0 C:/NXP/S32DS_ARM_v2018.R1/S32DS/arm_ewl2/lib/armv7e-m/__arm_end.o
 .data          0x00000000        0x0 C:/NXP/S32DS_ARM_v2018.R1/S32DS/arm_ewl2/lib/armv7e-m/__arm_end.o
 .bss           0x00000000        0x0 C:/NXP/S32DS_ARM_v2018.R1/S32DS/arm_ewl2/lib/armv7e-m/__arm_end.o
 .text._ExitProcess
                0x00000000        0x2 C:/NXP/S32DS_ARM_v2018.R1/S32DS/arm_ewl2/lib/armv7e-m/__arm_end.o
 .debug_info    0x00000000       0x4e C:/NXP/S32DS_ARM_v2018.R1/S32DS/arm_ewl2/lib/armv7e-m/__arm_end.o
 .debug_abbrev  0x00000000       0x4a C:/NXP/S32DS_ARM_v2018.R1/S32DS/arm_ewl2/lib/armv7e-m/__arm_end.o
 .debug_aranges
                0x00000000       0x20 C:/NXP/S32DS_ARM_v2018.R1/S32DS/arm_ewl2/lib/armv7e-m/__arm_end.o
 .debug_line    0x00000000       0x45 C:/NXP/S32DS_ARM_v2018.R1/S32DS/arm_ewl2/lib/armv7e-m/__arm_end.o
 .debug_str     0x00000000      0x1a7 C:/NXP/S32DS_ARM_v2018.R1/S32DS/arm_ewl2/lib/armv7e-m/__arm_end.o
 .comment       0x00000000       0x71 C:/NXP/S32DS_ARM_v2018.R1/S32DS/arm_ewl2/lib/armv7e-m/__arm_end.o
 .debug_frame   0x00000000       0x20 C:/NXP/S32DS_ARM_v2018.R1/S32DS/arm_ewl2/lib/armv7e-m/__arm_end.o
 .ARM.attributes
                0x00000000       0x33 C:/NXP/S32DS_ARM_v2018.R1/S32DS/arm_ewl2/lib/armv7e-m/__arm_end.o

Memory Configuration

Name             Origin             Length             Attributes
m_interrupts     0x00000000         0x00000400         xr
m_flash_config   0x00000400         0x00000010         xr
m_text           0x00000410         0x0007fbf0         xr
m_data           0x1fff8000         0x00008000         rw
m_data_2         0x20000000         0x00007000         rw
*default*        0x00000000         0xffffffff

Linker script and memory map

LOAD C:/NXP/S32DS_ARM_v2018.R1/S32DS/arm_ewl2/lib/armv7e-m/__arm_start.o
LOAD ./src/main.o
LOAD ./src/clocks_and_modes.o
LOAD ./src/ProtoBuff.o
LOAD ./src/LPUART.o
LOAD ./src/LPSPI.o
LOAD ./src/FlexCAN.o
LOAD ./proto/simpleNano.pb.o
LOAD ./proto/pb_encode.o
LOAD ./proto/pb_decode.o
LOAD ./proto/pb_common.o
LOAD ./Project_Settings/Startup_Code/system_S32K144.o
LOAD ./Project_Settings/Startup_Code/startup_S32K144.o
LOAD ./Project_Settings/Startup_Code/startup.o
START GROUP
LOAD C:/NXP/S32DS_ARM_v2018.R1/S32DS/arm_ewl2/lib/armv7e-m\libc99.a
LOAD C:/NXP/S32DS_ARM_v2018.R1/S32DS/arm_ewl2/lib/armv7e-m\libm.a
LOAD c:/nxp/s32ds_arm_v2018.r1/cross_tools/gcc-arm-none-eabi-4_9/bin/../lib/gcc/arm-none-eabi/4.9.3/armv7e-m\libgcc.a
LOAD C:/NXP/S32DS_ARM_v2018.R1/S32DS/arm_ewl2/lib/armv7e-m\librt.a
LOAD C:/NXP/S32DS_ARM_v2018.R1/S32DS/arm_ewl2/lib/armv7e-m\libnoio.a
END GROUP
LOAD C:/NXP/S32DS_ARM_v2018.R1/S32DS/arm_ewl2/lib/armv7e-m/__arm_end.o
                0x00000400                HEAP_SIZE = DEFINED (__heap_size__)?__heap_size__:0x400
                0x00000400                STACK_SIZE = DEFINED (__stack_size__)?__stack_size__:0x400
                0x00000400                M_VECTOR_RAM_SIZE = DEFINED (__flash_vector_table__)?0x0:0x400

.interrupts     0x00000000      0x400
                0x00000000                __VECTOR_TABLE = .
                0x00000000                . = ALIGN (0x4)
 *(.isr_vector)
 .isr_vector    0x00000000      0x400 ./Project_Settings/Startup_Code/startup_S32K144.o
                0x00000000                __isr_vector
                0x00000400                . = ALIGN (0x4)

.flash_config   0x00000400       0x10
                0x00000400                . = ALIGN (0x4)
 *(.FlashConfig)
 .FlashConfig   0x00000400       0x10 ./Project_Settings/Startup_Code/startup_S32K144.o
                0x00000410                . = ALIGN (0x4)

.text           0x00000410     0x1b70
                0x00000410                . = ALIGN (0x4)
 *(.text)
 .text          0x00000410       0x44 ./Project_Settings/Startup_Code/startup_S32K144.o
                0x00000410                Reset_Handler
                0x00000450                DebugMon_Handler
                0x00000450                Reserved88_IRQHandler
                0x00000450                CAN0_ORed_IRQHandler
                0x00000450                HardFault_Handler
                0x00000450                Reserved86_IRQHandler
                0x00000450                Reserved103_IRQHandler
                0x00000450                SysTick_Handler
                0x00000450                FTM2_Ovf_Reload_IRQHandler
                0x00000450                Reserved50_IRQHandler
                0x00000450                FTFC_Fault_IRQHandler
                0x00000450                FTM0_Ch6_Ch7_IRQHandler
                0x00000450                Reserved114_IRQHandler
                0x00000450                PendSV_Handler
                0x00000450                NMI_Handler
                0x00000450                Reserved89_IRQHandler
                0x00000450                ERM_double_fault_IRQHandler
                0x00000450                DMA2_IRQHandler
                0x00000450                Reserved59_IRQHandler
                0x00000450                Reserved99_IRQHandler
                0x00000450                FTM3_Ch6_Ch7_IRQHandler
                0x00000450                CAN2_ORed_0_15_MB_IRQHandler
                0x00000450                LPIT0_Ch3_IRQHandler
                0x00000450                Reserved92_IRQHandler
                0x00000450                FTM0_Ch4_Ch5_IRQHandler
                0x00000450                CAN1_Error_IRQHandler
                0x00000450                FTM3_Ch0_Ch1_IRQHandler
                0x00000450                SWI_IRQHandler
                0x00000450                ADC0_IRQHandler
                0x00000450                FTM2_Ch4_Ch5_IRQHandler
                0x00000450                UsageFault_Handler
                0x00000450                FTM0_Ovf_Reload_IRQHandler
                0x00000450                DefaultISR
                0x00000450                DMA9_IRQHandler
                0x00000450                Reserved58_IRQHandler
                0x00000450                CAN1_ORed_0_15_MB_IRQHandler
                0x00000450                FTM1_Ch2_Ch3_IRQHandler
                0x00000450                DMA14_IRQHandler
                0x00000450                Reserved82_IRQHandler
                0x00000450                CAN0_ORed_16_31_MB_IRQHandler
                0x00000450                LPI2C0_Slave_IRQHandler
                0x00000450                Reserved71_IRQHandler
                0x00000450                PORTD_IRQHandler
                0x00000450                Reserved69_IRQHandler
                0x00000450                PORTB_IRQHandler
                0x00000450                Reserved70_IRQHandler
                0x00000450                ADC1_IRQHandler
                0x00000450                FTM2_Ch2_Ch3_IRQHandler
                0x00000450                Reserved53_IRQHandler
                0x00000450                DMA5_IRQHandler
                0x00000450                RTC_IRQHandler
                0x00000450                PDB0_IRQHandler
                0x00000450                Reserved54_IRQHandler
                0x00000450                FTM2_Ch6_Ch7_IRQHandler
                0x00000450                FTM3_Ch2_Ch3_IRQHandler
                0x00000450                FTM2_Ch0_Ch1_IRQHandler
                0x00000450                LPSPI1_IRQHandler
                0x00000450                LPUART1_RxTx_IRQHandler
                0x00000450                RTC_Seconds_IRQHandler
                0x00000450                CAN2_ORed_IRQHandler
                0x00000450                Reserved72_IRQHandler
                0x00000450                Reserved110_IRQHandler
                0x00000450                DMA11_IRQHandler
                0x00000450                Reserved107_IRQHandler
                0x00000450                Read_Collision_IRQHandler
                0x00000450                CAN2_Error_IRQHandler
                0x00000450                FTFC_IRQHandler
                0x00000450                DMA7_IRQHandler
                0x00000450                FTM1_Ch6_Ch7_IRQHandler
                0x00000450                Reserved105_IRQHandler
                0x00000450                LPIT0_Ch1_IRQHandler
                0x00000450                FTM1_Ch4_Ch5_IRQHandler
                0x00000450                FTM3_Ovf_Reload_IRQHandler
                0x00000450                LPUART2_RxTx_IRQHandler
                0x00000450                LPSPI0_IRQHandler
                0x00000450                WDOG_EWM_IRQHandler
                0x00000450                MemManage_Handler
                0x00000450                Reserved90_IRQHandler
                0x00000450                Reserved83_IRQHandler
                0x00000450                FTM0_Fault_IRQHandler
                0x00000450                Reserved48_IRQHandler
                0x00000450                SVC_Handler
                0x00000450                ERM_single_fault_IRQHandler
                0x00000450                FTM2_Fault_IRQHandler
                0x00000450                FTM0_Ch2_Ch3_IRQHandler
                0x00000450                DMA13_IRQHandler
                0x00000450                FTM0_Ch0_Ch1_IRQHandler
                0x00000450                FTM3_Fault_IRQHandler
                0x00000450                RCM_IRQHandler
                0x00000450                DMA3_IRQHandler
                0x00000450                Reserved100_IRQHandler
                0x00000450                DMA0_IRQHandler
                0x00000450                Reserved91_IRQHandler
                0x00000450                CAN1_ORed_IRQHandler
                0x00000450                DMA15_IRQHandler
                0x00000450                SCG_IRQHandler
                0x00000450                PDB1_IRQHandler
                0x00000450                Reserved81_IRQHandler
                0x00000450                Reserved46_IRQHandler
                0x00000450                Reserved45_IRQHandler
                0x00000450                CAN0_Error_IRQHandler
                0x00000450                Reserved112_IRQHandler
                0x00000450                LPI2C0_Master_IRQHandler
                0x00000450                DMA4_IRQHandler
                0x00000450                FTM1_Fault_IRQHandler
                0x00000450                Reserved106_IRQHandler
                0x00000450                DMA_Error_IRQHandler
                0x00000450                LVD_LVW_IRQHandler
                0x00000450                LPIT0_Ch2_IRQHandler
                0x00000450                PORTA_IRQHandler
                0x00000450                MCM_IRQHandler
                0x00000450                LPSPI2_IRQHandler
                0x00000450                DMA12_IRQHandler
                0x00000450                FTM3_Ch4_Ch5_IRQHandler
                0x00000450                CAN0_ORed_0_15_MB_IRQHandler
                0x00000450                PORTE_IRQHandler
                0x00000450                LPUART0_RxTx_IRQHandler
                0x00000450                LPTMR0_IRQHandler
                0x00000450                BusFault_Handler
                0x00000450                Reserved87_IRQHandler
                0x00000450                FTM1_Ovf_Reload_IRQHandler
                0x00000450                DMA8_IRQHandler
                0x00000450                Reserved93_IRQHandler
                0x00000450                DMA10_IRQHandler
                0x00000450                CAN0_Wake_Up_IRQHandler
                0x00000450                CMP0_IRQHandler
                0x00000450                Reserved52_IRQHandler
                0x00000450                PORTC_IRQHandler
                0x00000450                DMA6_IRQHandler
                0x00000450                FTM1_Ch0_Ch1_IRQHandler
                0x00000450                FLEXIO_IRQHandler
                0x00000450                DMA1_IRQHandler
                0x00000450                Reserved113_IRQHandler
 *(.text*)
 .text.NVIC_init_IRQs
                0x00000454       0x2c ./src/main.o
                0x00000454                NVIC_init_IRQs
 .text.WDOG_disable
                0x00000480       0x2c ./src/main.o
                0x00000480                WDOG_disable
 .text.PORT_init
                0x000004ac       0xa8 ./src/main.o
                0x000004ac                PORT_init
 .text.LPIT0_init
                0x00000554       0x4c ./src/main.o
                0x00000554                LPIT0_init
 .text.main     0x000005a0       0xa8 ./src/main.o
                0x000005a0                main
 .text.LPIT0_Ch0_IRQHandler
                0x00000648       0x4c ./src/main.o
                0x00000648                LPIT0_Ch0_IRQHandler
 .text.SOSC_init_8MHz
                0x00000694       0x4c ./src/clocks_and_modes.o
                0x00000694                SOSC_init_8MHz
 .text.SPLL_init_160MHz
                0x000006e0       0x64 ./src/clocks_and_modes.o
                0x000006e0                SPLL_init_160MHz
 .text.NormalRUNmode_80MHz
                0x00000744       0x2c ./src/clocks_and_modes.o
                0x00000744                NormalRUNmode_80MHz
 .text.LPUART1_init
                0x00000770       0x48 ./src/LPUART.o
                0x00000770                LPUART1_init
 .text.LPUART1_transmit_char
                0x000007b8       0x30 ./src/LPUART.o
                0x000007b8                LPUART1_transmit_char
 .text.LPUART1_transmit_string
                0x000007e8       0x34 ./src/LPUART.o
                0x000007e8                LPUART1_transmit_string
 .text.LPUART1_receive_char
                0x0000081c       0x30 ./src/LPUART.o
                0x0000081c                LPUART1_receive_char
 .text.FLEXCAN0_init
                0x0000084c       0xe8 ./src/FlexCAN.o
                0x0000084c                FLEXCAN0_init
 .text.FLEXCAN0_receive_msg
                0x00000934      0x194 ./src/FlexCAN.o
                0x00000934                FLEXCAN0_receive_msg
 .text.clearRXDATA
                0x00000ac8       0x2c ./src/FlexCAN.o
                0x00000ac8                clearRXDATA
 .text.buf_write
                0x00000af4       0x50 ./proto/pb_encode.o
 .text.pb_ostream_from_buffer
                0x00000b44       0x40 ./proto/pb_encode.o
                0x00000b44                pb_ostream_from_buffer
 .text.pb_write
                0x00000b84       0x8c ./proto/pb_encode.o
                0x00000b84                pb_write
 .text.encode_array
                0x00000c10      0x210 ./proto/pb_encode.o
 .text.pb_check_proto3_default_value
                0x00000e20      0x1a0 ./proto/pb_encode.o
 .text.encode_basic_field
                0x00000fc0      0x1e4 ./proto/pb_encode.o
 .text.encode_callback_field
                0x000011a4       0x5c ./proto/pb_encode.o
 .text.encode_field
                0x00001200       0x60 ./proto/pb_encode.o
 .text.default_extension_encoder
                0x00001260       0x48 ./proto/pb_encode.o
 .text.encode_extension_field
                0x000012a8       0x64 ./proto/pb_encode.o
 .text.pb_const_cast
                0x0000130c       0x1c ./proto/pb_encode.o
 .text.pb_encode
                0x00001328       0x94 ./proto/pb_encode.o
                0x00001328                pb_encode
 .text.pb_encode_varint
                0x000013bc       0xa0 ./proto/pb_encode.o
                0x000013bc                pb_encode_varint
 .text.pb_encode_svarint
                0x0000145c       0x54 ./proto/pb_encode.o
                0x0000145c                pb_encode_svarint
 .text.pb_encode_fixed32
                0x000014b0       0x48 ./proto/pb_encode.o
                0x000014b0                pb_encode_fixed32
 .text.pb_encode_fixed64
                0x000014f8       0xc4 ./proto/pb_encode.o
                0x000014f8                pb_encode_fixed64
 .text.pb_encode_tag
                0x000015bc       0x44 ./proto/pb_encode.o
                0x000015bc                pb_encode_tag
 .text.pb_encode_tag_for_field
                0x00001600       0x94 ./proto/pb_encode.o
                0x00001600                pb_encode_tag_for_field
 .text.pb_encode_string
                0x00001694       0x40 ./proto/pb_encode.o
                0x00001694                pb_encode_string
 .text.pb_encode_submessage
                0x000016d4      0x11c ./proto/pb_encode.o
                0x000016d4                pb_encode_submessage
 .text.pb_enc_varint
                0x000017f0       0xa4 ./proto/pb_encode.o
 .text.pb_enc_uvarint
                0x00001894       0xa4 ./proto/pb_encode.o
 .text.pb_enc_svarint
                0x00001938       0xa4 ./proto/pb_encode.o
 .text.pb_enc_fixed64
                0x000019dc       0x20 ./proto/pb_encode.o
 .text.pb_enc_fixed32
                0x000019fc       0x20 ./proto/pb_encode.o
 .text.pb_enc_bytes
                0x00001a1c       0x7c ./proto/pb_encode.o
 .text.pb_enc_string
                0x00001a98       0x6c ./proto/pb_encode.o
 .text.pb_enc_submessage
                0x00001b04       0x4c ./proto/pb_encode.o
 .text.pb_enc_fixed_length_bytes
                0x00001b50       0x24 ./proto/pb_encode.o
 .text.pb_field_iter_begin
                0x00001b74       0x64 ./proto/pb_common.o
                0x00001b74                pb_field_iter_begin
 .text.pb_field_iter_next
                0x00001bd8       0xf4 ./proto/pb_common.o
                0x00001bd8                pb_field_iter_next
 .text.SystemInit
                0x00001ccc       0x30 ./Project_Settings/Startup_Code/system_S32K144.o
                0x00001ccc                SystemInit
 .text.init_data_bss
                0x00001cfc       0xf4 ./Project_Settings/Startup_Code/startup.o
                0x00001cfc                init_data_bss
 *(.rodata)
 .rodata        0x00001df0       0x27 ./src/main.o
 *fill*         0x00001e17        0x1 
 .rodata        0x00001e18       0x5c ./src/FlexCAN.o
 .rodata        0x00001e74       0xc1 ./proto/pb_encode.o
 *(.rodata*)
 *fill*         0x00001f35        0x3 
 .rodata.nanoPB_simpleNano_fields
                0x00001f38       0x1e ./proto/simpleNano.pb.o
                0x00001f38                nanoPB_simpleNano_fields
 *fill*         0x00001f56        0x2 
 .rodata.PB_ENCODERS
                0x00001f58       0x28 ./proto/pb_encode.o
 *(.glue_7)
 .glue_7        0x00000000        0x0 linker stubs
 *(.glue_7t)
 .glue_7t       0x00000000        0x0 linker stubs
 *(.eh_frame)
 *(.init)
 *(.fini)
                0x00001f80                . = ALIGN (0x4)

.vfp11_veneer   0x00001f80        0x0
 .vfp11_veneer  0x00000000        0x0 linker stubs

.v4_bx          0x00001f80        0x0
 .v4_bx         0x00000000        0x0 linker stubs

.iplt           0x00001f80        0x0
 .iplt          0x00000000        0x0 C:/NXP/S32DS_ARM_v2018.R1/S32DS/arm_ewl2/lib/armv7e-m/__arm_start.o

.rel.dyn        0x00001f80        0x0
 .rel.iplt      0x00000000        0x0 C:/NXP/S32DS_ARM_v2018.R1/S32DS/arm_ewl2/lib/armv7e-m/__arm_start.o

.ARM.extab
 *(.ARM.extab* .gnu.linkonce.armextab.*)

.ARM            0x00001f80        0x0
                0x00001f80                __exidx_start = .
 *(.ARM.exidx*)
                0x00001f80                __exidx_end = .

.ctors          0x00001f80        0x0
                0x00001f80                __CTOR_LIST__ = .
 *crtbegin.o(.ctors)
 *crtbegin?.o(.ctors)
 *(EXCLUDE_FILE(*crtend.o *crtend?.o) .ctors)
 *(SORT(.ctors.*))
 *(.ctors)
                0x00001f80                __CTOR_END__ = .

.dtors          0x00001f80        0x0
                0x00001f80                __DTOR_LIST__ = .
 *crtbegin.o(.dtors)
 *crtbegin?.o(.dtors)
 *(EXCLUDE_FILE(*crtend.o *crtend?.o) .dtors)
 *(SORT(.dtors.*))
 *(.dtors)
                0x00001f80                __DTOR_END__ = .

.preinit_array  0x00001f80        0x0
                0x00001f80                PROVIDE (__preinit_array_start, .)
 *(.preinit_array*)
                0x00001f80                PROVIDE (__preinit_array_end, .)

.init_array     0x00001f80        0x0
                0x00001f80                PROVIDE (__init_array_start, .)
 *(SORT(.init_array.*))
 *(.init_array*)
                0x00001f80                PROVIDE (__init_array_end, .)

.fini_array     0x00001f80        0x0
                0x00001f80                PROVIDE (__fini_array_start, .)
 *(SORT(.fini_array.*))
 *(.fini_array*)
                0x00001f80                PROVIDE (__fini_array_end, .)
                0x00001f80                __etext = .
                0x00001f80                __DATA_ROM = .

.interrupts_ram
                0x1fff8000      0x400
                0x1fff8000                . = ALIGN (0x4)
                0x1fff8000                __VECTOR_RAM__ = .
                0x1fff8000                __interrupts_ram_start__ = .
 *(.m_interrupts_ram)
                0x1fff8400                . = (. + M_VECTOR_RAM_SIZE)
 *fill*         0x1fff8000      0x400 
                0x1fff8400                . = ALIGN (0x4)
                0x1fff8400                __interrupts_ram_end__ = .
                0x1fff8000                __VECTOR_RAM = DEFINED (__flash_vector_table__)?ORIGIN (m_interrupts):__VECTOR_RAM__
                0x00000400                __RAM_VECTOR_TABLE_SIZE = DEFINED (__flash_vector_table__)?0x0:(__interrupts_ram_end__ - __interrupts_ram_start__)

.data           0x1fff8400        0x0 load address 0x00001f80
                0x1fff8400                . = ALIGN (0x4)
                0x1fff8400                __DATA_RAM = .
                0x1fff8400                __data_start__ = .
 *(.data)
 *(.data*)
 *(.jcr*)
                0x1fff8400                . = ALIGN (0x4)
                0x1fff8400                __data_end__ = .
                0x00001f80                __DATA_END = (__DATA_ROM + (__data_end__ - __data_start__))
                0x00001f80                __CODE_ROM = __DATA_END

.igot.plt       0x1fff8400        0x0
 .igot.plt      0x00000000        0x0 C:/NXP/S32DS_ARM_v2018.R1/S32DS/arm_ewl2/lib/armv7e-m/__arm_start.o

.code           0x1fff8400        0x0 load address 0x00001f80
                0x1fff8400                . = ALIGN (0x4)
                0x1fff8400                __CODE_RAM = .
                0x1fff8400                __code_start__ = .
 *(.code_ram)
                0x1fff8400                . = ALIGN (0x4)
                0x1fff8400                __code_end__ = .
                0x00001f80                __CODE_END = (__CODE_ROM + (__code_end__ - __code_start__))

.customSectionBlock
 *(.customSection)

.bss            0x20000000       0x24
                0x20000000                . = ALIGN (0x4)
                0x20000000                __BSS_START = .
                0x20000000                __bss_start__ = .
 *(.bss)
 *(.bss*)
 .bss.lpit0_ch0_flag_counter
                0x20000000        0x4 ./src/main.o
                0x20000000                lpit0_ch0_flag_counter
 .bss.endStatus
                0x20000004        0x4 ./src/FlexCAN.o
                0x20000004                endStatus
 .bss.messageDisplayed
                0x20000008        0x4 ./src/FlexCAN.o
                0x20000008                messageDisplayed
 *(COMMON)
 COMMON         0x2000000c       0x18 ./src/FlexCAN.o
                0x2000000c                RxDATA
                0x20000014                RxID
                0x20000018                RxLENGTH
                0x2000001c                RxCODE
                0x20000020                RxTIMESTAMP
                0x20000024                . = ALIGN (0x4)
                0x20000024                __bss_end__ = .
                0x20000024                __BSS_END = .

.heap           0x20000024      0x404
                0x20000028                . = ALIGN (0x8)
 *fill*         0x20000024        0x4 
                0x20000028                __end__ = .
                0x20000028                PROVIDE (end, .)
                0x20000028                PROVIDE (_end, .)
                0x20000028                PROVIDE (__end, .)
                0x20000028                __HeapBase = .
                0x20000428                . = (. + HEAP_SIZE)
 *fill*         0x20000028      0x400 
                0x20000428                __HeapLimit = .
                0x20000428                __heap_limit = .

.stack          0x20000428      0x400
                0x20000428                . = ALIGN (0x8)
                0x20000828                . = (. + STACK_SIZE)
 *fill*         0x20000428      0x400 
                0x20007000                __StackTop = (ORIGIN (m_data_2) + 0x7000)
                0x20006c00                __StackLimit = (__StackTop - STACK_SIZE)
                0x20007000                PROVIDE (__stack, __StackTop)

.ARM.attributes
                0x00000000       0x31
 *(.ARM.attributes)
 .ARM.attributes
                0x00000000       0x33 ./src/main.o
 .ARM.attributes
                0x00000033       0x33 ./src/clocks_and_modes.o
 .ARM.attributes
                0x00000066       0x33 ./src/LPUART.o
 .ARM.attributes
                0x00000099       0x33 ./src/FlexCAN.o
 .ARM.attributes
                0x000000cc       0x33 ./proto/simpleNano.pb.o
 .ARM.attributes
                0x000000ff       0x33 ./proto/pb_encode.o
 .ARM.attributes
                0x00000132       0x33 ./proto/pb_common.o
 .ARM.attributes
                0x00000165       0x33 ./Project_Settings/Startup_Code/system_S32K144.o
 .ARM.attributes
                0x00000198       0x1b ./Project_Settings/Startup_Code/startup_S32K144.o
 .ARM.attributes
                0x000001b3       0x33 ./Project_Settings/Startup_Code/startup.o
                0x00000001                ASSERT ((__StackLimit >= __HeapLimit), region m_data_2 overflowed with stack and heap)
OUTPUT(NIBBA.elf elf32-littlearm)

.debug_info     0x00000000     0x333e
 .debug_info    0x00000000      0xa78 ./src/main.o
 .debug_info    0x00000a78      0x269 ./src/clocks_and_modes.o
 .debug_info    0x00000ce1      0x231 ./src/LPUART.o
 .debug_info    0x00000f12      0x5de ./src/FlexCAN.o
 .debug_info    0x000014f0      0x18f ./proto/simpleNano.pb.o
 .debug_info    0x0000167f     0x10b3 ./proto/pb_encode.o
 .debug_info    0x00002732      0x28a ./proto/pb_common.o
 .debug_info    0x000029bc      0x500 ./Project_Settings/Startup_Code/system_S32K144.o
 .debug_info    0x00002ebc       0x97 ./Project_Settings/Startup_Code/startup_S32K144.o
 .debug_info    0x00002f53      0x3eb ./Project_Settings/Startup_Code/startup.o

.debug_abbrev   0x00000000      0xb96
 .debug_abbrev  0x00000000      0x1e1 ./src/main.o
 .debug_abbrev  0x000001e1       0xc2 ./src/clocks_and_modes.o
 .debug_abbrev  0x000002a3      0x146 ./src/LPUART.o
 .debug_abbrev  0x000003e9      0x16b ./src/FlexCAN.o
 .debug_abbrev  0x00000554       0x9b ./proto/simpleNano.pb.o
 .debug_abbrev  0x000005ef      0x26f ./proto/pb_encode.o
 .debug_abbrev  0x0000085e      0x10b ./proto/pb_common.o
 .debug_abbrev  0x00000969      0x118 ./Project_Settings/Startup_Code/system_S32K144.o
 .debug_abbrev  0x00000a81       0x14 ./Project_Settings/Startup_Code/startup_S32K144.o
 .debug_abbrev  0x00000a95      0x101 ./Project_Settings/Startup_Code/startup.o

.debug_aranges  0x00000000      0x2c8
 .debug_aranges
                0x00000000       0x50 ./src/main.o
 .debug_aranges
                0x00000050       0x30 ./src/clocks_and_modes.o
 .debug_aranges
                0x00000080       0x40 ./src/LPUART.o
 .debug_aranges
                0x000000c0       0x38 ./src/FlexCAN.o
 .debug_aranges
                0x000000f8       0x18 ./proto/simpleNano.pb.o
 .debug_aranges
                0x00000110      0x118 ./proto/pb_encode.o
 .debug_aranges
                0x00000228       0x30 ./proto/pb_common.o
 .debug_aranges
                0x00000258       0x30 ./Project_Settings/Startup_Code/system_S32K144.o
 .debug_aranges
                0x00000288       0x20 ./Project_Settings/Startup_Code/startup_S32K144.o
 .debug_aranges
                0x000002a8       0x20 ./Project_Settings/Startup_Code/startup.o

.debug_ranges   0x00000000      0x210
 .debug_ranges  0x00000000       0x40 ./src/main.o
 .debug_ranges  0x00000040       0x20 ./src/clocks_and_modes.o
 .debug_ranges  0x00000060       0x30 ./src/LPUART.o
 .debug_ranges  0x00000090       0x28 ./src/FlexCAN.o
 .debug_ranges  0x000000b8      0x108 ./proto/pb_encode.o
 .debug_ranges  0x000001c0       0x20 ./proto/pb_common.o
 .debug_ranges  0x000001e0       0x20 ./Project_Settings/Startup_Code/system_S32K144.o
 .debug_ranges  0x00000200       0x10 ./Project_Settings/Startup_Code/startup.o

.debug_macro    0x00000000    0x104c2
 .debug_macro   0x00000000      0x15a ./src/main.o
 .debug_macro   0x0000015a      0x868 ./src/main.o
 .debug_macro   0x000009c2       0x52 ./src/main.o
 .debug_macro   0x00000a14       0xa0 ./src/main.o
 .debug_macro   0x00000ab4       0x16 ./src/main.o
 .debug_macro   0x00000aca       0x19 ./src/main.o
 .debug_macro   0x00000ae3       0x64 ./src/main.o
 .debug_macro   0x00000b47      0x185 ./src/main.o
 .debug_macro   0x00000ccc      0x140 ./src/main.o
 .debug_macro   0x00000e0c       0x9d ./src/main.o
 .debug_macro   0x00000ea9       0x10 ./src/main.o
 .debug_macro   0x00000eb9      0x15b ./src/main.o
 .debug_macro   0x00001014       0x28 ./src/main.o
 .debug_macro   0x0000103c       0x58 ./src/main.o
 .debug_macro   0x00001094     0xdf8d ./src/main.o
 .debug_macro   0x0000f021       0x10 ./src/main.o
 .debug_macro   0x0000f031       0x10 ./src/main.o
 .debug_macro   0x0000f041       0x16 ./src/main.o
 .debug_macro   0x0000f057       0x16 ./src/main.o
 .debug_macro   0x0000f06d       0x16 ./src/main.o
 .debug_macro   0x0000f083       0x22 ./src/main.o
 .debug_macro   0x0000f0a5       0x10 ./src/main.o
 .debug_macro   0x0000f0b5      0x27a ./src/main.o
 .debug_macro   0x0000f32f       0x22 ./src/main.o
 .debug_macro   0x0000f351       0x10 ./src/main.o
 .debug_macro   0x0000f361       0xb0 ./src/clocks_and_modes.o
 .debug_macro   0x0000f411       0xb0 ./src/LPUART.o
 .debug_macro   0x0000f4c1       0xb5 ./src/FlexCAN.o
 .debug_macro   0x0000f576      0x11b ./proto/simpleNano.pb.o
 .debug_macro   0x0000f691      0x131 ./proto/pb_encode.o
 .debug_macro   0x0000f7c2      0x116 ./proto/pb_common.o
 .debug_macro   0x0000f8d8       0xe9 ./Project_Settings/Startup_Code/system_S32K144.o
 .debug_macro   0x0000f9c1       0x10 ./Project_Settings/Startup_Code/system_S32K144.o
 .debug_macro   0x0000f9d1       0x6d ./Project_Settings/Startup_Code/system_S32K144.o
 .debug_macro   0x0000fa3e      0x978 ./Project_Settings/Startup_Code/system_S32K144.o
 .debug_macro   0x000103b6       0x22 ./Project_Settings/Startup_Code/system_S32K144.o
 .debug_macro   0x000103d8       0xea ./Project_Settings/Startup_Code/startup.o

.debug_line     0x00000000     0x1b97
 .debug_line    0x00000000      0x3c8 ./src/main.o
 .debug_line    0x000003c8      0x233 ./src/clocks_and_modes.o
 .debug_line    0x000005fb      0x22c ./src/LPUART.o
 .debug_line    0x00000827      0x29f ./src/FlexCAN.o
 .debug_line    0x00000ac6      0x1f6 ./proto/simpleNano.pb.o
 .debug_line    0x00000cbc      0x6ea ./proto/pb_encode.o
 .debug_line    0x000013a6      0x25d ./proto/pb_common.o
 .debug_line    0x00001603      0x2a6 ./Project_Settings/Startup_Code/system_S32K144.o
 .debug_line    0x000018a9       0x83 ./Project_Settings/Startup_Code/startup_S32K144.o
 .debug_line    0x0000192c      0x26b ./Project_Settings/Startup_Code/startup.o

.debug_str      0x00000000    0x64b83
 .debug_str     0x00000000    0x5fb77 ./src/main.o
                              0x5fc6a (size before relaxing)
 .debug_str     0x0005fb77       0xd1 ./src/clocks_and_modes.o
                              0x5dd65 (size before relaxing)
 .debug_str     0x0005fc48       0xd2 ./src/LPUART.o
                              0x5dd3a (size before relaxing)
 .debug_str     0x0005fd1a       0xa2 ./src/FlexCAN.o
                              0x5dea6 (size before relaxing)
 .debug_str     0x0005fdbc       0x19 ./proto/simpleNano.pb.o
                               0x5c47 (size before relaxing)
 .debug_str     0x0005fdd5      0x4a3 ./proto/pb_encode.o
                               0x60c3 (size before relaxing)
 .debug_str     0x00060278       0x64 ./proto/pb_common.o
                               0x5c0f (size before relaxing)
 .debug_str     0x000602dc     0x4787 ./Project_Settings/Startup_Code/system_S32K144.o
                              0x624ee (size before relaxing)
 .debug_str     0x00064a63      0x120 ./Project_Settings/Startup_Code/startup.o
                              0x62425 (size before relaxing)

.comment        0x00000000       0x70
 .comment       0x00000000       0x70 ./src/main.o
                                 0x71 (size before relaxing)
 .comment       0x00000000       0x71 ./src/clocks_and_modes.o
 .comment       0x00000000       0x71 ./src/LPUART.o
 .comment       0x00000000       0x71 ./src/FlexCAN.o
 .comment       0x00000000       0x71 ./proto/simpleNano.pb.o
 .comment       0x00000000       0x71 ./proto/pb_encode.o
 .comment       0x00000000       0x71 ./proto/pb_common.o
 .comment       0x00000000       0x71 ./Project_Settings/Startup_Code/system_S32K144.o
 .comment       0x00000000       0x71 ./Project_Settings/Startup_Code/startup.o

.debug_frame    0x00000000      0x8c4
 .debug_frame   0x00000000       0xf4 ./src/main.o
 .debug_frame   0x000000f4       0x70 ./src/clocks_and_modes.o
 .debug_frame   0x00000164       0xc8 ./src/LPUART.o
 .debug_frame   0x0000022c       0xa0 ./src/FlexCAN.o
 .debug_frame   0x000002cc      0x4c0 ./proto/pb_encode.o
 .debug_frame   0x0000078c       0x80 ./proto/pb_common.o
 .debug_frame   0x0000080c       0x80 ./Project_Settings/Startup_Code/system_S32K144.o
 .debug_frame   0x0000088c       0x38 ./Project_Settings/Startup_Code/startup.o
