Archive member included because of file (symbol)

C:/NXP/S32DS_ARM_v2018.R1/S32DS/arm_ewl2/lib/armv7e-m\libc99.a(sprintf.o)
                              ./src/FlexCAN.o (sprintf)
C:/NXP/S32DS_ARM_v2018.R1/S32DS/arm_ewl2/lib/armv7e-m\libc99.a(vsnprintf.o)
                              C:/NXP/S32DS_ARM_v2018.R1/S32DS/arm_ewl2/lib/armv7e-m\libc99.a(sprintf.o) (vsnprintf)
C:/NXP/S32DS_ARM_v2018.R1/S32DS/arm_ewl2/lib/armv7e-m\libc99.a(exit.o)
                              C:/NXP/S32DS_ARM_v2018.R1/S32DS/arm_ewl2/lib/armv7e-m/__arm_start.o (exit)
C:/NXP/S32DS_ARM_v2018.R1/S32DS/arm_ewl2/lib/armv7e-m\libc99.a(memcpy.o)
                              ./proto/pb_decode.o (memcpy)
C:/NXP/S32DS_ARM_v2018.R1/S32DS/arm_ewl2/lib/armv7e-m\libc99.a(memset.o)
                              C:/NXP/S32DS_ARM_v2018.R1/S32DS/arm_ewl2/lib/armv7e-m/__arm_start.o (memset)
C:/NXP/S32DS_ARM_v2018.R1/S32DS/arm_ewl2/lib/armv7e-m\libc99.a(fgetwc.o)
                              C:/NXP/S32DS_ARM_v2018.R1/S32DS/arm_ewl2/lib/armv7e-m\libc99.a(sprintf.o) (getwc)
C:/NXP/S32DS_ARM_v2018.R1/S32DS/arm_ewl2/lib/armv7e-m\libc99.a(__wgetchar.o)
                              C:/NXP/S32DS_ARM_v2018.R1/S32DS/arm_ewl2/lib/armv7e-m\libc99.a(fgetwc.o) (__fgetwc)
C:/NXP/S32DS_ARM_v2018.R1/S32DS/arm_ewl2/lib/armv7e-m\libc99.a(__printformat.o)
                              C:/NXP/S32DS_ARM_v2018.R1/S32DS/arm_ewl2/lib/armv7e-m\libc99.a(vsnprintf.o) (__pformatter)
C:/NXP/S32DS_ARM_v2018.R1/S32DS/arm_ewl2/lib/armv7e-m\libc99.a(ctype_aeabi.o)
                              C:/NXP/S32DS_ARM_v2018.R1/S32DS/arm_ewl2/lib/armv7e-m\libc99.a(__printformat.o) (isupper)
C:/NXP/S32DS_ARM_v2018.R1/S32DS/arm_ewl2/lib/armv7e-m\libc99.a(secure_error.o)
                              C:/NXP/S32DS_ARM_v2018.R1/S32DS/arm_ewl2/lib/armv7e-m\libc99.a(__printformat.o) (__ewl_runtime_constraint_violation_s)
C:/NXP/S32DS_ARM_v2018.R1/S32DS/arm_ewl2/lib/armv7e-m\libc99.a(ansi_files.o)
                              C:/NXP/S32DS_ARM_v2018.R1/S32DS/arm_ewl2/lib/armv7e-m\libc99.a(sprintf.o) (__files)
C:/NXP/S32DS_ARM_v2018.R1/S32DS/arm_ewl2/lib/armv7e-m\libc99.a(fflush.o)
                              C:/NXP/S32DS_ARM_v2018.R1/S32DS/arm_ewl2/lib/armv7e-m\libc99.a(ansi_files.o) (fflush)
C:/NXP/S32DS_ARM_v2018.R1/S32DS/arm_ewl2/lib/armv7e-m\libc99.a(fread.o)
                              C:/NXP/S32DS_ARM_v2018.R1/S32DS/arm_ewl2/lib/armv7e-m\libc99.a(__wgetchar.o) (__fread)
C:/NXP/S32DS_ARM_v2018.R1/S32DS/arm_ewl2/lib/armv7e-m\libc99.a(abort.o)
                              C:/NXP/S32DS_ARM_v2018.R1/S32DS/arm_ewl2/lib/armv7e-m\libc99.a(secure_error.o) (abort)
C:/NXP/S32DS_ARM_v2018.R1/S32DS/arm_ewl2/lib/armv7e-m\libc99.a(mbstowcs_s.o)
                              C:/NXP/S32DS_ARM_v2018.R1/S32DS/arm_ewl2/lib/armv7e-m\libc99.a(__printformat.o) (wcstombs)
C:/NXP/S32DS_ARM_v2018.R1/S32DS/arm_ewl2/lib/armv7e-m\libc99.a(mbtowc.o)
                              C:/NXP/S32DS_ARM_v2018.R1/S32DS/arm_ewl2/lib/armv7e-m\libc99.a(__wgetchar.o) (mbtowc)
C:/NXP/S32DS_ARM_v2018.R1/S32DS/arm_ewl2/lib/armv7e-m\libc99.a(wctomb.o)
                              C:/NXP/S32DS_ARM_v2018.R1/S32DS/arm_ewl2/lib/armv7e-m\libc99.a(mbstowcs_s.o) (wctomb)
C:/NXP/S32DS_ARM_v2018.R1/S32DS/arm_ewl2/lib/armv7e-m\libc99.a(__filll_mem.o)
                              C:/NXP/S32DS_ARM_v2018.R1/S32DS/arm_ewl2/lib/armv7e-m\libc99.a(memset.o) (__fill_mem)
C:/NXP/S32DS_ARM_v2018.R1/S32DS/arm_ewl2/lib/armv7e-m\libc99.a(memchr.o)
                              C:/NXP/S32DS_ARM_v2018.R1/S32DS/arm_ewl2/lib/armv7e-m\libc99.a(__printformat.o) (memchr)
C:/NXP/S32DS_ARM_v2018.R1/S32DS/arm_ewl2/lib/armv7e-m\libc99.a(strchr.o)
                              C:/NXP/S32DS_ARM_v2018.R1/S32DS/arm_ewl2/lib/armv7e-m\libc99.a(__printformat.o) (strchr)
C:/NXP/S32DS_ARM_v2018.R1/S32DS/arm_ewl2/lib/armv7e-m\libc99.a(strcpy.o)
                              C:/NXP/S32DS_ARM_v2018.R1/S32DS/arm_ewl2/lib/armv7e-m\libc99.a(__printformat.o) (strcpy)
C:/NXP/S32DS_ARM_v2018.R1/S32DS/arm_ewl2/lib/armv7e-m\libc99.a(strlen.o)
                              C:/NXP/S32DS_ARM_v2018.R1/S32DS/arm_ewl2/lib/armv7e-m\libc99.a(__printformat.o) (strlen)
C:/NXP/S32DS_ARM_v2018.R1/S32DS/arm_ewl2/lib/armv7e-m\libc99.a(strncpy.o)
                              C:/NXP/S32DS_ARM_v2018.R1/S32DS/arm_ewl2/lib/armv7e-m\libc99.a(mbstowcs_s.o) (strncpy)
C:/NXP/S32DS_ARM_v2018.R1/S32DS/arm_ewl2/lib/armv7e-m\libc99.a(strnlen_s.o)
                              C:/NXP/S32DS_ARM_v2018.R1/S32DS/arm_ewl2/lib/armv7e-m\libc99.a(mbstowcs_s.o) (strnlen_s)
C:/NXP/S32DS_ARM_v2018.R1/S32DS/arm_ewl2/lib/armv7e-m\libc99.a(fwide.o)
                              C:/NXP/S32DS_ARM_v2018.R1/S32DS/arm_ewl2/lib/armv7e-m\libc99.a(__wgetchar.o) (fwide)
C:/NXP/S32DS_ARM_v2018.R1/S32DS/arm_ewl2/lib/armv7e-m\libc99.a(raise.o)
                              C:/NXP/S32DS_ARM_v2018.R1/S32DS/arm_ewl2/lib/armv7e-m\libc99.a(abort.o) (raise)
C:/NXP/S32DS_ARM_v2018.R1/S32DS/arm_ewl2/lib/armv7e-m\libc99.a(signal.o)
[...]
Memory Configuration

Name             Origin             Length             Attributes
m_interrupts     0x00000000         0x00000400         xr
m_flash_config   0x00000400         0x00000010         xr
m_text           0x00000410         0x0007fbf0         xr
m_data           0x1fff8000         0x00008000         rw
m_data_2         0x20000000         0x00007000         rw
*default*        0x00000000         0xffffffff

Linker script and memory map

LOAD C:/NXP/S32DS_ARM_v2018.R1/S32DS/arm_ewl2/lib/armv7e-m/__arm_start.o
LOAD ./src/main.o
LOAD ./src/clocks_and_modes.o
LOAD ./src/ProtoBuff.o
LOAD ./src/LPUART.o
LOAD ./src/LPSPI.o
LOAD ./src/FlexCAN.o
LOAD ./proto/simpleNano.pb.o
LOAD ./proto/pb_encode.o
LOAD ./proto/pb_decode.o
LOAD ./proto/pb_common.o
LOAD ./Project_Settings/Startup_Code/system_S32K144.o
LOAD ./Project_Settings/Startup_Code/startup_S32K144.o
LOAD ./Project_Settings/Startup_Code/startup.o
START GROUP
LOAD C:/NXP/S32DS_ARM_v2018.R1/S32DS/arm_ewl2/lib/armv7e-m\libc99.a
LOAD C:/NXP/S32DS_ARM_v2018.R1/S32DS/arm_ewl2/lib/armv7e-m\libm.a
LOAD c:/nxp/s32ds_arm_v2018.r1/cross_tools/gcc-arm-none-eabi-4_9/bin/../lib/gcc/arm-none-eabi/4.9.3/armv7e-m\libgcc.a
LOAD C:/NXP/S32DS_ARM_v2018.R1/S32DS/arm_ewl2/lib/armv7e-m\librt.a
LOAD C:/NXP/S32DS_ARM_v2018.R1/S32DS/arm_ewl2/lib/armv7e-m\libnoio.a
END GROUP
LOAD C:/NXP/S32DS_ARM_v2018.R1/S32DS/arm_ewl2/lib/armv7e-m/__arm_end.o
                0x00000400                HEAP_SIZE = DEFINED (__heap_size__)?__heap_size__:0x400
                0x00000400                STACK_SIZE = DEFINED (__stack_size__)?__stack_size__:0x400
                0x00000400                M_VECTOR_RAM_SIZE = DEFINED (__flash_vector_table__)?0x0:0x400

.interrupts     0x00000000      0x400
                0x00000000                __VECTOR_TABLE = .
                0x00000000                . = ALIGN (0x4)
 *(.isr_vector)
 .isr_vector    0x00000000      0x400 ./Project_Settings/Startup_Code/startup_S32K144.o
                0x00000000                __isr_vector
                0x00000400                . = ALIGN (0x4)

.flash_config   0x00000400       0x10
                0x00000400                . = ALIGN (0x4)
 *(.FlashConfig)
 .FlashConfig   0x00000400       0x10 ./Project_Settings/Startup_Code/startup_S32K144.o
                0x00000410                . = ALIGN (0x4)

.text           0x00000410     0x5c18
                0x00000410                . = ALIGN (0x4)
 *(.text)
 .text          0x00000410       0x44 ./Project_Settings/Startup_Code/startup_S32K144.o
                0x00000410                Reset_Handler
                0x00000450                DebugMon_Handler
                0x00000450                Reserved88_IRQHandler
                0x00000450                CAN0_ORed_IRQHandler
                0x00000450                HardFault_Handler
                0x00000450                Reserved86_IRQHandler
                0x00000450                Reserved103_IRQHandler
                0x00000450                SysTick_Handler
                0x00000450                FTM2_Ovf_Reload_IRQHandler
                0x00000450                Reserved50_IRQHandler
                0x00000450                FTFC_Fault_IRQHandler
                0x00000450                FTM0_Ch6_Ch7_IRQHandler
                0x00000450                Reserved114_IRQHandler
                0x00000450                PendSV_Handler
                0x00000450                NMI_Handler
                0x00000450                Reserved89_IRQHandler
                0x00000450                ERM_double_fault_IRQHandler
                0x00000450                DMA2_IRQHandler
                0x00000450                Reserved59_IRQHandler
                0x00000450                Reserved99_IRQHandler
                0x00000450                FTM3_Ch6_Ch7_IRQHandler
                0x00000450                CAN2_ORed_0_15_MB_IRQHandler
                0x00000450                LPIT0_Ch3_IRQHandler
                0x00000450                Reserved92_IRQHandler
                0x00000450                FTM0_Ch4_Ch5_IRQHandler
                0x00000450                CAN1_Error_IRQHandler
                0x00000450                FTM3_Ch0_Ch1_IRQHandler
                0x00000450                SWI_IRQHandler
                0x00000450                ADC0_IRQHandler
                0x00000450                FTM2_Ch4_Ch5_IRQHandler
                0x00000450                UsageFault_Handler
                0x00000450                FTM0_Ovf_Reload_IRQHandler
                0x00000450                DefaultISR
                0x00000450                DMA9_IRQHandler
                0x00000450                Reserved58_IRQHandler
                0x00000450                CAN1_ORed_0_15_MB_IRQHandler
                0x00000450                FTM1_Ch2_Ch3_IRQHandler
                0x00000450                DMA14_IRQHandler
                0x00000450                Reserved82_IRQHandler
                0x00000450                CAN0_ORed_16_31_MB_IRQHandler
                0x00000450                LPI2C0_Slave_IRQHandler
                0x00000450                Reserved71_IRQHandler
                0x00000450                PORTD_IRQHandler
                0x00000450                Reserved69_IRQHandler
                0x00000450                PORTB_IRQHandler
                0x00000450                Reserved70_IRQHandler
                0x00000450                ADC1_IRQHandler
                0x00000450                FTM2_Ch2_Ch3_IRQHandler
                0x00000450                Reserved53_IRQHandler
                0x00000450                DMA5_IRQHandler
                0x00000450                RTC_IRQHandler
                0x00000450                PDB0_IRQHandler
                0x00000450                Reserved54_IRQHandler
                0x00000450                FTM2_Ch6_Ch7_IRQHandler
                0x00000450                FTM3_Ch2_Ch3_IRQHandler
                0x00000450                FTM2_Ch0_Ch1_IRQHandler
                0x00000450                LPSPI1_IRQHandler
                0x00000450                LPUART1_RxTx_IRQHandler
                0x00000450                RTC_Seconds_IRQHandler
                0x00000450                CAN2_ORed_IRQHandler
                0x00000450                Reserved72_IRQHandler
                0x00000450                Reserved110_IRQHandler
                0x00000450                DMA11_IRQHandler
                0x00000450                Reserved107_IRQHandler
                0x00000450                Read_Collision_IRQHandler
                0x00000450                CAN2_Error_IRQHandler
                0x00000450                FTFC_IRQHandler
                0x00000450                DMA7_IRQHandler
                0x00000450                FTM1_Ch6_Ch7_IRQHandler
                0x00000450                Reserved105_IRQHandler
                0x00000450                LPIT0_Ch1_IRQHandler
                0x00000450                FTM1_Ch4_Ch5_IRQHandler
                0x00000450                FTM3_Ovf_Reload_IRQHandler
                0x00000450                LPUART2_RxTx_IRQHandler
                0x00000450                LPSPI0_IRQHandler
                0x00000450                WDOG_EWM_IRQHandler
                0x00000450                MemManage_Handler
                0x00000450                Reserved90_IRQHandler
                0x00000450                Reserved83_IRQHandler
                0x00000450                FTM0_Fault_IRQHandler
                0x00000450                Reserved48_IRQHandler
                0x00000450                SVC_Handler
                0x00000450                ERM_single_fault_IRQHandler
                0x00000450                FTM2_Fault_IRQHandler
                0x00000450                FTM0_Ch2_Ch3_IRQHandler
                0x00000450                DMA13_IRQHandler
                0x00000450                FTM0_Ch0_Ch1_IRQHandler
                0x00000450                FTM3_Fault_IRQHandler
                0x00000450                RCM_IRQHandler
                0x00000450                DMA3_IRQHandler
                0x00000450                Reserved100_IRQHandler
                0x00000450                DMA0_IRQHandler
                0x00000450                Reserved91_IRQHandler
                0x00000450                CAN1_ORed_IRQHandler
                0x00000450                DMA15_IRQHandler
                0x00000450                SCG_IRQHandler
                0x00000450                PDB1_IRQHandler
                0x00000450                Reserved81_IRQHandler
                0x00000450                Reserved46_IRQHandler
                0x00000450                Reserved45_IRQHandler
                0x00000450                CAN0_Error_IRQHandler
                0x00000450                Reserved112_IRQHandler
                0x00000450                LPI2C0_Master_IRQHandler
                0x00000450                DMA4_IRQHandler
                0x00000450                FTM1_Fault_IRQHandler
                0x00000450                Reserved106_IRQHandler
                0x00000450                DMA_Error_IRQHandler
                0x00000450                LVD_LVW_IRQHandler
                0x00000450                LPIT0_Ch2_IRQHandler
                0x00000450                PORTA_IRQHandler
                0x00000450                MCM_IRQHandler
                0x00000450                LPSPI2_IRQHandler
                0x00000450                DMA12_IRQHandler
                0x00000450                FTM3_Ch4_Ch5_IRQHandler
                0x00000450                CAN0_ORed_0_15_MB_IRQHandler
                0x00000450                PORTE_IRQHandler
                0x00000450                LPUART0_RxTx_IRQHandler
                0x00000450                LPTMR0_IRQHandler
                0x00000450                BusFault_Handler
                0x00000450                Reserved87_IRQHandler
                0x00000450                FTM1_Ovf_Reload_IRQHandler
                0x00000450                DMA8_IRQHandler
                0x00000450                Reserved93_IRQHandler
                0x00000450                DMA10_IRQHandler
                0x00000450                CAN0_Wake_Up_IRQHandler
                0x00000450                CMP0_IRQHandler
                0x00000450                Reserved52_IRQHandler
                0x00000450                PORTC_IRQHandler
                0x00000450                DMA6_IRQHandler
                0x00000450                FTM1_Ch0_Ch1_IRQHandler
                0x00000450                FLEXIO_IRQHandler
                0x00000450                DMA1_IRQHandler
                0x00000450                Reserved113_IRQHandler
 .text          0x00000454      0x370 c:/nxp/s32ds_arm_v2018.r1/cross_tools/gcc-arm-none-eabi-4_9/bin/../lib/gcc/arm-none-eabi/4.9.3/armv7e-m\libgcc.a(_arm_addsubdf3.o)
                0x00000454                __aeabi_drsub
                0x0000045c                __aeabi_dsub
                0x0000045c                __subdf3
                0x00000460                __aeabi_dadd
                0x00000460                __adddf3
                0x000006d8                __floatunsidf
                0x000006d8                __aeabi_ui2d
                0x000006f8                __floatsidf
                0x000006f8                __aeabi_i2d
                0x0000071c                __aeabi_f2d
                0x0000071c                __extendsfdf2
                0x00000758                __floatundidf
                0x00000758                __aeabi_ul2d
                0x00000768                __floatdidf
                0x00000768                __aeabi_l2d
 .text          0x000007c4      0x424 c:/nxp/s32ds_arm_v2018.r1/cross_tools/gcc-arm-none-eabi-4_9/bin/../lib/gcc/arm-none-eabi/4.9.3/armv7e-m\libgcc.a(_arm_muldivdf3.o)
                0x000007c4                __aeabi_dmul
                0x000007c4                __muldf3
                0x00000a18                __divdf3
                0x00000a18                __aeabi_ddiv
 .text          0x00000be8      0x110 c:/nxp/s32ds_arm_v2018.r1/cross_tools/gcc-arm-none-eabi-4_9/bin/../lib/gcc/arm-none-eabi/4.9.3/armv7e-m\libgcc.a(_arm_cmpdf2.o)
                0x00000be8                __gtdf2
                0x00000be8                __gedf2
                0x00000bf0                __ltdf2
                0x00000bf0                __ledf2
                0x00000bf8                __nedf2
                0x00000bf8                __eqdf2
                0x00000bf8                __cmpdf2
                0x00000c74                __aeabi_cdrcmple
                0x00000c84                __aeabi_cdcmpeq
                0x00000c84                __aeabi_cdcmple
                0x00000c94                __aeabi_dcmpeq
                0x00000ca8                __aeabi_dcmplt
                0x00000cbc                __aeabi_dcmple
                0x00000cd0                __aeabi_dcmpge
                0x00000ce4                __aeabi_dcmpgt
 .text          0x00000cf8       0x50 c:/nxp/s32ds_arm_v2018.r1/cross_tools/gcc-arm-none-eabi-4_9/bin/../lib/gcc/arm-none-eabi/4.9.3/armv7e-m\libgcc.a(_arm_fixdfsi.o)
                0x00000cf8                __aeabi_d2iz
                0x00000cf8                __fixdfsi
 .text          0x00000d48       0x30 c:/nxp/s32ds_arm_v2018.r1/cross_tools/gcc-arm-none-eabi-4_9/bin/../lib/gcc/arm-none-eabi/4.9.3/armv7e-m\libgcc.a(_aeabi_uldivmod.o)
                0x00000d48                __aeabi_uldivmod
 .text          0x00000d78       0x60 c:/nxp/s32ds_arm_v2018.r1/cross_tools/gcc-arm-none-eabi-4_9/bin/../lib/gcc/arm-none-eabi/4.9.3/armv7e-m\libgcc.a(bpabi.o)
                0x00000d78                __gnu_ldivmod_helper
                0x00000da8                __gnu_uldivmod_helper
 .text          0x00000dd8        0x4 c:/nxp/s32ds_arm_v2018.r1/cross_tools/gcc-arm-none-eabi-4_9/bin/../lib/gcc/arm-none-eabi/4.9.3/armv7e-m\libgcc.a(_dvmd_tls.o)
                0x00000dd8                __aeabi_idiv0
                0x00000dd8                __aeabi_ldiv0
 .text          0x00000ddc      0x29c c:/nxp/s32ds_arm_v2018.r1/cross_tools/gcc-arm-none-eabi-4_9/bin/../lib/gcc/arm-none-eabi/4.9.3/armv7e-m\libgcc.a(_divdi3.o)
                0x00000ddc                __divdi3
 .text          0x00001078      0x26c c:/nxp/s32ds_arm_v2018.r1/cross_tools/gcc-arm-none-eabi-4_9/bin/../lib/gcc/arm-none-eabi/4.9.3/armv7e-m\libgcc.a(_udivdi3.o)
                0x00001078                __udivdi3
 *(.text*)
 .text.NVIC_init_IRQs
                0x000012e4       0x2c ./src/main.o
                0x000012e4                NVIC_init_IRQs
 .text.WDOG_disable
                0x00001310       0x2c ./src/main.o
                0x00001310                WDOG_disable
 .text.PORT_init
                0x0000133c       0xa8 ./src/main.o
                0x0000133c                PORT_init
 .text.LPIT0_init
                0x000013e4       0x4c ./src/main.o
                0x000013e4                LPIT0_init
 .text.main     0x00001430       0xe8 ./src/main.o
                0x00001430                main
 .text.LPIT0_Ch0_IRQHandler
                0x00001518       0x4c ./src/main.o
                0x00001518                LPIT0_Ch0_IRQHandler
 .text.SOSC_init_8MHz
                0x00001564       0x4c ./src/clocks_and_modes.o
                0x00001564                SOSC_init_8MHz
 .text.SPLL_init_160MHz
                0x000015b0       0x64 ./src/clocks_and_modes.o
                0x000015b0                SPLL_init_160MHz
 .text.NormalRUNmode_80MHz
                0x00001614       0x2c ./src/clocks_and_modes.o
                0x00001614                NormalRUNmode_80MHz
 .text.LPUART1_init
                0x00001640       0x48 ./src/LPUART.o
                0x00001640                LPUART1_init
 .text.LPUART1_transmit_char
                0x00001688       0x30 ./src/LPUART.o
                0x00001688                LPUART1_transmit_char
 .text.LPUART1_transmit_string
                0x000016b8       0x34 ./src/LPUART.o
                0x000016b8                LPUART1_transmit_string
 .text.LPUART1_receive_char
                0x000016ec       0x30 ./src/LPUART.o
                0x000016ec                LPUART1_receive_char
 .text.FLEXCAN0_init
                0x0000171c       0xe8 ./src/FlexCAN.o
                0x0000171c                FLEXCAN0_init
 .text.FLEXCAN0_transmit_msg
                0x00001804       0x84 ./src/FlexCAN.o
                0x00001804                FLEXCAN0_transmit_msg
 .text.FLEXCAN0_receive_sum
                0x00001888      0x130 ./src/FlexCAN.o
                0x00001888                FLEXCAN0_receive_sum
 .text.clearRXDATA
                0x000019b8       0x1c ./src/FlexCAN.o
                0x000019b8                clearRXDATA
 .text.buf_write
                0x000019d4       0x50 ./proto/pb_encode.o
 .text.pb_ostream_from_buffer
                0x00001a24       0x40 ./proto/pb_encode.o
                0x00001a24                pb_ostream_from_buffer
 .text.pb_write
                0x00001a64       0x8c ./proto/pb_encode.o
                0x00001a64                pb_write
 .text.encode_array
                0x00001af0      0x210 ./proto/pb_encode.o
 .text.pb_check_proto3_default_value
                0x00001d00      0x1a0 ./proto/pb_encode.o
 .text.encode_basic_field
                0x00001ea0      0x1e4 ./proto/pb_encode.o
 .text.encode_callback_field
                0x00002084       0x5c ./proto/pb_encode.o
 .text.encode_field
                0x000020e0       0x60 ./proto/pb_encode.o
 .text.default_extension_encoder
                0x00002140       0x48 ./proto/pb_encode.o
 .text.encode_extension_field
                0x00002188       0x64 ./proto/pb_encode.o
 .text.pb_const_cast
                0x000021ec       0x1c ./proto/pb_encode.o
 .text.pb_encode
                0x00002208       0x94 ./proto/pb_encode.o
                0x00002208                pb_encode
 .text.pb_encode_varint
                0x0000229c       0xa0 ./proto/pb_encode.o
                0x0000229c                pb_encode_varint
 .text.pb_encode_svarint
                0x0000233c       0x54 ./proto/pb_encode.o
                0x0000233c                pb_encode_svarint
 .text.pb_encode_fixed32
                0x00002390       0x48 ./proto/pb_encode.o
                0x00002390                pb_encode_fixed32
 .text.pb_encode_fixed64
                0x000023d8       0xc4 ./proto/pb_encode.o
                0x000023d8                pb_encode_fixed64
 .text.pb_encode_tag
                0x0000249c       0x44 ./proto/pb_encode.o
                0x0000249c                pb_encode_tag
 .text.pb_encode_tag_for_field
                0x000024e0       0x94 ./proto/pb_encode.o
                0x000024e0                pb_encode_tag_for_field
 .text.pb_encode_string
                0x00002574       0x40 ./proto/pb_encode.o
                0x00002574                pb_encode_string
 .text.pb_encode_submessage
                0x000025b4      0x11c ./proto/pb_encode.o
                0x000025b4                pb_encode_submessage
 .text.pb_enc_varint
                0x000026d0       0xa4 ./proto/pb_encode.o
 .text.pb_enc_uvarint
                0x00002774       0xa4 ./proto/pb_encode.o
 .text.pb_enc_svarint
                0x00002818       0xa4 ./proto/pb_encode.o
 .text.pb_enc_fixed64
                0x000028bc       0x20 ./proto/pb_encode.o
 .text.pb_enc_fixed32
                0x000028dc       0x20 ./proto/pb_encode.o
 .text.pb_enc_bytes
                0x000028fc       0x7c ./proto/pb_encode.o
 .text.pb_enc_string
                0x00002978       0x6c ./proto/pb_encode.o
 .text.pb_enc_submessage
                0x000029e4       0x4c ./proto/pb_encode.o
 .text.pb_enc_fixed_length_bytes
                0x00002a30       0x24 ./proto/pb_encode.o
 .text.buf_read
                0x00002a54       0x58 ./proto/pb_decode.o
 .text.pb_read  0x00002aac       0xd0 ./proto/pb_decode.o
                0x00002aac                pb_read
 .text.pb_readbyte
                0x00002b7c       0x78 ./proto/pb_decode.o
 .text.pb_istream_from_buffer
                0x00002bf4       0x3c ./proto/pb_decode.o
                0x00002bf4                pb_istream_from_buffer
 .text.pb_decode_varint32_eof
                0x00002c30      0x118 ./proto/pb_decode.o
 .text.pb_decode_varint32
                0x00002d48       0x20 ./proto/pb_decode.o
                0x00002d48                pb_decode_varint32
 .text.pb_decode_varint
                0x00002d68       0xc4 ./proto/pb_decode.o
                0x00002d68                pb_decode_varint
 .text.pb_skip_varint
                0x00002e2c       0x3c ./proto/pb_decode.o
 .text.pb_skip_string
                0x00002e68       0x3c ./proto/pb_decode.o
 .text.pb_decode_tag
                0x00002ea4       0x70 ./proto/pb_decode.o
                0x00002ea4                pb_decode_tag
 .text.pb_skip_field
                0x00002f14       0x84 ./proto/pb_decode.o
                0x00002f14                pb_skip_field
 .text.read_raw_value
                0x00002f98       0xbc ./proto/pb_decode.o
 .text.pb_make_string_substream
                0x00003054       0x74 ./proto/pb_decode.o
                0x00003054                pb_make_string_substream
 .text.pb_close_string_substream
                0x000030c8       0x4c ./proto/pb_decode.o
                0x000030c8                pb_close_string_substream
 .text.decode_static_field
                0x00003114      0x238 ./proto/pb_decode.o
 .text.decode_pointer_field
                0x0000334c       0x34 ./proto/pb_decode.o
 .text.decode_callback_field
                0x00003380      0x11c ./proto/pb_decode.o
 .text.decode_field
                0x0000349c       0x78 ./proto/pb_decode.o
 .text.iter_from_extension
                0x00003514       0x4c ./proto/pb_decode.o
 .text.default_extension_decoder
                0x00003560       0x54 ./proto/pb_decode.o
 .text.decode_extension
                0x000035b4       0x80 ./proto/pb_decode.o
 .text.find_extension_field
                0x00003634       0x3c ./proto/pb_decode.o
 .text.pb_field_set_to_default
                0x00003670      0x154 ./proto/pb_decode.o
 .text.pb_message_set_to_defaults
                0x000037c4       0x44 ./proto/pb_decode.o
 .text.pb_decode_noinit
                0x00003808      0x2c4 ./proto/pb_decode.o
                0x00003808                pb_decode_noinit
 .text.pb_decode
                0x00003acc       0x2c ./proto/pb_decode.o
                0x00003acc                pb_decode
 .text.pb_decode_svarint
                0x00003af8       0x74 ./proto/pb_decode.o
                0x00003af8                pb_decode_svarint
 .text.pb_decode_fixed32
                0x00003b6c       0x4c ./proto/pb_decode.o
                0x00003b6c                pb_decode_fixed32
 .text.pb_decode_fixed64
                0x00003bb8      0x124 ./proto/pb_decode.o
                0x00003bb8                pb_decode_fixed64
 .text.pb_dec_varint
                0x00003cdc      0x118 ./proto/pb_decode.o
 .text.pb_dec_uvarint
                0x00003df4       0xfc ./proto/pb_decode.o
 .text.pb_dec_svarint
                0x00003ef0       0xfc ./proto/pb_decode.o
 .text.pb_dec_fixed32
                0x00003fec       0x20 ./proto/pb_decode.o
 .text.pb_dec_fixed64
                0x0000400c       0x20 ./proto/pb_decode.o
 .text.pb_dec_bytes
                0x0000402c       0xe8 ./proto/pb_decode.o
 .text.pb_dec_string
                0x00004114       0xc8 ./proto/pb_decode.o
 .text.pb_dec_submessage
                0x000041dc       0xb4 ./proto/pb_decode.o
 .text.pb_dec_fixed_length_bytes
                0x00004290       0xa4 ./proto/pb_decode.o
 .text.pb_field_iter_begin
                0x00004334       0x64 ./proto/pb_common.o
                0x00004334                pb_field_iter_begin
 .text.pb_field_iter_next
                0x00004398       0xf4 ./proto/pb_common.o
                0x00004398                pb_field_iter_next
 .text.pb_field_iter_find
                0x0000448c       0x4c ./proto/pb_common.o
                0x0000448c                pb_field_iter_find
 .text.SystemInit
                0x000044d8       0x30 ./Project_Settings/Startup_Code/system_S32K144.o
                0x000044d8                SystemInit
 .text.init_data_bss
                0x00004508       0xf4 ./Project_Settings/Startup_Code/startup.o
                0x00004508                init_data_bss
 .text.sprintf  0x000045fc       0x1e C:/NXP/S32DS_ARM_v2018.R1/S32DS/arm_ewl2/lib/armv7e-m\libc99.a(sprintf.o)
                0x000045fc                sprintf
 .text.__StringWrite
                0x0000461a       0x26 C:/NXP/S32DS_ARM_v2018.R1/S32DS/arm_ewl2/lib/armv7e-m\libc99.a(vsnprintf.o)
                0x0000461a                __StringWrite
 .text.vsnprintf
                0x00004640       0x34 C:/NXP/S32DS_ARM_v2018.R1/S32DS/arm_ewl2/lib/armv7e-m\libc99.a(vsnprintf.o)
                0x00004640                vsnprintf
 .text.memcpy   0x00004674       0x16 C:/NXP/S32DS_ARM_v2018.R1/S32DS/arm_ewl2/lib/armv7e-m\libc99.a(memcpy.o)
                0x00004674                memcpy
 .text.memset   0x0000468a        0xc C:/NXP/S32DS_ARM_v2018.R1/S32DS/arm_ewl2/lib/armv7e-m\libc99.a(memset.o)
                0x0000468a                memset
 .text.long2str.isra.0
                0x00004696      0x19e C:/NXP/S32DS_ARM_v2018.R1/S32DS/arm_ewl2/lib/armv7e-m\libc99.a(__printformat.o)
 .text.longlong2str.isra.1
                0x00004834      0x20e C:/NXP/S32DS_ARM_v2018.R1/S32DS/arm_ewl2/lib/armv7e-m\libc99.a(__printformat.o)
 *fill*         0x00004a42        0x2 
 .text.double2hex.isra.2
                0x00004a44      0x234 C:/NXP/S32DS_ARM_v2018.R1/S32DS/arm_ewl2/lib/armv7e-m\libc99.a(__printformat.o)
 .text.__pformatter
                0x00004c78      0x9b8 C:/NXP/S32DS_ARM_v2018.R1/S32DS/arm_ewl2/lib/armv7e-m\libc99.a(__printformat.o)
                0x00004c78                __pformatter
 .text.isupper  0x00005630       0x1c C:/NXP/S32DS_ARM_v2018.R1/S32DS/arm_ewl2/lib/armv7e-m\libc99.a(ctype_aeabi.o)
                0x00005630                isupper
 .text.__ewl_runtime_constraint_violation_s
                0x0000564c       0x10 C:/NXP/S32DS_ARM_v2018.R1/S32DS/arm_ewl2/lib/armv7e-m\libc99.a(secure_error.o)
                0x0000564c                __ewl_runtime_constraint_violation_s
 .text.wcstombs
                0x0000565c       0x42 C:/NXP/S32DS_ARM_v2018.R1/S32DS/arm_ewl2/lib/armv7e-m\libc99.a(mbstowcs_s.o)
                0x0000565c                wcstombs
 .text.__wctomb_noconv
                0x0000569e       0x12 C:/NXP/S32DS_ARM_v2018.R1/S32DS/arm_ewl2/lib/armv7e-m\libc99.a(wctomb.o)
                0x0000569e                __wctomb_noconv
 .text.wctomb   0x000056b0        0x4 C:/NXP/S32DS_ARM_v2018.R1/S32DS/arm_ewl2/lib/armv7e-m\libc99.a(wctomb.o)
                0x000056b0                wctomb
 .text.__fill_mem
                0x000056b4       0x7a C:/NXP/S32DS_ARM_v2018.R1/S32DS/arm_ewl2/lib/armv7e-m\libc99.a(__filll_mem.o)
                0x000056b4                __fill_mem
 .text.memchr   0x0000572e       0x1c C:/NXP/S32DS_ARM_v2018.R1/S32DS/arm_ewl2/lib/armv7e-m\libc99.a(memchr.o)
                0x0000572e                memchr
 .text.strchr   0x0000574a       0x1a C:/NXP/S32DS_ARM_v2018.R1/S32DS/arm_ewl2/lib/armv7e-m\libc99.a(strchr.o)
                0x0000574a                strchr
 .text.strcpy   0x00005764       0x12 C:/NXP/S32DS_ARM_v2018.R1/S32DS/arm_ewl2/lib/armv7e-m\libc99.a(strcpy.o)
                0x00005764                strcpy
 .text.strlen   0x00005776        0xe C:/NXP/S32DS_ARM_v2018.R1/S32DS/arm_ewl2/lib/armv7e-m\libc99.a(strlen.o)
                0x00005776                strlen
 .text.strncpy  0x00005784       0x26 C:/NXP/S32DS_ARM_v2018.R1/S32DS/arm_ewl2/lib/armv7e-m\libc99.a(strncpy.o)
                0x00005784                strncpy
 *fill*         0x000057aa        0x6 
 .text.__num2dec
                0x000057b0      0x200 C:/NXP/S32DS_ARM_v2018.R1/S32DS/arm_ewl2/lib/armv7e-m\libm.a(ansi_fp.o)
                0x000057b0                __num2dec
 .text.__round_decimal
                0x000059b0       0x98 C:/NXP/S32DS_ARM_v2018.R1/S32DS/arm_ewl2/lib/armv7e-m\libm.a(ansi_fp.o)
                0x000059b0                __round_decimal
 .text.__signbitd
                0x00005a48        0x4 C:/NXP/S32DS_ARM_v2018.R1/S32DS/arm_ewl2/lib/armv7e-m\libm.a(math_api.o)
                0x00005a48                __signbitd
 .text.__fpclassifyd
                0x00005a4c       0x3c C:/NXP/S32DS_ARM_v2018.R1/S32DS/arm_ewl2/lib/armv7e-m\libm.a(math_api.o)
                0x00005a4c                __fpclassifyd
 .text.frexp    0x00005a88       0x6c C:/NXP/S32DS_ARM_v2018.R1/S32DS/arm_ewl2/lib/armv7e-m\libm.a(s_frexp.o)
                0x00005a88                frexp
 *(.rodata)
 .rodata        0x00005af4       0x6c ./src/main.o
 .rodata        0x00005b60       0x76 ./src/FlexCAN.o
 *fill*         0x00005bd6        0x2 
 .rodata        0x00005bd8       0xc1 ./proto/pb_encode.o
 *fill*         0x00005c99        0x3 
 .rodata        0x00005c9c      0x172 ./proto/pb_decode.o
 *(.rodata*)
 *fill*         0x00005e0e        0x2 
 .rodata.nanoPB_simpleNano_fields
                0x00005e10       0x1e ./proto/simpleNano.pb.o
                0x00005e10                nanoPB_simpleNano_fields
 *fill*         0x00005e2e        0x2 
 .rodata.PB_ENCODERS
                0x00005e30       0x28 ./proto/pb_encode.o
 .rodata.PB_DECODERS
                0x00005e58       0x28 ./proto/pb_decode.o
 .rodata.str1.1
                0x00005e80       0x14 C:/NXP/S32DS_ARM_v2018.R1/S32DS/arm_ewl2/lib/armv7e-m\libc99.a(__printformat.o)
                                 0x25 (size before relaxing)
 .rodata.str4.4
                0x00005e94        0x4 C:/NXP/S32DS_ARM_v2018.R1/S32DS/arm_ewl2/lib/armv7e-m\libc99.a(__printformat.o)
 .rodata.__aeabi_ctype_table_C
                0x00005e98      0x101 C:/NXP/S32DS_ARM_v2018.R1/S32DS/arm_ewl2/lib/armv7e-m\libc99.a(ctype_aeabi.o)
                0x00005e98                __aeabi_ctype_table_C
 *fill*         0x00005f99        0x7 
 .rodata.digit_values
                0x00005fa0       0x40 C:/NXP/S32DS_ARM_v2018.R1/S32DS/arm_ewl2/lib/armv7e-m\libm.a(ansi_fp.o)
 .rodata.bit_values
                0x00005fe0       0x48 C:/NXP/S32DS_ARM_v2018.R1/S32DS/arm_ewl2/lib/armv7e-m\libm.a(ansi_fp.o)
 *(.glue_7)
 .glue_7        0x00000000        0x0 linker stubs
 *(.glue_7t)
 .glue_7t       0x00000000        0x0 linker stubs
 *(.eh_frame)
 *(.init)
 *(.fini)
                0x00006028                . = ALIGN (0x4)

.vfp11_veneer   0x00006028        0x0
 .vfp11_veneer  0x00000000        0x0 linker stubs

.v4_bx          0x00006028        0x0
 .v4_bx         0x00000000        0x0 linker stubs

.iplt           0x00006028        0x0
 .iplt          0x00000000        0x0 C:/NXP/S32DS_ARM_v2018.R1/S32DS/arm_ewl2/lib/armv7e-m/__arm_start.o

.ARM.extab
 *(.ARM.extab* .gnu.linkonce.armextab.*)

.ARM            0x00006028        0x8
                0x00006028                __exidx_start = .
 *(.ARM.exidx*)
 .ARM.exidx     0x00006028        0x8 c:/nxp/s32ds_arm_v2018.r1/cross_tools/gcc-arm-none-eabi-4_9/bin/../lib/gcc/arm-none-eabi/4.9.3/armv7e-m\libgcc.a(_divdi3.o)
 .ARM.exidx     0x00006030        0x0 c:/nxp/s32ds_arm_v2018.r1/cross_tools/gcc-arm-none-eabi-4_9/bin/../lib/gcc/arm-none-eabi/4.9.3/armv7e-m\libgcc.a(_udivdi3.o)
                                  0x8 (size before relaxing)
                0x00006030                __exidx_end = .

.rel.dyn        0x00006030        0x0
 .rel.iplt      0x00000000        0x0 C:/NXP/S32DS_ARM_v2018.R1/S32DS/arm_ewl2/lib/armv7e-m/__arm_start.o

.ctors          0x00006030        0x0
                0x00006030                __CTOR_LIST__ = .
 *crtbegin.o(.ctors)
 *crtbegin?.o(.ctors)
 *(EXCLUDE_FILE(*crtend.o *crtend?.o) .ctors)
 *(SORT(.ctors.*))
 *(.ctors)
                0x00006030                __CTOR_END__ = .

.dtors          0x00006030        0x0
                0x00006030                __DTOR_LIST__ = .
 *crtbegin.o(.dtors)
 *crtbegin?.o(.dtors)
 *(EXCLUDE_FILE(*crtend.o *crtend?.o) .dtors)
 *(SORT(.dtors.*))
 *(.dtors)
                0x00006030                __DTOR_END__ = .

.preinit_array  0x00006030        0x0
                0x00006030                PROVIDE (__preinit_array_start, .)
 *(.preinit_array*)
                0x00006030                PROVIDE (__preinit_array_end, .)

.init_array     0x00006030        0x0
                0x00006030                PROVIDE (__init_array_start, .)
 *(SORT(.init_array.*))
 *(.init_array*)
                0x00006030                PROVIDE (__init_array_end, .)

.fini_array     0x00006030        0x0
                0x00006030                PROVIDE (__fini_array_start, .)
 *(SORT(.fini_array.*))
 *(.fini_array*)
                0x00006030                PROVIDE (__fini_array_end, .)
                0x00006030                __etext = .
                0x00006030                __DATA_ROM = .

.interrupts_ram
                0x1fff8000      0x400
                0x1fff8000                . = ALIGN (0x4)
                0x1fff8000                __VECTOR_RAM__ = .
                0x1fff8000                __interrupts_ram_start__ = .
 *(.m_interrupts_ram)
                0x1fff8400                . = (. + M_VECTOR_RAM_SIZE)
 *fill*         0x1fff8000      0x400 
                0x1fff8400                . = ALIGN (0x4)
                0x1fff8400                __interrupts_ram_end__ = .
                0x1fff8000                __VECTOR_RAM = DEFINED (__flash_vector_table__)?ORIGIN (m_interrupts):__VECTOR_RAM__
                0x00000400                __RAM_VECTOR_TABLE_SIZE = DEFINED (__flash_vector_table__)?0x0:(__interrupts_ram_end__ - __interrupts_ram_start__)

.data           0x1fff8400        0x0 load address 0x00006030
                0x1fff8400                . = ALIGN (0x4)
                0x1fff8400                __DATA_RAM = .
                0x1fff8400                __data_start__ = .
 *(.data)
 *(.data*)
 *(.jcr*)
                0x1fff8400                . = ALIGN (0x4)
                0x1fff8400                __data_end__ = .
                0x00006030                __DATA_END = (__DATA_ROM + (__data_end__ - __data_start__))
                0x00006030                __CODE_ROM = __DATA_END

.igot.plt       0x1fff8400        0x0
 .igot.plt      0x00000000        0x0 C:/NXP/S32DS_ARM_v2018.R1/S32DS/arm_ewl2/lib/armv7e-m/__arm_start.o

.code           0x1fff8400        0x0 load address 0x00006030
                0x1fff8400                . = ALIGN (0x4)
                0x1fff8400                __CODE_RAM = .
                0x1fff8400                __code_start__ = .
 *(.code_ram)
                0x1fff8400                . = ALIGN (0x4)
                0x1fff8400                __code_end__ = .
                0x00006030                __CODE_END = (__CODE_ROM + (__code_end__ - __code_start__))

.customSectionBlock
 *(.customSection)

.bss            0x20000000       0x20
                0x20000000                . = ALIGN (0x4)
                0x20000000                __BSS_START = .
                0x20000000                __bss_start__ = .
 *(.bss)
 *(.bss*)
 .bss.lpit0_ch0_flag_counter
                0x20000000        0x4 ./src/main.o
                0x20000000                lpit0_ch0_flag_counter
 .bss.__ewl_constraint_handler
                0x20000004        0x4 C:/NXP/S32DS_ARM_v2018.R1/S32DS/arm_ewl2/lib/armv7e-m\libc99.a(secure_error.o)
 *(COMMON)
 COMMON         0x20000008       0x18 ./src/FlexCAN.o
                0x20000008                RxDATA
                0x20000010                RxID
                0x20000014                RxLENGTH
                0x20000018                RxCODE
                0x2000001c                RxTIMESTAMP
                0x20000020                . = ALIGN (0x4)
                0x20000020                __bss_end__ = .
                0x20000020                __BSS_END = .

.heap           0x20000020      0x400
                0x20000020                . = ALIGN (0x8)
                0x20000020                __end__ = .
                0x20000020                PROVIDE (end, .)
                0x20000020                PROVIDE (_end, .)
                0x20000020                PROVIDE (__end, .)
                0x20000020                __HeapBase = .
                0x20000420                . = (. + HEAP_SIZE)
 *fill*         0x20000020      0x400 
                0x20000420                __HeapLimit = .
                0x20000420                __heap_limit = .

.stack          0x20000420      0x400
                0x20000420                . = ALIGN (0x8)
                0x20000820                . = (. + STACK_SIZE)
 *fill*         0x20000420      0x400 
                0x20007000                __StackTop = (ORIGIN (m_data_2) + 0x7000)
                0x20006c00                __StackLimit = (__StackTop - STACK_SIZE)
                0x20007000                PROVIDE (__stack, __StackTop)

.ARM.attributes
                0x00000000       0x31
 *(.ARM.attributes)
 .ARM.attributes
                0x00000000       0x33 ./src/main.o
 .ARM.attributes
                0x00000033       0x33 ./src/clocks_and_modes.o
 .ARM.attributes
                0x00000066       0x33 ./src/LPUART.o
 .ARM.attributes
                0x00000099       0x33 ./src/FlexCAN.o
 .ARM.attributes
                0x000000cc       0x33 ./proto/simpleNano.pb.o
 .ARM.attributes
                0x000000ff       0x33 ./proto/pb_encode.o
 .ARM.attributes
                0x00000132       0x33 ./proto/pb_decode.o
 .ARM.attributes
                0x00000165       0x33 ./proto/pb_common.o
 .ARM.attributes
                0x00000198       0x33 ./Project_Settings/Startup_Code/system_S32K144.o
 .ARM.attributes
                0x000001cb       0x1b ./Project_Settings/Startup_Code/startup_S32K144.o
 .ARM.attributes
                0x000001e6       0x33 ./Project_Settings/Startup_Code/startup.o
 .ARM.attributes
                0x00000219       0x33 C:/NXP/S32DS_ARM_v2018.R1/S32DS/arm_ewl2/lib/armv7e-m\libc99.a(sprintf.o)
 .ARM.attributes
                0x0000024c       0x33 C:/NXP/S32DS_ARM_v2018.R1/S32DS/arm_ewl2/lib/armv7e-m\libc99.a(vsnprintf.o)
 .ARM.attributes
                0x0000027f       0x33 C:/NXP/S32DS_ARM_v2018.R1/S32DS/arm_ewl2/lib/armv7e-m\libc99.a(memcpy.o)
 .ARM.attributes
                0x000002b2       0x33 C:/NXP/S32DS_ARM_v2018.R1/S32DS/arm_ewl2/lib/armv7e-m\libc99.a(memset.o)
 .ARM.attributes
                0x000002e5       0x33 C:/NXP/S32DS_ARM_v2018.R1/S32DS/arm_ewl2/lib/armv7e-m\libc99.a(__printformat.o)
 .ARM.attributes
                0x00000318       0x33 C:/NXP/S32DS_ARM_v2018.R1/S32DS/arm_ewl2/lib/armv7e-m\libc99.a(ctype_aeabi.o)
 .ARM.attributes
                0x0000034b       0x33 C:/NXP/S32DS_ARM_v2018.R1/S32DS/arm_ewl2/lib/armv7e-m\libc99.a(secure_error.o)
 .ARM.attributes
                0x0000037e       0x33 C:/NXP/S32DS_ARM_v2018.R1/S32DS/arm_ewl2/lib/armv7e-m\libc99.a(mbstowcs_s.o)
 .ARM.attributes
                0x000003b1       0x33 C:/NXP/S32DS_ARM_v2018.R1/S32DS/arm_ewl2/lib/armv7e-m\libc99.a(wctomb.o)
 .ARM.attributes
                0x000003e4       0x33 C:/NXP/S32DS_ARM_v2018.R1/S32DS/arm_ewl2/lib/armv7e-m\libc99.a(__filll_mem.o)
 .ARM.attributes
                0x00000417       0x33 C:/NXP/S32DS_ARM_v2018.R1/S32DS/arm_ewl2/lib/armv7e-m\libc99.a(memchr.o)
 .ARM.attributes
                0x0000044a       0x33 C:/NXP/S32DS_ARM_v2018.R1/S32DS/arm_ewl2/lib/armv7e-m\libc99.a(strchr.o)
 .ARM.attributes
                0x0000047d       0x33 C:/NXP/S32DS_ARM_v2018.R1/S32DS/arm_ewl2/lib/armv7e-m\libc99.a(strcpy.o)
 .ARM.attributes
                0x000004b0       0x33 C:/NXP/S32DS_ARM_v2018.R1/S32DS/arm_ewl2/lib/armv7e-m\libc99.a(strlen.o)
 .ARM.attributes
                0x000004e3       0x33 C:/NXP/S32DS_ARM_v2018.R1/S32DS/arm_ewl2/lib/armv7e-m\libc99.a(strncpy.o)
 .ARM.attributes
                0x00000516       0x33 C:/NXP/S32DS_ARM_v2018.R1/S32DS/arm_ewl2/lib/armv7e-m\libm.a(ansi_fp.o)
 .ARM.attributes
                0x00000549       0x33 C:/NXP/S32DS_ARM_v2018.R1/S32DS/arm_ewl2/lib/armv7e-m\libm.a(math_api.o)
 .ARM.attributes
                0x0000057c       0x33 C:/NXP/S32DS_ARM_v2018.R1/S32DS/arm_ewl2/lib/armv7e-m\libm.a(s_frexp.o)
 .ARM.attributes
                0x000005af       0x1e c:/nxp/s32ds_arm_v2018.r1/cross_tools/gcc-arm-none-eabi-4_9/bin/../lib/gcc/arm-none-eabi/4.9.3/armv7e-m\libgcc.a(_arm_addsubdf3.o)
 .ARM.attributes
                0x000005cd       0x1e c:/nxp/s32ds_arm_v2018.r1/cross_tools/gcc-arm-none-eabi-4_9/bin/../lib/gcc/arm-none-eabi/4.9.3/armv7e-m\libgcc.a(_arm_muldivdf3.o)
 .ARM.attributes
                0x000005eb       0x1e c:/nxp/s32ds_arm_v2018.r1/cross_tools/gcc-arm-none-eabi-4_9/bin/../lib/gcc/arm-none-eabi/4.9.3/armv7e-m\libgcc.a(_arm_cmpdf2.o)
 .ARM.attributes
                0x00000609       0x1e c:/nxp/s32ds_arm_v2018.r1/cross_tools/gcc-arm-none-eabi-4_9/bin/../lib/gcc/arm-none-eabi/4.9.3/armv7e-m\libgcc.a(_arm_fixdfsi.o)
 .ARM.attributes
                0x00000627       0x1e c:/nxp/s32ds_arm_v2018.r1/cross_tools/gcc-arm-none-eabi-4_9/bin/../lib/gcc/arm-none-eabi/4.9.3/armv7e-m\libgcc.a(_aeabi_uldivmod.o)
 .ARM.attributes
                0x00000645       0x2e c:/nxp/s32ds_arm_v2018.r1/cross_tools/gcc-arm-none-eabi-4_9/bin/../lib/gcc/arm-none-eabi/4.9.3/armv7e-m\libgcc.a(bpabi.o)
 .ARM.attributes
                0x00000673       0x1e c:/nxp/s32ds_arm_v2018.r1/cross_tools/gcc-arm-none-eabi-4_9/bin/../lib/gcc/arm-none-eabi/4.9.3/armv7e-m\libgcc.a(_dvmd_tls.o)
 .ARM.attributes
                0x00000691       0x2e c:/nxp/s32ds_arm_v2018.r1/cross_tools/gcc-arm-none-eabi-4_9/bin/../lib/gcc/arm-none-eabi/4.9.3/armv7e-m\libgcc.a(_divdi3.o)
 .ARM.attributes
                0x000006bf       0x2e c:/nxp/s32ds_arm_v2018.r1/cross_tools/gcc-arm-none-eabi-4_9/bin/../lib/gcc/arm-none-eabi/4.9.3/armv7e-m\libgcc.a(_udivdi3.o)
                0x00000001                ASSERT ((__StackLimit >= __HeapLimit), region m_data_2 overflowed with stack and heap)
OUTPUT(NIBBA.elf elf32-littlearm)

.debug_info     0x00000000     0x831b
 .debug_info    0x00000000      0xa5a ./src/main.o
 .debug_info    0x00000a5a      0x269 ./src/clocks_and_modes.o
 .debug_info    0x00000cc3      0x231 ./src/LPUART.o
 .debug_info    0x00000ef4      0x8ae ./src/FlexCAN.o
 .debug_info    0x000017a2      0x18f ./proto/simpleNano.pb.o
 .debug_info    0x00001931     0x10b3 ./proto/pb_encode.o
 .debug_info    0x000029e4     0x15a4 ./proto/pb_decode.o
 .debug_info    0x00003f88      0x28a ./proto/pb_common.o
 .debug_info    0x00004212      0x500 ./Project_Settings/Startup_Code/system_S32K144.o
 .debug_info    0x00004712       0x97 ./Project_Settings/Startup_Code/startup_S32K144.o
 .debug_info    0x000047a9      0x3eb ./Project_Settings/Startup_Code/startup.o
 .debug_info    0x00004b94      0x3ef C:/NXP/S32DS_ARM_v2018.R1/S32DS/arm_ewl2/lib/armv7e-m\libc99.a(sprintf.o)
 .debug_info    0x00004f83      0x4cb C:/NXP/S32DS_ARM_v2018.R1/S32DS/arm_ewl2/lib/armv7e-m\libc99.a(vsnprintf.o)
 .debug_info    0x0000544e      0x111 C:/NXP/S32DS_ARM_v2018.R1/S32DS/arm_ewl2/lib/armv7e-m\libc99.a(memcpy.o)
 .debug_info    0x0000555f       0xec C:/NXP/S32DS_ARM_v2018.R1/S32DS/arm_ewl2/lib/armv7e-m\libc99.a(memset.o)
 .debug_info    0x0000564b      0xe0d C:/NXP/S32DS_ARM_v2018.R1/S32DS/arm_ewl2/lib/armv7e-m\libc99.a(__printformat.o)
 .debug_info    0x00006458      0x306 C:/NXP/S32DS_ARM_v2018.R1/S32DS/arm_ewl2/lib/armv7e-m\libc99.a(ctype_aeabi.o)
 .debug_info    0x0000675e      0x248 C:/NXP/S32DS_ARM_v2018.R1/S32DS/arm_ewl2/lib/armv7e-m\libc99.a(secure_error.o)
 .debug_info    0x000069a6      0x570 C:/NXP/S32DS_ARM_v2018.R1/S32DS/arm_ewl2/lib/armv7e-m\libc99.a(mbstowcs_s.o)
 .debug_info    0x00006f16      0x3e5 C:/NXP/S32DS_ARM_v2018.R1/S32DS/arm_ewl2/lib/armv7e-m\libc99.a(wctomb.o)
 .debug_info    0x000072fb      0x137 C:/NXP/S32DS_ARM_v2018.R1/S32DS/arm_ewl2/lib/armv7e-m\libc99.a(__filll_mem.o)
 .debug_info    0x00007432      0x121 C:/NXP/S32DS_ARM_v2018.R1/S32DS/arm_ewl2/lib/armv7e-m\libc99.a(memchr.o)
 .debug_info    0x00007553      0x106 C:/NXP/S32DS_ARM_v2018.R1/S32DS/arm_ewl2/lib/armv7e-m\libc99.a(strchr.o)
 .debug_info    0x00007659      0x10e C:/NXP/S32DS_ARM_v2018.R1/S32DS/arm_ewl2/lib/armv7e-m\libc99.a(strcpy.o)
 .debug_info    0x00007767       0xeb C:/NXP/S32DS_ARM_v2018.R1/S32DS/arm_ewl2/lib/armv7e-m\libc99.a(strlen.o)
 .debug_info    0x00007852      0x108 C:/NXP/S32DS_ARM_v2018.R1/S32DS/arm_ewl2/lib/armv7e-m\libc99.a(strncpy.o)
 .debug_info    0x0000795a      0x51d C:/NXP/S32DS_ARM_v2018.R1/S32DS/arm_ewl2/lib/armv7e-m\libm.a(ansi_fp.o)
 .debug_info    0x00007e77      0x303 C:/NXP/S32DS_ARM_v2018.R1/S32DS/arm_ewl2/lib/armv7e-m\libm.a(math_api.o)
 .debug_info    0x0000817a      0x1a1 C:/NXP/S32DS_ARM_v2018.R1/S32DS/arm_ewl2/lib/armv7e-m\libm.a(s_frexp.o)

.debug_abbrev   0x00000000     0x1f28
 .debug_abbrev  0x00000000      0x1da ./src/main.o
 .debug_abbrev  0x000001da       0xc2 ./src/clocks_and_modes.o
 .debug_abbrev  0x0000029c      0x146 ./src/LPUART.o
 .debug_abbrev  0x000003e2      0x200 ./src/FlexCAN.o
 .debug_abbrev  0x000005e2       0x9b ./proto/simpleNano.pb.o
 .debug_abbrev  0x0000067d      0x26f ./proto/pb_encode.o
 .debug_abbrev  0x000008ec      0x294 ./proto/pb_decode.o
 .debug_abbrev  0x00000b80      0x10b ./proto/pb_common.o
 .debug_abbrev  0x00000c8b      0x118 ./Project_Settings/Startup_Code/system_S32K144.o
 .debug_abbrev  0x00000da3       0x14 ./Project_Settings/Startup_Code/startup_S32K144.o
 .debug_abbrev  0x00000db7      0x101 ./Project_Settings/Startup_Code/startup.o
 .debug_abbrev  0x00000eb8      0x12d C:/NXP/S32DS_ARM_v2018.R1/S32DS/arm_ewl2/lib/armv7e-m\libc99.a(sprintf.o)
 .debug_abbrev  0x00000fe5      0x150 C:/NXP/S32DS_ARM_v2018.R1/S32DS/arm_ewl2/lib/armv7e-m\libc99.a(vsnprintf.o)
 .debug_abbrev  0x00001135       0x95 C:/NXP/S32DS_ARM_v2018.R1/S32DS/arm_ewl2/lib/armv7e-m\libc99.a(memcpy.o)
 .debug_abbrev  0x000011ca       0x62 C:/NXP/S32DS_ARM_v2018.R1/S32DS/arm_ewl2/lib/armv7e-m\libc99.a(memset.o)
 .debug_abbrev  0x0000122c      0x29d C:/NXP/S32DS_ARM_v2018.R1/S32DS/arm_ewl2/lib/armv7e-m\libc99.a(__printformat.o)
 .debug_abbrev  0x000014c9       0x85 C:/NXP/S32DS_ARM_v2018.R1/S32DS/arm_ewl2/lib/armv7e-m\libc99.a(ctype_aeabi.o)
 .debug_abbrev  0x0000154e      0x140 C:/NXP/S32DS_ARM_v2018.R1/S32DS/arm_ewl2/lib/armv7e-m\libc99.a(secure_error.o)
 .debug_abbrev  0x0000168e      0x132 C:/NXP/S32DS_ARM_v2018.R1/S32DS/arm_ewl2/lib/armv7e-m\libc99.a(mbstowcs_s.o)
 .debug_abbrev  0x000017c0      0x126 C:/NXP/S32DS_ARM_v2018.R1/S32DS/arm_ewl2/lib/armv7e-m\libc99.a(wctomb.o)
 .debug_abbrev  0x000018e6       0x78 C:/NXP/S32DS_ARM_v2018.R1/S32DS/arm_ewl2/lib/armv7e-m\libc99.a(__filll_mem.o)
 .debug_abbrev  0x0000195e       0x95 C:/NXP/S32DS_ARM_v2018.R1/S32DS/arm_ewl2/lib/armv7e-m\libc99.a(memchr.o)
 .debug_abbrev  0x000019f3       0x89 C:/NXP/S32DS_ARM_v2018.R1/S32DS/arm_ewl2/lib/armv7e-m\libc99.a(strchr.o)
 .debug_abbrev  0x00001a7c       0x96 C:/NXP/S32DS_ARM_v2018.R1/S32DS/arm_ewl2/lib/armv7e-m\libc99.a(strcpy.o)
 .debug_abbrev  0x00001b12       0x7a C:/NXP/S32DS_ARM_v2018.R1/S32DS/arm_ewl2/lib/armv7e-m\libc99.a(strlen.o)
 .debug_abbrev  0x00001b8c       0x89 C:/NXP/S32DS_ARM_v2018.R1/S32DS/arm_ewl2/lib/armv7e-m\libc99.a(strncpy.o)
 .debug_abbrev  0x00001c15      0x15d C:/NXP/S32DS_ARM_v2018.R1/S32DS/arm_ewl2/lib/armv7e-m\libm.a(ansi_fp.o)
 .debug_abbrev  0x00001d72       0xe8 C:/NXP/S32DS_ARM_v2018.R1/S32DS/arm_ewl2/lib/armv7e-m\libm.a(math_api.o)
 .debug_abbrev  0x00001e5a       0xce C:/NXP/S32DS_ARM_v2018.R1/S32DS/arm_ewl2/lib/armv7e-m\libm.a(s_frexp.o)

.debug_aranges  0x00000000      0x7a8
 .debug_aranges
                0x00000000       0x48 ./src/main.o
 .debug_aranges
                0x00000048       0x30 ./src/clocks_and_modes.o
 .debug_aranges
                0x00000078       0x40 ./src/LPUART.o
 .debug_aranges
                0x000000b8       0x40 ./src/FlexCAN.o
 .debug_aranges
                0x000000f8       0x18 ./proto/simpleNano.pb.o
 .debug_aranges
                0x00000110      0x118 ./proto/pb_encode.o
 .debug_aranges
                0x00000228      0x160 ./proto/pb_decode.o
 .debug_aranges
                0x00000388       0x30 ./proto/pb_common.o
 .debug_aranges
                0x000003b8       0x30 ./Project_Settings/Startup_Code/system_S32K144.o
 .debug_aranges
                0x000003e8       0x20 ./Project_Settings/Startup_Code/startup_S32K144.o
 .debug_aranges
                0x00000408       0x20 ./Project_Settings/Startup_Code/startup.o
 .debug_aranges
                0x00000428       0x28 C:/NXP/S32DS_ARM_v2018.R1/S32DS/arm_ewl2/lib/armv7e-m\libc99.a(sprintf.o)
 .debug_aranges
                0x00000450       0x30 C:/NXP/S32DS_ARM_v2018.R1/S32DS/arm_ewl2/lib/armv7e-m\libc99.a(vsnprintf.o)
 .debug_aranges
                0x00000480       0x20 C:/NXP/S32DS_ARM_v2018.R1/S32DS/arm_ewl2/lib/armv7e-m\libc99.a(memcpy.o)
 .debug_aranges
                0x000004a0       0x20 C:/NXP/S32DS_ARM_v2018.R1/S32DS/arm_ewl2/lib/armv7e-m\libc99.a(memset.o)
 .debug_aranges
                0x000004c0       0x48 C:/NXP/S32DS_ARM_v2018.R1/S32DS/arm_ewl2/lib/armv7e-m\libc99.a(__printformat.o)
 .debug_aranges
                0x00000508       0x88 C:/NXP/S32DS_ARM_v2018.R1/S32DS/arm_ewl2/lib/armv7e-m\libc99.a(ctype_aeabi.o)
 .debug_aranges
                0x00000590       0x40 C:/NXP/S32DS_ARM_v2018.R1/S32DS/arm_ewl2/lib/armv7e-m\libc99.a(secure_error.o)
 .debug_aranges
                0x000005d0       0x38 C:/NXP/S32DS_ARM_v2018.R1/S32DS/arm_ewl2/lib/armv7e-m\libc99.a(mbstowcs_s.o)
 .debug_aranges
                0x00000608       0x30 C:/NXP/S32DS_ARM_v2018.R1/S32DS/arm_ewl2/lib/armv7e-m\libc99.a(wctomb.o)
 .debug_aranges
                0x00000638       0x20 C:/NXP/S32DS_ARM_v2018.R1/S32DS/arm_ewl2/lib/armv7e-m\libc99.a(__filll_mem.o)
 .debug_aranges
                0x00000658       0x20 C:/NXP/S32DS_ARM_v2018.R1/S32DS/arm_ewl2/lib/armv7e-m\libc99.a(memchr.o)
 .debug_aranges
                0x00000678       0x20 C:/NXP/S32DS_ARM_v2018.R1/S32DS/arm_ewl2/lib/armv7e-m\libc99.a(strchr.o)
 .debug_aranges
                0x00000698       0x20 C:/NXP/S32DS_ARM_v2018.R1/S32DS/arm_ewl2/lib/armv7e-m\libc99.a(strcpy.o)
 .debug_aranges
                0x000006b8       0x20 C:/NXP/S32DS_ARM_v2018.R1/S32DS/arm_ewl2/lib/armv7e-m\libc99.a(strlen.o)
 .debug_aranges
                0x000006d8       0x20 C:/NXP/S32DS_ARM_v2018.R1/S32DS/arm_ewl2/lib/armv7e-m\libc99.a(strncpy.o)
 .debug_aranges
                0x000006f8       0x30 C:/NXP/S32DS_ARM_v2018.R1/S32DS/arm_ewl2/lib/armv7e-m\libm.a(ansi_fp.o)
 .debug_aranges
                0x00000728       0x60 C:/NXP/S32DS_ARM_v2018.R1/S32DS/arm_ewl2/lib/armv7e-m\libm.a(math_api.o)
 .debug_aranges
                0x00000788       0x20 C:/NXP/S32DS_ARM_v2018.R1/S32DS/arm_ewl2/lib/armv7e-m\libm.a(s_frexp.o)

.debug_ranges   0x00000000      0x360
 .debug_ranges  0x00000000       0x38 ./src/main.o
 .debug_ranges  0x00000038       0x20 ./src/clocks_and_modes.o
 .debug_ranges  0x00000058       0x30 ./src/LPUART.o
 .debug_ranges  0x00000088       0x30 ./src/FlexCAN.o
 .debug_ranges  0x000000b8      0x108 ./proto/pb_encode.o
 .debug_ranges  0x000001c0      0x150 ./proto/pb_decode.o
 .debug_ranges  0x00000310       0x20 ./proto/pb_common.o
 .debug_ranges  0x00000330       0x20 ./Project_Settings/Startup_Code/system_S32K144.o
 .debug_ranges  0x00000350       0x10 ./Project_Settings/Startup_Code/startup.o

.debug_macro    0x00000000    0x106be
 .debug_macro   0x00000000      0x165 ./src/main.o
 .debug_macro   0x00000165      0x868 ./src/main.o
 .debug_macro   0x000009cd       0x52 ./src/main.o
 .debug_macro   0x00000a1f       0xa0 ./src/main.o
 .debug_macro   0x00000abf       0x16 ./src/main.o
 .debug_macro   0x00000ad5       0x19 ./src/main.o
 .debug_macro   0x00000aee       0x64 ./src/main.o
 .debug_macro   0x00000b52      0x185 ./src/main.o
 .debug_macro   0x00000cd7      0x140 ./src/main.o
 .debug_macro   0x00000e17       0x9d ./src/main.o
 .debug_macro   0x00000eb4       0x10 ./src/main.o
 .debug_macro   0x00000ec4      0x15b ./src/main.o
 .debug_macro   0x0000101f       0x28 ./src/main.o
 .debug_macro   0x00001047       0x58 ./src/main.o
 .debug_macro   0x0000109f     0xdf8d ./src/main.o
 .debug_macro   0x0000f02c       0x10 ./src/main.o
 .debug_macro   0x0000f03c       0x10 ./src/main.o
 .debug_macro   0x0000f04c       0x16 ./src/main.o
 .debug_macro   0x0000f062       0x16 ./src/main.o
 .debug_macro   0x0000f078       0x16 ./src/main.o
 .debug_macro   0x0000f08e       0x22 ./src/main.o
 .debug_macro   0x0000f0b0       0x10 ./src/main.o
 .debug_macro   0x0000f0c0      0x27a ./src/main.o
 .debug_macro   0x0000f33a       0x28 ./src/main.o
 .debug_macro   0x0000f362       0xb0 ./src/clocks_and_modes.o
 .debug_macro   0x0000f412       0xb0 ./src/LPUART.o
 .debug_macro   0x0000f4c2      0x14c ./src/FlexCAN.o
 .debug_macro   0x0000f60e       0x22 ./src/FlexCAN.o
 .debug_macro   0x0000f630       0x10 ./src/FlexCAN.o
 .debug_macro   0x0000f640      0x11b ./proto/simpleNano.pb.o
 .debug_macro   0x0000f75b      0x131 ./proto/pb_encode.o
 .debug_macro   0x0000f88c      0x132 ./proto/pb_decode.o
 .debug_macro   0x0000f9be      0x116 ./proto/pb_common.o
 .debug_macro   0x0000fad4       0xe9 ./Project_Settings/Startup_Code/system_S32K144.o
 .debug_macro   0x0000fbbd       0x10 ./Project_Settings/Startup_Code/system_S32K144.o
 .debug_macro   0x0000fbcd       0x6d ./Project_Settings/Startup_Code/system_S32K144.o
 .debug_macro   0x0000fc3a      0x978 ./Project_Settings/Startup_Code/system_S32K144.o
 .debug_macro   0x000105b2       0x22 ./Project_Settings/Startup_Code/system_S32K144.o
 .debug_macro   0x000105d4       0xea ./Project_Settings/Startup_Code/startup.o

.debug_line     0x00000000     0x3aaf
 .debug_line    0x00000000      0x3b5 ./src/main.o
 .debug_line    0x000003b5      0x233 ./src/clocks_and_modes.o
 .debug_line    0x000005e8      0x22c ./src/LPUART.o
 .debug_line    0x00000814      0x393 ./src/FlexCAN.o
 .debug_line    0x00000ba7      0x1f6 ./proto/simpleNano.pb.o
 .debug_line    0x00000d9d      0x6ea ./proto/pb_encode.o
 .debug_line    0x00001487      0xa12 ./proto/pb_decode.o
 .debug_line    0x00001e99      0x25d ./proto/pb_common.o
 .debug_line    0x000020f6      0x2a6 ./Project_Settings/Startup_Code/system_S32K144.o
 .debug_line    0x0000239c       0x83 ./Project_Settings/Startup_Code/startup_S32K144.o
 .debug_line    0x0000241f      0x26b ./Project_Settings/Startup_Code/startup.o
 .debug_line    0x0000268a       0xda C:/NXP/S32DS_ARM_v2018.R1/S32DS/arm_ewl2/lib/armv7e-m\libc99.a(sprintf.o)
 .debug_line    0x00002764      0x10b C:/NXP/S32DS_ARM_v2018.R1/S32DS/arm_ewl2/lib/armv7e-m\libc99.a(vsnprintf.o)
 .debug_line    0x0000286f       0x88 C:/NXP/S32DS_ARM_v2018.R1/S32DS/arm_ewl2/lib/armv7e-m\libc99.a(memcpy.o)
 .debug_line    0x000028f7       0x8f C:/NXP/S32DS_ARM_v2018.R1/S32DS/arm_ewl2/lib/armv7e-m\libc99.a(memset.o)
 .debug_line    0x00002986      0x560 C:/NXP/S32DS_ARM_v2018.R1/S32DS/arm_ewl2/lib/armv7e-m\libc99.a(__printformat.o)
 .debug_line    0x00002ee6      0x180 C:/NXP/S32DS_ARM_v2018.R1/S32DS/arm_ewl2/lib/armv7e-m\libc99.a(ctype_aeabi.o)
 .debug_line    0x00003066       0xd1 C:/NXP/S32DS_ARM_v2018.R1/S32DS/arm_ewl2/lib/armv7e-m\libc99.a(secure_error.o)
 .debug_line    0x00003137      0x16e C:/NXP/S32DS_ARM_v2018.R1/S32DS/arm_ewl2/lib/armv7e-m\libc99.a(mbstowcs_s.o)
 .debug_line    0x000032a5       0xe1 C:/NXP/S32DS_ARM_v2018.R1/S32DS/arm_ewl2/lib/armv7e-m\libc99.a(wctomb.o)
 .debug_line    0x00003386       0xb2 C:/NXP/S32DS_ARM_v2018.R1/S32DS/arm_ewl2/lib/armv7e-m\libc99.a(__filll_mem.o)
 .debug_line    0x00003438       0x93 C:/NXP/S32DS_ARM_v2018.R1/S32DS/arm_ewl2/lib/armv7e-m\libc99.a(memchr.o)
 .debug_line    0x000034cb       0x7c C:/NXP/S32DS_ARM_v2018.R1/S32DS/arm_ewl2/lib/armv7e-m\libc99.a(strchr.o)
 .debug_line    0x00003547       0x7c C:/NXP/S32DS_ARM_v2018.R1/S32DS/arm_ewl2/lib/armv7e-m\libc99.a(strcpy.o)
 .debug_line    0x000035c3       0x84 C:/NXP/S32DS_ARM_v2018.R1/S32DS/arm_ewl2/lib/armv7e-m\libc99.a(strlen.o)
 .debug_line    0x00003647       0x8b C:/NXP/S32DS_ARM_v2018.R1/S32DS/arm_ewl2/lib/armv7e-m\libc99.a(strncpy.o)
 .debug_line    0x000036d2      0x1af C:/NXP/S32DS_ARM_v2018.R1/S32DS/arm_ewl2/lib/armv7e-m\libm.a(ansi_fp.o)
 .debug_line    0x00003881      0x175 C:/NXP/S32DS_ARM_v2018.R1/S32DS/arm_ewl2/lib/armv7e-m\libm.a(math_api.o)
 .debug_line    0x000039f6       0xb9 C:/NXP/S32DS_ARM_v2018.R1/S32DS/arm_ewl2/lib/armv7e-m\libm.a(s_frexp.o)

.debug_str      0x00000000    0x65b39
 .debug_str     0x00000000    0x5fb8f ./src/main.o
                              0x5fc88 (size before relaxing)
 .debug_str     0x0005fb8f       0xd1 ./src/clocks_and_modes.o
                              0x5dd65 (size before relaxing)
 .debug_str     0x0005fc60       0xd2 ./src/LPUART.o
                              0x5dd3a (size before relaxing)
 .debug_str     0x0005fd32       0xf2 ./src/FlexCAN.o
                              0x5fc31 (size before relaxing)
 .debug_str     0x0005fe24       0x19 ./proto/simpleNano.pb.o
                               0x5c47 (size before relaxing)
 .debug_str     0x0005fe3d      0x453 ./proto/pb_encode.o
                               0x60c3 (size before relaxing)
 .debug_str     0x00060290      0x416 ./proto/pb_decode.o
                               0x621d (size before relaxing)
 .debug_str     0x000606a6       0x64 ./proto/pb_common.o
                               0x5c0f (size before relaxing)
 .debug_str     0x0006070a     0x4787 ./Project_Settings/Startup_Code/system_S32K144.o
                              0x624ee (size before relaxing)
 .debug_str     0x00064e91      0x120 ./Project_Settings/Startup_Code/startup.o
                              0x62425 (size before relaxing)
 .debug_str     0x00064fb1      0x2fb C:/NXP/S32DS_ARM_v2018.R1/S32DS/arm_ewl2/lib/armv7e-m\libc99.a(sprintf.o)
                                0x3f4 (size before relaxing)
 .debug_str     0x000652ac       0x83 C:/NXP/S32DS_ARM_v2018.R1/S32DS/arm_ewl2/lib/armv7e-m\libc99.a(vsnprintf.o)
                                0x456 (size before relaxing)
 .debug_str     0x0006532f       0x1c C:/NXP/S32DS_ARM_v2018.R1/S32DS/arm_ewl2/lib/armv7e-m\libc99.a(memcpy.o)
                                0x217 (size before relaxing)
 .debug_str     0x0006534b       0x1c C:/NXP/S32DS_ARM_v2018.R1/S32DS/arm_ewl2/lib/armv7e-m\libc99.a(memset.o)
                                0x21f (size before relaxing)
 .debug_str     0x00065367      0x382 C:/NXP/S32DS_ARM_v2018.R1/S32DS/arm_ewl2/lib/armv7e-m\libc99.a(__printformat.o)
                                0x80e (size before relaxing)
 .debug_str     0x000656e9       0x9d C:/NXP/S32DS_ARM_v2018.R1/S32DS/arm_ewl2/lib/armv7e-m\libc99.a(ctype_aeabi.o)
                                0x29b (size before relaxing)
 .debug_str     0x00065786       0xd0 C:/NXP/S32DS_ARM_v2018.R1/S32DS/arm_ewl2/lib/armv7e-m\libc99.a(secure_error.o)
                                0x2d2 (size before relaxing)
 .debug_str     0x00065856       0x64 C:/NXP/S32DS_ARM_v2018.R1/S32DS/arm_ewl2/lib/armv7e-m\libc99.a(mbstowcs_s.o)
                                0x442 (size before relaxing)
 .debug_str     0x000658ba       0x2b C:/NXP/S32DS_ARM_v2018.R1/S32DS/arm_ewl2/lib/armv7e-m\libc99.a(wctomb.o)
                                0x3e6 (size before relaxing)
 .debug_str     0x000658e5       0x25 C:/NXP/S32DS_ARM_v2018.R1/S32DS/arm_ewl2/lib/armv7e-m\libc99.a(__filll_mem.o)
                                0x231 (size before relaxing)
 .debug_str     0x0006590a       0x1c C:/NXP/S32DS_ARM_v2018.R1/S32DS/arm_ewl2/lib/armv7e-m\libc99.a(memchr.o)
                                0x227 (size before relaxing)
 .debug_str     0x00065926       0x1c C:/NXP/S32DS_ARM_v2018.R1/S32DS/arm_ewl2/lib/armv7e-m\libc99.a(strchr.o)
                                0x216 (size before relaxing)
 .debug_str     0x00065942       0x1c C:/NXP/S32DS_ARM_v2018.R1/S32DS/arm_ewl2/lib/armv7e-m\libc99.a(strcpy.o)
                                0x221 (size before relaxing)
 .debug_str     0x0006595e       0x1c C:/NXP/S32DS_ARM_v2018.R1/S32DS/arm_ewl2/lib/armv7e-m\libc99.a(strlen.o)
                                0x21f (size before relaxing)
 .debug_str     0x0006597a       0x1e C:/NXP/S32DS_ARM_v2018.R1/S32DS/arm_ewl2/lib/armv7e-m\libc99.a(strncpy.o)
                                0x219 (size before relaxing)
 .debug_str     0x00065998       0x98 C:/NXP/S32DS_ARM_v2018.R1/S32DS/arm_ewl2/lib/armv7e-m\libm.a(ansi_fp.o)
                                0x2f8 (size before relaxing)
 .debug_str     0x00065a30       0xe5 C:/NXP/S32DS_ARM_v2018.R1/S32DS/arm_ewl2/lib/armv7e-m\libm.a(math_api.o)
                                0x307 (size before relaxing)
 .debug_str     0x00065b15       0x24 C:/NXP/S32DS_ARM_v2018.R1/S32DS/arm_ewl2/lib/armv7e-m\libm.a(s_frexp.o)
                                0x23c (size before relaxing)

.comment        0x00000000       0x70
 .comment       0x00000000       0x70 ./src/main.o
                                 0x71 (size before relaxing)
 .comment       0x00000000       0x71 ./src/clocks_and_modes.o
 .comment       0x00000000       0x71 ./src/LPUART.o
 .comment       0x00000000       0x71 ./src/FlexCAN.o
 .comment       0x00000000       0x71 ./proto/simpleNano.pb.o
 .comment       0x00000000       0x71 ./proto/pb_encode.o
 .comment       0x00000000       0x71 ./proto/pb_decode.o
 .comment       0x00000000       0x71 ./proto/pb_common.o
 .comment       0x00000000       0x71 ./Project_Settings/Startup_Code/system_S32K144.o
 .comment       0x00000000       0x71 ./Project_Settings/Startup_Code/startup.o
 .comment       0x00000000       0x71 C:/NXP/S32DS_ARM_v2018.R1/S32DS/arm_ewl2/lib/armv7e-m\libc99.a(sprintf.o)
 .comment       0x00000000       0x71 C:/NXP/S32DS_ARM_v2018.R1/S32DS/arm_ewl2/lib/armv7e-m\libc99.a(vsnprintf.o)
 .comment       0x00000000       0x71 C:/NXP/S32DS_ARM_v2018.R1/S32DS/arm_ewl2/lib/armv7e-m\libc99.a(memcpy.o)
 .comment       0x00000000       0x71 C:/NXP/S32DS_ARM_v2018.R1/S32DS/arm_ewl2/lib/armv7e-m\libc99.a(memset.o)
 .comment       0x00000000       0x71 C:/NXP/S32DS_ARM_v2018.R1/S32DS/arm_ewl2/lib/armv7e-m\libc99.a(__printformat.o)
 .comment       0x00000000       0x71 C:/NXP/S32DS_ARM_v2018.R1/S32DS/arm_ewl2/lib/armv7e-m\libc99.a(ctype_aeabi.o)
 .comment       0x00000000       0x71 C:/NXP/S32DS_ARM_v2018.R1/S32DS/arm_ewl2/lib/armv7e-m\libc99.a(secure_error.o)
 .comment       0x00000000       0x71 C:/NXP/S32DS_ARM_v2018.R1/S32DS/arm_ewl2/lib/armv7e-m\libc99.a(mbstowcs_s.o)
 .comment       0x00000000       0x71 C:/NXP/S32DS_ARM_v2018.R1/S32DS/arm_ewl2/lib/armv7e-m\libc99.a(wctomb.o)
 .comment       0x00000000       0x71 C:/NXP/S32DS_ARM_v2018.R1/S32DS/arm_ewl2/lib/armv7e-m\libc99.a(__filll_mem.o)
 .comment       0x00000000       0x71 C:/NXP/S32DS_ARM_v2018.R1/S32DS/arm_ewl2/lib/armv7e-m\libc99.a(memchr.o)
 .comment       0x00000000       0x71 C:/NXP/S32DS_ARM_v2018.R1/S32DS/arm_ewl2/lib/armv7e-m\libc99.a(strchr.o)
 .comment       0x00000000       0x71 C:/NXP/S32DS_ARM_v2018.R1/S32DS/arm_ewl2/lib/armv7e-m\libc99.a(strcpy.o)
 .comment       0x00000000       0x71 C:/NXP/S32DS_ARM_v2018.R1/S32DS/arm_ewl2/lib/armv7e-m\libc99.a(strlen.o)
 .comment       0x00000000       0x71 C:/NXP/S32DS_ARM_v2018.R1/S32DS/arm_ewl2/lib/armv7e-m\libc99.a(strncpy.o)
 .comment       0x00000000       0x71 C:/NXP/S32DS_ARM_v2018.R1/S32DS/arm_ewl2/lib/armv7e-m\libm.a(ansi_fp.o)
 .comment       0x00000000       0x71 C:/NXP/S32DS_ARM_v2018.R1/S32DS/arm_ewl2/lib/armv7e-m\libm.a(math_api.o)
 .comment       0x00000000       0x71 C:/NXP/S32DS_ARM_v2018.R1/S32DS/arm_ewl2/lib/armv7e-m\libm.a(s_frexp.o)

.debug_frame    0x00000000     0x161c
 .debug_frame   0x00000000       0xcc ./src/main.o
 .debug_frame   0x000000cc       0x70 ./src/clocks_and_modes.o
 .debug_frame   0x0000013c       0xc8 ./src/LPUART.o
 .debug_frame   0x00000204       0xc8 ./src/FlexCAN.o
 .debug_frame   0x000002cc      0x4c0 ./proto/pb_encode.o
 .debug_frame   0x0000078c      0x608 ./proto/pb_decode.o
 .debug_frame   0x00000d94       0x80 ./proto/pb_common.o
 .debug_frame   0x00000e14       0x80 ./Project_Settings/Startup_Code/system_S32K144.o
 .debug_frame   0x00000e94       0x38 ./Project_Settings/Startup_Code/startup.o
 .debug_frame   0x00000ecc       0x4c C:/NXP/S32DS_ARM_v2018.R1/S32DS/arm_ewl2/lib/armv7e-m\libc99.a(sprintf.o)
 .debug_frame   0x00000f18       0x60 C:/NXP/S32DS_ARM_v2018.R1/S32DS/arm_ewl2/lib/armv7e-m\libc99.a(vsnprintf.o)
 .debug_frame   0x00000f78       0x28 C:/NXP/S32DS_ARM_v2018.R1/S32DS/arm_ewl2/lib/armv7e-m\libc99.a(memcpy.o)
 .debug_frame   0x00000fa0       0x28 C:/NXP/S32DS_ARM_v2018.R1/S32DS/arm_ewl2/lib/armv7e-m\libc99.a(memset.o)
 .debug_frame   0x00000fc8       0xf8 C:/NXP/S32DS_ARM_v2018.R1/S32DS/arm_ewl2/lib/armv7e-m\libc99.a(__printformat.o)
 .debug_frame   0x000010c0       0xf0 C:/NXP/S32DS_ARM_v2018.R1/S32DS/arm_ewl2/lib/armv7e-m\libc99.a(ctype_aeabi.o)
 .debug_frame   0x000011b0       0x68 C:/NXP/S32DS_ARM_v2018.R1/S32DS/arm_ewl2/lib/armv7e-m\libc99.a(secure_error.o)
 .debug_frame   0x00001218       0x94 C:/NXP/S32DS_ARM_v2018.R1/S32DS/arm_ewl2/lib/armv7e-m\libc99.a(mbstowcs_s.o)
 .debug_frame   0x000012ac       0x40 C:/NXP/S32DS_ARM_v2018.R1/S32DS/arm_ewl2/lib/armv7e-m\libc99.a(wctomb.o)
 .debug_frame   0x000012ec       0x28 C:/NXP/S32DS_ARM_v2018.R1/S32DS/arm_ewl2/lib/armv7e-m\libc99.a(__filll_mem.o)
 .debug_frame   0x00001314       0x28 C:/NXP/S32DS_ARM_v2018.R1/S32DS/arm_ewl2/lib/armv7e-m\libc99.a(memchr.o)
 .debug_frame   0x0000133c       0x20 C:/NXP/S32DS_ARM_v2018.R1/S32DS/arm_ewl2/lib/armv7e-m\libc99.a(strchr.o)
 .debug_frame   0x0000135c       0x20 C:/NXP/S32DS_ARM_v2018.R1/S32DS/arm_ewl2/lib/armv7e-m\libc99.a(strcpy.o)
 .debug_frame   0x0000137c       0x20 C:/NXP/S32DS_ARM_v2018.R1/S32DS/arm_ewl2/lib/armv7e-m\libc99.a(strlen.o)
 .debug_frame   0x0000139c       0x28 C:/NXP/S32DS_ARM_v2018.R1/S32DS/arm_ewl2/lib/armv7e-m\libc99.a(strncpy.o)
 .debug_frame   0x000013c4       0x84 C:/NXP/S32DS_ARM_v2018.R1/S32DS/arm_ewl2/lib/armv7e-m\libm.a(ansi_fp.o)
 .debug_frame   0x00001448       0xcc C:/NXP/S32DS_ARM_v2018.R1/S32DS/arm_ewl2/lib/armv7e-m\libm.a(math_api.o)
 .debug_frame   0x00001514       0x2c C:/NXP/S32DS_ARM_v2018.R1/S32DS/arm_ewl2/lib/armv7e-m\libm.a(s_frexp.o)
 .debug_frame   0x00001540       0x28 c:/nxp/s32ds_arm_v2018.r1/cross_tools/gcc-arm-none-eabi-4_9/bin/../lib/gcc/arm-none-eabi/4.9.3/armv7e-m\libgcc.a(_aeabi_uldivmod.o)
 .debug_frame   0x00001568       0x50 c:/nxp/s32ds_arm_v2018.r1/cross_tools/gcc-arm-none-eabi-4_9/bin/../lib/gcc/arm-none-eabi/4.9.3/armv7e-m\libgcc.a(bpabi.o)
 .debug_frame   0x000015b8       0x34 c:/nxp/s32ds_arm_v2018.r1/cross_tools/gcc-arm-none-eabi-4_9/bin/../lib/gcc/arm-none-eabi/4.9.3/armv7e-m\libgcc.a(_divdi3.o)
 .debug_frame   0x000015ec       0x30 c:/nxp/s32ds_arm_v2018.r1/cross_tools/gcc-arm-none-eabi-4_9/bin/../lib/gcc/arm-none-eabi/4.9.3/armv7e-m\libgcc.a(_udivdi3.o)

.debug_loc      0x00000000     0x39de
 .debug_loc     0x00000000       0x63 C:/NXP/S32DS_ARM_v2018.R1/S32DS/arm_ewl2/lib/armv7e-m\libc99.a(sprintf.o)
 .debug_loc     0x00000063      0x11c C:/NXP/S32DS_ARM_v2018.R1/S32DS/arm_ewl2/lib/armv7e-m\libc99.a(vsnprintf.o)
 .debug_loc     0x0000017f       0x77 C:/NXP/S32DS_ARM_v2018.R1/S32DS/arm_ewl2/lib/armv7e-m\libc99.a(memcpy.o)
 .debug_loc     0x000001f6       0x64 C:/NXP/S32DS_ARM_v2018.R1/S32DS/arm_ewl2/lib/armv7e-m\libc99.a(memset.o)
 .debug_loc     0x0000025a     0x24ea C:/NXP/S32DS_ARM_v2018.R1/S32DS/arm_ewl2/lib/armv7e-m\libc99.a(__printformat.o)
 .debug_loc     0x00002744      0x120 C:/NXP/S32DS_ARM_v2018.R1/S32DS/arm_ewl2/lib/armv7e-m\libc99.a(ctype_aeabi.o)
 .debug_loc     0x00002864       0xe8 C:/NXP/S32DS_ARM_v2018.R1/S32DS/arm_ewl2/lib/armv7e-m\libc99.a(secure_error.o)
 .debug_loc     0x0000294c      0x437 C:/NXP/S32DS_ARM_v2018.R1/S32DS/arm_ewl2/lib/armv7e-m\libc99.a(mbstowcs_s.o)
 .debug_loc     0x00002d83       0x44 C:/NXP/S32DS_ARM_v2018.R1/S32DS/arm_ewl2/lib/armv7e-m\libc99.a(wctomb.o)
 .debug_loc     0x00002dc7      0x16b C:/NXP/S32DS_ARM_v2018.R1/S32DS/arm_ewl2/lib/armv7e-m\libc99.a(__filll_mem.o)
 .debug_loc     0x00002f32       0x77 C:/NXP/S32DS_ARM_v2018.R1/S32DS/arm_ewl2/lib/armv7e-m\libc99.a(memchr.o)
 .debug_loc     0x00002fa9       0x44 C:/NXP/S32DS_ARM_v2018.R1/S32DS/arm_ewl2/lib/armv7e-m\libc99.a(strchr.o)
 .debug_loc     0x00002fed       0x26 C:/NXP/S32DS_ARM_v2018.R1/S32DS/arm_ewl2/lib/armv7e-m\libc99.a(strcpy.o)
 .debug_loc     0x00003013       0x26 C:/NXP/S32DS_ARM_v2018.R1/S32DS/arm_ewl2/lib/armv7e-m\libc99.a(strlen.o)
 .debug_loc     0x00003039       0xb9 C:/NXP/S32DS_ARM_v2018.R1/S32DS/arm_ewl2/lib/armv7e-m\libc99.a(strncpy.o)
 .debug_loc     0x000030f2      0x596 C:/NXP/S32DS_ARM_v2018.R1/S32DS/arm_ewl2/lib/armv7e-m\libm.a(ansi_fp.o)
 .debug_loc     0x00003688      0x287 C:/NXP/S32DS_ARM_v2018.R1/S32DS/arm_ewl2/lib/armv7e-m\libm.a(math_api.o)
 .debug_loc     0x0000390f       0xcf C:/NXP/S32DS_ARM_v2018.R1/S32DS/arm_ewl2/lib/armv7e-m\libm.a(s_frexp.o)
