Archive member included because of file (symbol)

C:/NXP/S32DS_ARM_v2018.R1/S32DS/arm_ewl2/lib/armv7e-m\libc99.a(exit.o)
                              C:/NXP/S32DS_ARM_v2018.R1/S32DS/arm_ewl2/lib/armv7e-m/__arm_start.o (exit)
C:/NXP/S32DS_ARM_v2018.R1/S32DS/arm_ewl2/lib/armv7e-m\libc99.a(memset.o)
                              C:/NXP/S32DS_ARM_v2018.R1/S32DS/arm_ewl2/lib/armv7e-m/__arm_start.o (memset)
C:/NXP/S32DS_ARM_v2018.R1/S32DS/arm_ewl2/lib/armv7e-m\libc99.a(__filll_mem.o)
                              C:/NXP/S32DS_ARM_v2018.R1/S32DS/arm_ewl2/lib/armv7e-m\libc99.a(memset.o) (__fill_mem)
C:/NXP/S32DS_ARM_v2018.R1/S32DS/arm_ewl2/lib/armv7e-m\librt.a(gcc_ctor_dtor.o)
                              C:/NXP/S32DS_ARM_v2018.R1/S32DS/arm_ewl2/lib/armv7e-m/__arm_start.o (__init_cpp)
C:/NXP/S32DS_ARM_v2018.R1/S32DS/arm_ewl2/lib/armv7e-m\librt.a(__arm_eabi_init.o)
                              C:/NXP/S32DS_ARM_v2018.R1/S32DS/arm_ewl2/lib/armv7e-m\libc99.a(exit.o) (__destroy_global_chain)
C:/NXP/S32DS_ARM_v2018.R1/S32DS/arm_ewl2/lib/armv7e-m\librt.a(ROMCopy.o)
                              C:/NXP/S32DS_ARM_v2018.R1/S32DS/arm_ewl2/lib/armv7e-m/__arm_start.o (__copy_rom_sections_to_ram)

Allocating common symbols
Common symbol       size              file

RxDATA              0x8               ./src/FlexCAN.o
RxID                0x4               ./src/FlexCAN.o
RxLENGTH            0x4               ./src/FlexCAN.o
RxCODE              0x4               ./src/FlexCAN.o
RxTIMESTAMP         0x4               ./src/FlexCAN.o

Discarded input sections

 .text          0x00000000        0x0 C:/NXP/S32DS_ARM_v2018.R1/S32DS/arm_ewl2/lib/armv7e-m/__arm_start.o
 .data          0x00000000        0x0 C:/NXP/S32DS_ARM_v2018.R1/S32DS/arm_ewl2/lib/armv7e-m/__arm_start.o
 .bss           0x00000000        0x0 C:/NXP/S32DS_ARM_v2018.R1/S32DS/arm_ewl2/lib/armv7e-m/__arm_start.o
 .text.__thumb_startup
                0x00000000       0x3c C:/NXP/S32DS_ARM_v2018.R1/S32DS/arm_ewl2/lib/armv7e-m/__arm_start.o
 .text.__iar_program_start
                0x00000000        0x4 C:/NXP/S32DS_ARM_v2018.R1/S32DS/arm_ewl2/lib/armv7e-m/__arm_start.o
 .bss.argv      0x00000000        0x4 C:/NXP/S32DS_ARM_v2018.R1/S32DS/arm_ewl2/lib/armv7e-m/__arm_start.o
 .debug_info    0x00000000      0x144 C:/NXP/S32DS_ARM_v2018.R1/S32DS/arm_ewl2/lib/armv7e-m/__arm_start.o
 .debug_abbrev  0x00000000       0xc0 C:/NXP/S32DS_ARM_v2018.R1/S32DS/arm_ewl2/lib/armv7e-m/__arm_start.o
 .debug_aranges
                0x00000000       0x28 C:/NXP/S32DS_ARM_v2018.R1/S32DS/arm_ewl2/lib/armv7e-m/__arm_start.o
 .debug_line    0x00000000       0x68 C:/NXP/S32DS_ARM_v2018.R1/S32DS/arm_ewl2/lib/armv7e-m/__arm_start.o
 .debug_str     0x00000000      0x270 C:/NXP/S32DS_ARM_v2018.R1/S32DS/arm_ewl2/lib/armv7e-m/__arm_start.o
 .comment       0x00000000       0x71 C:/NXP/S32DS_ARM_v2018.R1/S32DS/arm_ewl2/lib/armv7e-m/__arm_start.o
 .debug_frame   0x00000000       0x30 C:/NXP/S32DS_ARM_v2018.R1/S32DS/arm_ewl2/lib/armv7e-m/__arm_start.o
 .ARM.attributes
                0x00000000       0x33 C:/NXP/S32DS_ARM_v2018.R1/S32DS/arm_ewl2/lib/armv7e-m/__arm_start.o
 .group         0x00000000        0x8 ./src/main.o
 .group         0x00000000        0x8 ./src/main.o
 .group         0x00000000        0x8 ./src/main.o
 .group         0x00000000        0x8 ./src/main.o
 .group         0x00000000        0x8 ./src/main.o
 .group         0x00000000        0x8 ./src/main.o
 .group         0x00000000        0x8 ./src/main.o
 .group         0x00000000        0x8 ./src/main.o
 .group         0x00000000        0x8 ./src/main.o
 .group         0x00000000        0x8 ./src/main.o
 .group         0x00000000        0x8 ./src/main.o
 .group         0x00000000        0x8 ./src/main.o
 .group         0x00000000        0x8 ./src/main.o
 .group         0x00000000        0x8 ./src/main.o
 .group         0x00000000        0x8 ./src/main.o
 .text          0x00000000        0x0 ./src/main.o
 .data          0x00000000        0x0 ./src/main.o
 .bss           0x00000000        0x0 ./src/main.o
 .group         0x00000000        0x8 ./src/clocks_and_modes.o
 .group         0x00000000        0x8 ./src/clocks_and_modes.o
 .group         0x00000000        0x8 ./src/clocks_and_modes.o
 .group         0x00000000        0x8 ./src/clocks_and_modes.o
 .group         0x00000000        0x8 ./src/clocks_and_modes.o
 .group         0x00000000        0x8 ./src/clocks_and_modes.o
 .group         0x00000000        0x8 ./src/clocks_and_modes.o
 .group         0x00000000        0x8 ./src/clocks_and_modes.o
 .group         0x00000000        0x8 ./src/clocks_and_modes.o
 .group         0x00000000        0x8 ./src/clocks_and_modes.o
 .group         0x00000000        0x8 ./src/clocks_and_modes.o
 .group         0x00000000        0x8 ./src/clocks_and_modes.o
 .group         0x00000000        0x8 ./src/clocks_and_modes.o
 .group         0x00000000        0x8 ./src/clocks_and_modes.o
 .text          0x00000000        0x0 ./src/clocks_and_modes.o
 .data          0x00000000        0x0 ./src/clocks_and_modes.o
 .bss           0x00000000        0x0 ./src/clocks_and_modes.o
 .debug_macro   0x00000000      0x868 ./src/clocks_and_modes.o
 .debug_macro   0x00000000       0x52 ./src/clocks_and_modes.o
 .debug_macro   0x00000000       0xa0 ./src/clocks_and_modes.o
 .debug_macro   0x00000000       0x16 ./src/clocks_and_modes.o
 .debug_macro   0x00000000       0x19 ./src/clocks_and_modes.o
 .debug_macro   0x00000000       0x64 ./src/clocks_and_modes.o
 .debug_macro   0x00000000      0x185 ./src/clocks_and_modes.o
 .debug_macro   0x00000000      0x140 ./src/clocks_and_modes.o
 .debug_macro   0x00000000       0x9d ./src/clocks_and_modes.o
 .debug_macro   0x00000000       0x10 ./src/clocks_and_modes.o
 .debug_macro   0x00000000      0x15b ./src/clocks_and_modes.o
 .debug_macro   0x00000000       0x28 ./src/clocks_and_modes.o
 .debug_macro   0x00000000       0x58 ./src/clocks_and_modes.o
 .debug_macro   0x00000000     0xdf8d ./src/clocks_and_modes.o
 .group         0x00000000        0x8 ./src/LPSPI.o
 .group         0x00000000        0x8 ./src/LPSPI.o
 .group         0x00000000        0x8 ./src/LPSPI.o
 .group         0x00000000        0x8 ./src/LPSPI.o
 .group         0x00000000        0x8 ./src/LPSPI.o
 .group         0x00000000        0x8 ./src/LPSPI.o
 .group         0x00000000        0x8 ./src/LPSPI.o
 .group         0x00000000        0x8 ./src/LPSPI.o
 .group         0x00000000        0x8 ./src/LPSPI.o
 .group         0x00000000        0x8 ./src/LPSPI.o
 .group         0x00000000        0x8 ./src/LPSPI.o
 .group         0x00000000        0x8 ./src/LPSPI.o
 .group         0x00000000        0x8 ./src/LPSPI.o
 .group         0x00000000        0x8 ./src/LPSPI.o
 .group         0x00000000        0x8 ./src/LPSPI.o
 .text          0x00000000        0x0 ./src/LPSPI.o
 .data          0x00000000        0x0 ./src/LPSPI.o
 .bss           0x00000000        0x0 ./src/LPSPI.o
 .debug_info    0x00000000       0x6f ./src/LPSPI.o
 .debug_abbrev  0x00000000       0x29 ./src/LPSPI.o
 .debug_aranges
                0x00000000       0x18 ./src/LPSPI.o
 .debug_macro   0x00000000       0xb9 ./src/LPSPI.o
 .debug_macro   0x00000000      0x868 ./src/LPSPI.o
 .debug_macro   0x00000000       0x52 ./src/LPSPI.o
 .debug_macro   0x00000000       0xa0 ./src/LPSPI.o
 .debug_macro   0x00000000       0x16 ./src/LPSPI.o
 .debug_macro   0x00000000       0x19 ./src/LPSPI.o
 .debug_macro   0x00000000       0x64 ./src/LPSPI.o
 .debug_macro   0x00000000      0x185 ./src/LPSPI.o
 .debug_macro   0x00000000      0x140 ./src/LPSPI.o
 .debug_macro   0x00000000       0x9d ./src/LPSPI.o
 .debug_macro   0x00000000       0x10 ./src/LPSPI.o
 .debug_macro   0x00000000      0x15b ./src/LPSPI.o
 .debug_macro   0x00000000       0x28 ./src/LPSPI.o
 .debug_macro   0x00000000       0x58 ./src/LPSPI.o
 .debug_macro   0x00000000     0xdf8d ./src/LPSPI.o
 .debug_macro   0x00000000       0x10 ./src/LPSPI.o
 .debug_line    0x00000000      0x1d5 ./src/LPSPI.o
 .debug_str     0x00000000    0x5dc6f ./src/LPSPI.o
 .comment       0x00000000       0x71 ./src/LPSPI.o
 .ARM.attributes
                0x00000000       0x33 ./src/LPSPI.o
 .group         0x00000000        0x8 ./src/FlexCAN.o
 .group         0x00000000        0x8 ./src/FlexCAN.o
 .group         0x00000000        0x8 ./src/FlexCAN.o
 .group         0x00000000        0x8 ./src/FlexCAN.o
 .group         0x00000000        0x8 ./src/FlexCAN.o
 .group         0x00000000        0x8 ./src/FlexCAN.o
 .group         0x00000000        0x8 ./src/FlexCAN.o
 .group         0x00000000        0x8 ./src/FlexCAN.o
 .group         0x00000000        0x8 ./src/FlexCAN.o
 .group         0x00000000        0x8 ./src/FlexCAN.o
 .group         0x00000000        0x8 ./src/FlexCAN.o
 .group         0x00000000        0x8 ./src/FlexCAN.o
 .group         0x00000000        0x8 ./src/FlexCAN.o
 .group         0x00000000        0x8 ./src/FlexCAN.o
 .group         0x00000000        0x8 ./src/FlexCAN.o
 .text          0x00000000        0x0 ./src/FlexCAN.o
 .data          0x00000000        0x0 ./src/FlexCAN.o
 .bss           0x00000000        0x0 ./src/FlexCAN.o
 .debug_macro   0x00000000      0x868 ./src/FlexCAN.o
 .debug_macro   0x00000000       0x52 ./src/FlexCAN.o
 .debug_macro   0x00000000       0xa0 ./src/FlexCAN.o
 .debug_macro   0x00000000       0x16 ./src/FlexCAN.o
 .debug_macro   0x00000000       0x19 ./src/FlexCAN.o
 .debug_macro   0x00000000       0x64 ./src/FlexCAN.o
 .debug_macro   0x00000000      0x185 ./src/FlexCAN.o
 .debug_macro   0x00000000      0x140 ./src/FlexCAN.o
 .debug_macro   0x00000000       0x9d ./src/FlexCAN.o
 .debug_macro   0x00000000       0x10 ./src/FlexCAN.o
 .debug_macro   0x00000000      0x15b ./src/FlexCAN.o
 .debug_macro   0x00000000       0x28 ./src/FlexCAN.o
 .debug_macro   0x00000000       0x58 ./src/FlexCAN.o
 .debug_macro   0x00000000     0xdf8d ./src/FlexCAN.o
 .debug_macro   0x00000000       0x10 ./src/FlexCAN.o
 .group         0x00000000        0x8 ./Project_Settings/Startup_Code/system_S32K144.o
 .group         0x00000000        0x8 ./Project_Settings/Startup_Code/system_S32K144.o
 .group         0x00000000        0x8 ./Project_Settings/Startup_Code/system_S32K144.o
 .group         0x00000000        0x8 ./Project_Settings/Startup_Code/system_S32K144.o
 .group         0x00000000        0x8 ./Project_Settings/Startup_Code/system_S32K144.o
 .group         0x00000000        0x8 ./Project_Settings/Startup_Code/system_S32K144.o
 .group         0x00000000        0x8 ./Project_Settings/Startup_Code/system_S32K144.o
 .group         0x00000000        0x8 ./Project_Settings/Startup_Code/system_S32K144.o
 .group         0x00000000        0x8 ./Project_Settings/Startup_Code/system_S32K144.o
 .group         0x00000000        0x8 ./Project_Settings/Startup_Code/system_S32K144.o
 .group         0x00000000        0x8 ./Project_Settings/Startup_Code/system_S32K144.o
 .group         0x00000000        0x8 ./Project_Settings/Startup_Code/system_S32K144.o
 .group         0x00000000        0x8 ./Project_Settings/Startup_Code/system_S32K144.o
 .group         0x00000000        0x8 ./Project_Settings/Startup_Code/system_S32K144.o
 .group         0x00000000        0x8 ./Project_Settings/Startup_Code/system_S32K144.o
 .group         0x00000000        0x8 ./Project_Settings/Startup_Code/system_S32K144.o
 .group         0x00000000        0x8 ./Project_Settings/Startup_Code/system_S32K144.o
 .group         0x00000000        0x8 ./Project_Settings/Startup_Code/system_S32K144.o
 .group         0x00000000        0x8 ./Project_Settings/Startup_Code/system_S32K144.o
 .text          0x00000000        0x0 ./Project_Settings/Startup_Code/system_S32K144.o
 .data          0x00000000        0x0 ./Project_Settings/Startup_Code/system_S32K144.o
 .bss           0x00000000        0x0 ./Project_Settings/Startup_Code/system_S32K144.o
 .data.SystemCoreClock
                0x00000000        0x4 ./Project_Settings/Startup_Code/system_S32K144.o
 .text.SystemCoreClockUpdate
                0x00000000       0xf4 ./Project_Settings/Startup_Code/system_S32K144.o
 .text.SystemSoftwareReset
                0x00000000       0x40 ./Project_Settings/Startup_Code/system_S32K144.o
 .rodata.fircFreq.5043
                0x00000000       0x10 ./Project_Settings/Startup_Code/system_S32K144.o
 .debug_macro   0x00000000      0x868 ./Project_Settings/Startup_Code/system_S32K144.o
 .debug_macro   0x00000000       0x52 ./Project_Settings/Startup_Code/system_S32K144.o
 .debug_macro   0x00000000       0xa0 ./Project_Settings/Startup_Code/system_S32K144.o
 .debug_macro   0x00000000       0x16 ./Project_Settings/Startup_Code/system_S32K144.o
 .debug_macro   0x00000000       0x19 ./Project_Settings/Startup_Code/system_S32K144.o
 .debug_macro   0x00000000       0x64 ./Project_Settings/Startup_Code/system_S32K144.o
 .debug_macro   0x00000000      0x185 ./Project_Settings/Startup_Code/system_S32K144.o
 .debug_macro   0x00000000      0x140 ./Project_Settings/Startup_Code/system_S32K144.o
 .debug_macro   0x00000000       0x9d ./Project_Settings/Startup_Code/system_S32K144.o
 .debug_macro   0x00000000       0x10 ./Project_Settings/Startup_Code/system_S32K144.o
 .debug_macro   0x00000000      0x15b ./Project_Settings/Startup_Code/system_S32K144.o
 .debug_macro   0x00000000       0x28 ./Project_Settings/Startup_Code/system_S32K144.o
 .debug_macro   0x00000000       0x58 ./Project_Settings/Startup_Code/system_S32K144.o
 .debug_macro   0x00000000     0xdf8d ./Project_Settings/Startup_Code/system_S32K144.o
 .data          0x00000000        0x0 ./Project_Settings/Startup_Code/startup_S32K144.o
 .bss           0x00000000        0x0 ./Project_Settings/Startup_Code/startup_S32K144.o
 .FlashConfig   0x00000000       0x10 ./Project_Settings/Startup_Code/startup_S32K144.o
 .group         0x00000000        0x8 ./Project_Settings/Startup_Code/startup.o
 .group         0x00000000        0x8 ./Project_Settings/Startup_Code/startup.o
 .group         0x00000000        0x8 ./Project_Settings/Startup_Code/startup.o
 .group         0x00000000        0x8 ./Project_Settings/Startup_Code/startup.o
 .group         0x00000000        0x8 ./Project_Settings/Startup_Code/startup.o
 .group         0x00000000        0x8 ./Project_Settings/Startup_Code/startup.o
 .group         0x00000000        0x8 ./Project_Settings/Startup_Code/startup.o
 .group         0x00000000        0x8 ./Project_Settings/Startup_Code/startup.o
 .group         0x00000000        0x8 ./Project_Settings/Startup_Code/startup.o
 .group         0x00000000        0x8 ./Project_Settings/Startup_Code/startup.o
 .group         0x00000000        0x8 ./Project_Settings/Startup_Code/startup.o
 .group         0x00000000        0x8 ./Project_Settings/Startup_Code/startup.o
 .group         0x00000000        0x8 ./Project_Settings/Startup_Code/startup.o
 .group         0x00000000        0x8 ./Project_Settings/Startup_Code/startup.o
 .group         0x00000000        0x8 ./Project_Settings/Startup_Code/startup.o
 .group         0x00000000        0x8 ./Project_Settings/Startup_Code/startup.o
 .group         0x00000000        0x8 ./Project_Settings/Startup_Code/startup.o
 .group         0x00000000        0x8 ./Project_Settings/Startup_Code/startup.o
 .text          0x00000000        0x0 ./Project_Settings/Startup_Code/startup.o
 .data          0x00000000        0x0 ./Project_Settings/Startup_Code/startup.o
 .bss           0x00000000        0x0 ./Project_Settings/Startup_Code/startup.o
 .debug_macro   0x00000000      0x868 ./Project_Settings/Startup_Code/startup.o
 .debug_macro   0x00000000       0x52 ./Project_Settings/Startup_Code/startup.o
 .debug_macro   0x00000000       0xa0 ./Project_Settings/Startup_Code/startup.o
 .debug_macro   0x00000000       0x16 ./Project_Settings/Startup_Code/startup.o
 .debug_macro   0x00000000       0x10 ./Project_Settings/Startup_Code/startup.o
 .debug_macro   0x00000000       0x6d ./Project_Settings/Startup_Code/startup.o
 .debug_macro   0x00000000       0x19 ./Project_Settings/Startup_Code/startup.o
 .debug_macro   0x00000000       0x64 ./Project_Settings/Startup_Code/startup.o
 .debug_macro   0x00000000      0x185 ./Project_Settings/Startup_Code/startup.o
 .debug_macro   0x00000000      0x140 ./Project_Settings/Startup_Code/startup.o
 .debug_macro   0x00000000       0x9d ./Project_Settings/Startup_Code/startup.o
 .debug_macro   0x00000000       0x10 ./Project_Settings/Startup_Code/startup.o
 .debug_macro   0x00000000      0x15b ./Project_Settings/Startup_Code/startup.o
 .debug_macro   0x00000000       0x28 ./Project_Settings/Startup_Code/startup.o
 .debug_macro   0x00000000       0x58 ./Project_Settings/Startup_Code/startup.o
 .debug_macro   0x00000000     0xdf8d ./Project_Settings/Startup_Code/startup.o
 .debug_macro   0x00000000      0x978 ./Project_Settings/Startup_Code/startup.o
 .debug_macro   0x00000000       0x22 ./Project_Settings/Startup_Code/startup.o
 .text          0x00000000        0x0 C:/NXP/S32DS_ARM_v2018.R1/S32DS/arm_ewl2/lib/armv7e-m\libc99.a(exit.o)
 .data          0x00000000        0x0 C:/NXP/S32DS_ARM_v2018.R1/S32DS/arm_ewl2/lib/armv7e-m\libc99.a(exit.o)
 .bss           0x00000000        0x0 C:/NXP/S32DS_ARM_v2018.R1/S32DS/arm_ewl2/lib/armv7e-m\libc99.a(exit.o)
 .text.exit     0x00000000       0x38 C:/NXP/S32DS_ARM_v2018.R1/S32DS/arm_ewl2/lib/armv7e-m\libc99.a(exit.o)
 .text._Exit    0x00000000        0x4 C:/NXP/S32DS_ARM_v2018.R1/S32DS/arm_ewl2/lib/armv7e-m\libc99.a(exit.o)
 .bss.__stdio_exit
                0x00000000        0x4 C:/NXP/S32DS_ARM_v2018.R1/S32DS/arm_ewl2/lib/armv7e-m\libc99.a(exit.o)
 .bss.__console_exit
                0x00000000        0x4 C:/NXP/S32DS_ARM_v2018.R1/S32DS/arm_ewl2/lib/armv7e-m\libc99.a(exit.o)
 .debug_info    0x00000000      0x111 C:/NXP/S32DS_ARM_v2018.R1/S32DS/arm_ewl2/lib/armv7e-m\libc99.a(exit.o)
 .debug_abbrev  0x00000000       0x91 C:/NXP/S32DS_ARM_v2018.R1/S32DS/arm_ewl2/lib/armv7e-m\libc99.a(exit.o)
 .debug_loc     0x00000000       0x5d C:/NXP/S32DS_ARM_v2018.R1/S32DS/arm_ewl2/lib/armv7e-m\libc99.a(exit.o)
 .debug_aranges
                0x00000000       0x28 C:/NXP/S32DS_ARM_v2018.R1/S32DS/arm_ewl2/lib/armv7e-m\libc99.a(exit.o)
 .debug_line    0x00000000       0xa4 C:/NXP/S32DS_ARM_v2018.R1/S32DS/arm_ewl2/lib/armv7e-m\libc99.a(exit.o)
 .debug_str     0x00000000      0x23c C:/NXP/S32DS_ARM_v2018.R1/S32DS/arm_ewl2/lib/armv7e-m\libc99.a(exit.o)
 .comment       0x00000000       0x71 C:/NXP/S32DS_ARM_v2018.R1/S32DS/arm_ewl2/lib/armv7e-m\libc99.a(exit.o)
 .debug_frame   0x00000000       0x3c C:/NXP/S32DS_ARM_v2018.R1/S32DS/arm_ewl2/lib/armv7e-m\libc99.a(exit.o)
 .ARM.attributes
                0x00000000       0x33 C:/NXP/S32DS_ARM_v2018.R1/S32DS/arm_ewl2/lib/armv7e-m\libc99.a(exit.o)
 .text          0x00000000        0x0 C:/NXP/S32DS_ARM_v2018.R1/S32DS/arm_ewl2/lib/armv7e-m\libc99.a(memset.o)
 .data          0x00000000        0x0 C:/NXP/S32DS_ARM_v2018.R1/S32DS/arm_ewl2/lib/armv7e-m\libc99.a(memset.o)
 .bss           0x00000000        0x0 C:/NXP/S32DS_ARM_v2018.R1/S32DS/arm_ewl2/lib/armv7e-m\libc99.a(memset.o)
 .text.memset   0x00000000        0xc C:/NXP/S32DS_ARM_v2018.R1/S32DS/arm_ewl2/lib/armv7e-m\libc99.a(memset.o)
 .debug_info    0x00000000       0xec C:/NXP/S32DS_ARM_v2018.R1/S32DS/arm_ewl2/lib/armv7e-m\libc99.a(memset.o)
 .debug_abbrev  0x00000000       0x62 C:/NXP/S32DS_ARM_v2018.R1/S32DS/arm_ewl2/lib/armv7e-m\libc99.a(memset.o)
 .debug_loc     0x00000000       0x64 C:/NXP/S32DS_ARM_v2018.R1/S32DS/arm_ewl2/lib/armv7e-m\libc99.a(memset.o)
 .debug_aranges
                0x00000000       0x20 C:/NXP/S32DS_ARM_v2018.R1/S32DS/arm_ewl2/lib/armv7e-m\libc99.a(memset.o)
 .debug_line    0x00000000       0x8f C:/NXP/S32DS_ARM_v2018.R1/S32DS/arm_ewl2/lib/armv7e-m\libc99.a(memset.o)
 .debug_str     0x00000000      0x21f C:/NXP/S32DS_ARM_v2018.R1/S32DS/arm_ewl2/lib/armv7e-m\libc99.a(memset.o)
 .comment       0x00000000       0x71 C:/NXP/S32DS_ARM_v2018.R1/S32DS/arm_ewl2/lib/armv7e-m\libc99.a(memset.o)
 .debug_frame   0x00000000       0x28 C:/NXP/S32DS_ARM_v2018.R1/S32DS/arm_ewl2/lib/armv7e-m\libc99.a(memset.o)
 .ARM.attributes
                0x00000000       0x33 C:/NXP/S32DS_ARM_v2018.R1/S32DS/arm_ewl2/lib/armv7e-m\libc99.a(memset.o)
 .text          0x00000000        0x0 C:/NXP/S32DS_ARM_v2018.R1/S32DS/arm_ewl2/lib/armv7e-m\libc99.a(__filll_mem.o)
 .data          0x00000000        0x0 C:/NXP/S32DS_ARM_v2018.R1/S32DS/arm_ewl2/lib/armv7e-m\libc99.a(__filll_mem.o)
 .bss           0x00000000        0x0 C:/NXP/S32DS_ARM_v2018.R1/S32DS/arm_ewl2/lib/armv7e-m\libc99.a(__filll_mem.o)
 .text.__fill_mem
                0x00000000       0x7a C:/NXP/S32DS_ARM_v2018.R1/S32DS/arm_ewl2/lib/armv7e-m\libc99.a(__filll_mem.o)
 .debug_info    0x00000000      0x137 C:/NXP/S32DS_ARM_v2018.R1/S32DS/arm_ewl2/lib/armv7e-m\libc99.a(__filll_mem.o)
 .debug_abbrev  0x00000000       0x78 C:/NXP/S32DS_ARM_v2018.R1/S32DS/arm_ewl2/lib/armv7e-m\libc99.a(__filll_mem.o)
 .debug_loc     0x00000000      0x16b C:/NXP/S32DS_ARM_v2018.R1/S32DS/arm_ewl2/lib/armv7e-m\libc99.a(__filll_mem.o)
 .debug_aranges
                0x00000000       0x20 C:/NXP/S32DS_ARM_v2018.R1/S32DS/arm_ewl2/lib/armv7e-m\libc99.a(__filll_mem.o)
 .debug_line    0x00000000       0xb2 C:/NXP/S32DS_ARM_v2018.R1/S32DS/arm_ewl2/lib/armv7e-m\libc99.a(__filll_mem.o)
 .debug_str     0x00000000      0x231 C:/NXP/S32DS_ARM_v2018.R1/S32DS/arm_ewl2/lib/armv7e-m\libc99.a(__filll_mem.o)
 .comment       0x00000000       0x71 C:/NXP/S32DS_ARM_v2018.R1/S32DS/arm_ewl2/lib/armv7e-m\libc99.a(__filll_mem.o)
 .debug_frame   0x00000000       0x28 C:/NXP/S32DS_ARM_v2018.R1/S32DS/arm_ewl2/lib/armv7e-m\libc99.a(__filll_mem.o)
 .ARM.attributes
                0x00000000       0x33 C:/NXP/S32DS_ARM_v2018.R1/S32DS/arm_ewl2/lib/armv7e-m\libc99.a(__filll_mem.o)
 .text          0x00000000        0x0 C:/NXP/S32DS_ARM_v2018.R1/S32DS/arm_ewl2/lib/armv7e-m\librt.a(gcc_ctor_dtor.o)
 .data          0x00000000        0x0 C:/NXP/S32DS_ARM_v2018.R1/S32DS/arm_ewl2/lib/armv7e-m\librt.a(gcc_ctor_dtor.o)
 .bss           0x00000000        0x0 C:/NXP/S32DS_ARM_v2018.R1/S32DS/arm_ewl2/lib/armv7e-m\librt.a(gcc_ctor_dtor.o)
 .text.__init_cpp
                0x00000000       0x4c C:/NXP/S32DS_ARM_v2018.R1/S32DS/arm_ewl2/lib/armv7e-m\librt.a(gcc_ctor_dtor.o)
 .text.__fini_cpp
                0x00000000       0x34 C:/NXP/S32DS_ARM_v2018.R1/S32DS/arm_ewl2/lib/armv7e-m\librt.a(gcc_ctor_dtor.o)
 .text._ExitProcess
                0x00000000        0x2 C:/NXP/S32DS_ARM_v2018.R1/S32DS/arm_ewl2/lib/armv7e-m\librt.a(gcc_ctor_dtor.o)
 .bss.__dso_handle
                0x00000000        0x4 C:/NXP/S32DS_ARM_v2018.R1/S32DS/arm_ewl2/lib/armv7e-m\librt.a(gcc_ctor_dtor.o)
 .debug_info    0x00000000      0x14a C:/NXP/S32DS_ARM_v2018.R1/S32DS/arm_ewl2/lib/armv7e-m\librt.a(gcc_ctor_dtor.o)
 .debug_abbrev  0x00000000       0xae C:/NXP/S32DS_ARM_v2018.R1/S32DS/arm_ewl2/lib/armv7e-m\librt.a(gcc_ctor_dtor.o)
 .debug_loc     0x00000000       0x9d C:/NXP/S32DS_ARM_v2018.R1/S32DS/arm_ewl2/lib/armv7e-m\librt.a(gcc_ctor_dtor.o)
 .debug_aranges
                0x00000000       0x30 C:/NXP/S32DS_ARM_v2018.R1/S32DS/arm_ewl2/lib/armv7e-m\librt.a(gcc_ctor_dtor.o)
 .debug_line    0x00000000       0x74 C:/NXP/S32DS_ARM_v2018.R1/S32DS/arm_ewl2/lib/armv7e-m\librt.a(gcc_ctor_dtor.o)
 .debug_str     0x00000000      0x28e C:/NXP/S32DS_ARM_v2018.R1/S32DS/arm_ewl2/lib/armv7e-m\librt.a(gcc_ctor_dtor.o)
 .comment       0x00000000       0x71 C:/NXP/S32DS_ARM_v2018.R1/S32DS/arm_ewl2/lib/armv7e-m\librt.a(gcc_ctor_dtor.o)
 .debug_frame   0x00000000       0x50 C:/NXP/S32DS_ARM_v2018.R1/S32DS/arm_ewl2/lib/armv7e-m\librt.a(gcc_ctor_dtor.o)
 .ARM.attributes
                0x00000000       0x33 C:/NXP/S32DS_ARM_v2018.R1/S32DS/arm_ewl2/lib/armv7e-m\librt.a(gcc_ctor_dtor.o)
 .text          0x00000000        0x0 C:/NXP/S32DS_ARM_v2018.R1/S32DS/arm_ewl2/lib/armv7e-m\librt.a(__arm_eabi_init.o)
 .data          0x00000000        0x0 C:/NXP/S32DS_ARM_v2018.R1/S32DS/arm_ewl2/lib/armv7e-m\librt.a(__arm_eabi_init.o)
 .bss           0x00000000        0x0 C:/NXP/S32DS_ARM_v2018.R1/S32DS/arm_ewl2/lib/armv7e-m\librt.a(__arm_eabi_init.o)
 .text.__destroy_global_chain
                0x00000000       0x18 C:/NXP/S32DS_ARM_v2018.R1/S32DS/arm_ewl2/lib/armv7e-m\librt.a(__arm_eabi_init.o)
 .text.__register_global_object
                0x00000000       0x14 C:/NXP/S32DS_ARM_v2018.R1/S32DS/arm_ewl2/lib/armv7e-m\librt.a(__arm_eabi_init.o)
 .text.__cxa_atexit
                0x00000000       0x38 C:/NXP/S32DS_ARM_v2018.R1/S32DS/arm_ewl2/lib/armv7e-m\librt.a(__arm_eabi_init.o)
 .text.__aeabi_atexit
                0x00000000        0xa C:/NXP/S32DS_ARM_v2018.R1/S32DS/arm_ewl2/lib/armv7e-m\librt.a(__arm_eabi_init.o)
 .text.__register_atexit
                0x00000000        0x8 C:/NXP/S32DS_ARM_v2018.R1/S32DS/arm_ewl2/lib/armv7e-m\librt.a(__arm_eabi_init.o)
 .text.__init_registers
                0x00000000       0x20 C:/NXP/S32DS_ARM_v2018.R1/S32DS/arm_ewl2/lib/armv7e-m\librt.a(__arm_eabi_init.o)
 .text.__init_hardware
                0x00000000        0x4 C:/NXP/S32DS_ARM_v2018.R1/S32DS/arm_ewl2/lib/armv7e-m\librt.a(__arm_eabi_init.o)
 .text.__init_user
                0x00000000        0x4 C:/NXP/S32DS_ARM_v2018.R1/S32DS/arm_ewl2/lib/armv7e-m\librt.a(__arm_eabi_init.o)
 .bss.atexit_curr_func
                0x00000000        0x4 C:/NXP/S32DS_ARM_v2018.R1/S32DS/arm_ewl2/lib/armv7e-m\librt.a(__arm_eabi_init.o)
 .bss.atexit_funcs
                0x00000000      0x300 C:/NXP/S32DS_ARM_v2018.R1/S32DS/arm_ewl2/lib/armv7e-m\librt.a(__arm_eabi_init.o)
 .bss.__global_destructor_chain
                0x00000000        0x4 C:/NXP/S32DS_ARM_v2018.R1/S32DS/arm_ewl2/lib/armv7e-m\librt.a(__arm_eabi_init.o)
 .debug_info    0x00000000      0x2b3 C:/NXP/S32DS_ARM_v2018.R1/S32DS/arm_ewl2/lib/armv7e-m\librt.a(__arm_eabi_init.o)
 .debug_abbrev  0x00000000      0x1d3 C:/NXP/S32DS_ARM_v2018.R1/S32DS/arm_ewl2/lib/armv7e-m\librt.a(__arm_eabi_init.o)
 .debug_loc     0x00000000      0x144 C:/NXP/S32DS_ARM_v2018.R1/S32DS/arm_ewl2/lib/armv7e-m\librt.a(__arm_eabi_init.o)
 .debug_aranges
                0x00000000       0x58 C:/NXP/S32DS_ARM_v2018.R1/S32DS/arm_ewl2/lib/armv7e-m\librt.a(__arm_eabi_init.o)
 .debug_line    0x00000000      0x107 C:/NXP/S32DS_ARM_v2018.R1/S32DS/arm_ewl2/lib/armv7e-m\librt.a(__arm_eabi_init.o)
 .debug_str     0x00000000      0x2b5 C:/NXP/S32DS_ARM_v2018.R1/S32DS/arm_ewl2/lib/armv7e-m\librt.a(__arm_eabi_init.o)
 .comment       0x00000000       0x71 C:/NXP/S32DS_ARM_v2018.R1/S32DS/arm_ewl2/lib/armv7e-m\librt.a(__arm_eabi_init.o)
 .debug_frame   0x00000000       0xac C:/NXP/S32DS_ARM_v2018.R1/S32DS/arm_ewl2/lib/armv7e-m\librt.a(__arm_eabi_init.o)
 .ARM.attributes
                0x00000000       0x33 C:/NXP/S32DS_ARM_v2018.R1/S32DS/arm_ewl2/lib/armv7e-m\librt.a(__arm_eabi_init.o)
 .text          0x00000000        0x0 C:/NXP/S32DS_ARM_v2018.R1/S32DS/arm_ewl2/lib/armv7e-m\librt.a(ROMCopy.o)
 .data          0x00000000        0x0 C:/NXP/S32DS_ARM_v2018.R1/S32DS/arm_ewl2/lib/armv7e-m\librt.a(ROMCopy.o)
 .bss           0x00000000        0x0 C:/NXP/S32DS_ARM_v2018.R1/S32DS/arm_ewl2/lib/armv7e-m\librt.a(ROMCopy.o)
 .text.__flush_cache
                0x00000000        0x2 C:/NXP/S32DS_ARM_v2018.R1/S32DS/arm_ewl2/lib/armv7e-m\librt.a(ROMCopy.o)
 .text.__copy_rom_section
                0x00000000       0x42 C:/NXP/S32DS_ARM_v2018.R1/S32DS/arm_ewl2/lib/armv7e-m\librt.a(ROMCopy.o)
 .text.__copy_rom_sections_to_ram
                0x00000000       0x28 C:/NXP/S32DS_ARM_v2018.R1/S32DS/arm_ewl2/lib/armv7e-m\librt.a(ROMCopy.o)
 .debug_info    0x00000000      0x20e C:/NXP/S32DS_ARM_v2018.R1/S32DS/arm_ewl2/lib/armv7e-m\librt.a(ROMCopy.o)
 .debug_abbrev  0x00000000      0x11f C:/NXP/S32DS_ARM_v2018.R1/S32DS/arm_ewl2/lib/armv7e-m\librt.a(ROMCopy.o)
 .debug_loc     0x00000000       0xb3 C:/NXP/S32DS_ARM_v2018.R1/S32DS/arm_ewl2/lib/armv7e-m\librt.a(ROMCopy.o)
 .debug_aranges
                0x00000000       0x30 C:/NXP/S32DS_ARM_v2018.R1/S32DS/arm_ewl2/lib/armv7e-m\librt.a(ROMCopy.o)
 .debug_line    0x00000000       0x9e C:/NXP/S32DS_ARM_v2018.R1/S32DS/arm_ewl2/lib/armv7e-m\librt.a(ROMCopy.o)
 .debug_str     0x00000000      0x233 C:/NXP/S32DS_ARM_v2018.R1/S32DS/arm_ewl2/lib/armv7e-m\librt.a(ROMCopy.o)
 .comment       0x00000000       0x71 C:/NXP/S32DS_ARM_v2018.R1/S32DS/arm_ewl2/lib/armv7e-m\librt.a(ROMCopy.o)
 .debug_frame   0x00000000       0x48 C:/NXP/S32DS_ARM_v2018.R1/S32DS/arm_ewl2/lib/armv7e-m\librt.a(ROMCopy.o)
 .ARM.attributes
                0x00000000       0x33 C:/NXP/S32DS_ARM_v2018.R1/S32DS/arm_ewl2/lib/armv7e-m\librt.a(ROMCopy.o)
 .text          0x00000000        0x0 C:/NXP/S32DS_ARM_v2018.R1/S32DS/arm_ewl2/lib/armv7e-m/__arm_end.o
 .data          0x00000000        0x0 C:/NXP/S32DS_ARM_v2018.R1/S32DS/arm_ewl2/lib/armv7e-m/__arm_end.o
 .bss           0x00000000        0x0 C:/NXP/S32DS_ARM_v2018.R1/S32DS/arm_ewl2/lib/armv7e-m/__arm_end.o
 .text._ExitProcess
                0x00000000        0x2 C:/NXP/S32DS_ARM_v2018.R1/S32DS/arm_ewl2/lib/armv7e-m/__arm_end.o
 .debug_info    0x00000000       0x4e C:/NXP/S32DS_ARM_v2018.R1/S32DS/arm_ewl2/lib/armv7e-m/__arm_end.o
 .debug_abbrev  0x00000000       0x4a C:/NXP/S32DS_ARM_v2018.R1/S32DS/arm_ewl2/lib/armv7e-m/__arm_end.o
 .debug_aranges
                0x00000000       0x20 C:/NXP/S32DS_ARM_v2018.R1/S32DS/arm_ewl2/lib/armv7e-m/__arm_end.o
 .debug_line    0x00000000       0x45 C:/NXP/S32DS_ARM_v2018.R1/S32DS/arm_ewl2/lib/armv7e-m/__arm_end.o
 .debug_str     0x00000000      0x1a7 C:/NXP/S32DS_ARM_v2018.R1/S32DS/arm_ewl2/lib/armv7e-m/__arm_end.o
 .comment       0x00000000       0x71 C:/NXP/S32DS_ARM_v2018.R1/S32DS/arm_ewl2/lib/armv7e-m/__arm_end.o
 .debug_frame   0x00000000       0x20 C:/NXP/S32DS_ARM_v2018.R1/S32DS/arm_ewl2/lib/armv7e-m/__arm_end.o
 .ARM.attributes
                0x00000000       0x33 C:/NXP/S32DS_ARM_v2018.R1/S32DS/arm_ewl2/lib/armv7e-m/__arm_end.o

Memory Configuration

Name             Origin             Length             Attributes
m_interrupts     0x1fff8000         0x00000400         xr
m_text           0x1fff8400         0x00007c00         xr
m_data           0x20000000         0x00007000         rw
*default*        0x00000000         0xffffffff

Linker script and memory map

LOAD C:/NXP/S32DS_ARM_v2018.R1/S32DS/arm_ewl2/lib/armv7e-m/__arm_start.o
LOAD ./src/main.o
LOAD ./src/clocks_and_modes.o
LOAD ./src/LPSPI.o
LOAD ./src/FlexCAN.o
LOAD ./Project_Settings/Startup_Code/system_S32K144.o
LOAD ./Project_Settings/Startup_Code/startup_S32K144.o
LOAD ./Project_Settings/Startup_Code/startup.o
START GROUP
LOAD C:/NXP/S32DS_ARM_v2018.R1/S32DS/arm_ewl2/lib/armv7e-m\libc99.a
LOAD C:/NXP/S32DS_ARM_v2018.R1/S32DS/arm_ewl2/lib/armv7e-m\libm.a
LOAD c:/nxp/s32ds_arm_v2018.r1/cross_tools/gcc-arm-none-eabi-4_9/bin/../lib/gcc/arm-none-eabi/4.9.3/armv7e-m\libgcc.a
LOAD C:/NXP/S32DS_ARM_v2018.R1/S32DS/arm_ewl2/lib/armv7e-m\librt.a
LOAD C:/NXP/S32DS_ARM_v2018.R1/S32DS/arm_ewl2/lib/armv7e-m\libnoio.a
END GROUP
LOAD C:/NXP/S32DS_ARM_v2018.R1/S32DS/arm_ewl2/lib/armv7e-m/__arm_end.o
                0x00000400                HEAP_SIZE = DEFINED (__heap_size__)?__heap_size__:0x400
                0x00000400                STACK_SIZE = DEFINED (__stack_size__)?__stack_size__:0x400

.interrupts     0x1fff8000      0x400
                0x1fff8000                __VECTOR_TABLE = .
                0x1fff8000                . = ALIGN (0x4)
 *(.isr_vector)
 .isr_vector    0x1fff8000      0x400 ./Project_Settings/Startup_Code/startup_S32K144.o
                0x1fff8000                __isr_vector
                0x1fff8400                . = ALIGN (0x4)
                0x1fff8000                __VECTOR_RAM = __VECTOR_TABLE
                0x00000000                __RAM_VECTOR_TABLE_SIZE = 0x0

.text           0x1fff8400      0x500
                0x1fff8400                . = ALIGN (0x4)
 *(.text)
 .text          0x1fff8400       0x44 ./Project_Settings/Startup_Code/startup_S32K144.o
                0x1fff8400                Reset_Handler
                0x1fff8440                DebugMon_Handler
                0x1fff8440                Reserved88_IRQHandler
                0x1fff8440                CAN0_ORed_IRQHandler
                0x1fff8440                HardFault_Handler
                0x1fff8440                Reserved86_IRQHandler
                0x1fff8440                Reserved103_IRQHandler
                0x1fff8440                SysTick_Handler
                0x1fff8440                FTM2_Ovf_Reload_IRQHandler
                0x1fff8440                Reserved50_IRQHandler
                0x1fff8440                FTFC_Fault_IRQHandler
                0x1fff8440                FTM0_Ch6_Ch7_IRQHandler
                0x1fff8440                Reserved114_IRQHandler
                0x1fff8440                PendSV_Handler
                0x1fff8440                NMI_Handler
                0x1fff8440                Reserved89_IRQHandler
                0x1fff8440                ERM_double_fault_IRQHandler
                0x1fff8440                DMA2_IRQHandler
                0x1fff8440                Reserved59_IRQHandler
                0x1fff8440                LPIT0_Ch0_IRQHandler
                0x1fff8440                Reserved99_IRQHandler
                0x1fff8440                FTM3_Ch6_Ch7_IRQHandler
                0x1fff8440                CAN2_ORed_0_15_MB_IRQHandler
                0x1fff8440                LPIT0_Ch3_IRQHandler
                0x1fff8440                Reserved92_IRQHandler
                0x1fff8440                FTM0_Ch4_Ch5_IRQHandler
                0x1fff8440                CAN1_Error_IRQHandler
                0x1fff8440                FTM3_Ch0_Ch1_IRQHandler
                0x1fff8440                SWI_IRQHandler
                0x1fff8440                ADC0_IRQHandler
                0x1fff8440                FTM2_Ch4_Ch5_IRQHandler
                0x1fff8440                UsageFault_Handler
                0x1fff8440                FTM0_Ovf_Reload_IRQHandler
                0x1fff8440                DefaultISR
                0x1fff8440                DMA9_IRQHandler
                0x1fff8440                Reserved58_IRQHandler
                0x1fff8440                CAN1_ORed_0_15_MB_IRQHandler
                0x1fff8440                FTM1_Ch2_Ch3_IRQHandler
                0x1fff8440                DMA14_IRQHandler
                0x1fff8440                Reserved82_IRQHandler
                0x1fff8440                CAN0_ORed_16_31_MB_IRQHandler
                0x1fff8440                LPI2C0_Slave_IRQHandler
                0x1fff8440                Reserved71_IRQHandler
                0x1fff8440                PORTD_IRQHandler
                0x1fff8440                Reserved69_IRQHandler
                0x1fff8440                PORTB_IRQHandler
                0x1fff8440                Reserved70_IRQHandler
                0x1fff8440                ADC1_IRQHandler
                0x1fff8440                FTM2_Ch2_Ch3_IRQHandler
                0x1fff8440                Reserved53_IRQHandler
                0x1fff8440                DMA5_IRQHandler
                0x1fff8440                RTC_IRQHandler
                0x1fff8440                PDB0_IRQHandler
                0x1fff8440                Reserved54_IRQHandler
                0x1fff8440                FTM2_Ch6_Ch7_IRQHandler
                0x1fff8440                FTM3_Ch2_Ch3_IRQHandler
                0x1fff8440                FTM2_Ch0_Ch1_IRQHandler
                0x1fff8440                LPSPI1_IRQHandler
                0x1fff8440                LPUART1_RxTx_IRQHandler
                0x1fff8440                RTC_Seconds_IRQHandler
                0x1fff8440                CAN2_ORed_IRQHandler
                0x1fff8440                Reserved72_IRQHandler
                0x1fff8440                Reserved110_IRQHandler
                0x1fff8440                DMA11_IRQHandler
                0x1fff8440                Reserved107_IRQHandler
                0x1fff8440                Read_Collision_IRQHandler
                0x1fff8440                CAN2_Error_IRQHandler
                0x1fff8440                FTFC_IRQHandler
                0x1fff8440                DMA7_IRQHandler
                0x1fff8440                FTM1_Ch6_Ch7_IRQHandler
                0x1fff8440                Reserved105_IRQHandler
                0x1fff8440                LPIT0_Ch1_IRQHandler
                0x1fff8440                FTM1_Ch4_Ch5_IRQHandler
                0x1fff8440                FTM3_Ovf_Reload_IRQHandler
                0x1fff8440                LPUART2_RxTx_IRQHandler
                0x1fff8440                LPSPI0_IRQHandler
                0x1fff8440                WDOG_EWM_IRQHandler
                0x1fff8440                MemManage_Handler
                0x1fff8440                Reserved90_IRQHandler
                0x1fff8440                Reserved83_IRQHandler
                0x1fff8440                FTM0_Fault_IRQHandler
                0x1fff8440                Reserved48_IRQHandler
                0x1fff8440                SVC_Handler
                0x1fff8440                ERM_single_fault_IRQHandler
                0x1fff8440                FTM2_Fault_IRQHandler
                0x1fff8440                FTM0_Ch2_Ch3_IRQHandler
                0x1fff8440                DMA13_IRQHandler
                0x1fff8440                FTM0_Ch0_Ch1_IRQHandler
                0x1fff8440                FTM3_Fault_IRQHandler
                0x1fff8440                RCM_IRQHandler
                0x1fff8440                DMA3_IRQHandler
                0x1fff8440                Reserved100_IRQHandler
                0x1fff8440                DMA0_IRQHandler
                0x1fff8440                Reserved91_IRQHandler
                0x1fff8440                CAN1_ORed_IRQHandler
                0x1fff8440                DMA15_IRQHandler
                0x1fff8440                SCG_IRQHandler
                0x1fff8440                PDB1_IRQHandler
                0x1fff8440                Reserved81_IRQHandler
                0x1fff8440                Reserved46_IRQHandler
                0x1fff8440                Reserved45_IRQHandler
                0x1fff8440                CAN0_Error_IRQHandler
                0x1fff8440                Reserved112_IRQHandler
                0x1fff8440                LPI2C0_Master_IRQHandler
                0x1fff8440                DMA4_IRQHandler
                0x1fff8440                FTM1_Fault_IRQHandler
                0x1fff8440                Reserved106_IRQHandler
                0x1fff8440                DMA_Error_IRQHandler
                0x1fff8440                LVD_LVW_IRQHandler
                0x1fff8440                LPIT0_Ch2_IRQHandler
                0x1fff8440                PORTA_IRQHandler
                0x1fff8440                MCM_IRQHandler
                0x1fff8440                LPSPI2_IRQHandler
                0x1fff8440                DMA12_IRQHandler
                0x1fff8440                FTM3_Ch4_Ch5_IRQHandler
                0x1fff8440                CAN0_ORed_0_15_MB_IRQHandler
                0x1fff8440                PORTE_IRQHandler
                0x1fff8440                LPUART0_RxTx_IRQHandler
                0x1fff8440                LPTMR0_IRQHandler
                0x1fff8440                BusFault_Handler
                0x1fff8440                Reserved87_IRQHandler
                0x1fff8440                FTM1_Ovf_Reload_IRQHandler
                0x1fff8440                DMA8_IRQHandler
                0x1fff8440                Reserved93_IRQHandler
                0x1fff8440                DMA10_IRQHandler
                0x1fff8440                CAN0_Wake_Up_IRQHandler
                0x1fff8440                CMP0_IRQHandler
                0x1fff8440                Reserved52_IRQHandler
                0x1fff8440                PORTC_IRQHandler
                0x1fff8440                DMA6_IRQHandler
                0x1fff8440                FTM1_Ch0_Ch1_IRQHandler
                0x1fff8440                FLEXIO_IRQHandler
                0x1fff8440                DMA1_IRQHandler
                0x1fff8440                Reserved113_IRQHandler
 *(.text*)
 .text.WDOG_disable
                0x1fff8444       0x2c ./src/main.o
                0x1fff8444                WDOG_disable
 .text.PORT_init
                0x1fff8470       0x68 ./src/main.o
                0x1fff8470                PORT_init
 .text.main     0x1fff84d8       0x64 ./src/main.o
                0x1fff84d8                main
 .text.SOSC_init_8MHz
                0x1fff853c       0x4c ./src/clocks_and_modes.o
                0x1fff853c                SOSC_init_8MHz
 .text.SPLL_init_160MHz
                0x1fff8588       0x64 ./src/clocks_and_modes.o
                0x1fff8588                SPLL_init_160MHz
 .text.NormalRUNmode_80MHz
                0x1fff85ec       0x2c ./src/clocks_and_modes.o
                0x1fff85ec                NormalRUNmode_80MHz
 .text.FLEXCAN0_init
                0x1fff8618       0xe8 ./src/FlexCAN.o
                0x1fff8618                FLEXCAN0_init
 .text.FLEXCAN0_transmit_msg
                0x1fff8700       0x48 ./src/FlexCAN.o
                0x1fff8700                FLEXCAN0_transmit_msg
 .text.FLEXCAN0_receive_msg
                0x1fff8748       0x94 ./src/FlexCAN.o
                0x1fff8748                FLEXCAN0_receive_msg
 .text.SystemInit
                0x1fff87dc       0x30 ./Project_Settings/Startup_Code/system_S32K144.o
                0x1fff87dc                SystemInit
 .text.init_data_bss
                0x1fff880c       0xf4 ./Project_Settings/Startup_Code/startup.o
                0x1fff880c                init_data_bss
 *(.rodata)
 *(.rodata*)
 *(.glue_7)
 .glue_7        0x00000000        0x0 linker stubs
 *(.glue_7t)
 .glue_7t       0x00000000        0x0 linker stubs
 *(.eh_frame)
 *(.init)
 *(.fini)
                0x1fff8900                . = ALIGN (0x4)

.vfp11_veneer   0x1fff8900        0x0
 .vfp11_veneer  0x00000000        0x0 linker stubs

.v4_bx          0x1fff8900        0x0
 .v4_bx         0x00000000        0x0 linker stubs

.iplt           0x1fff8900        0x0
 .iplt          0x00000000        0x0 C:/NXP/S32DS_ARM_v2018.R1/S32DS/arm_ewl2/lib/armv7e-m/__arm_start.o

.rel.dyn        0x1fff8900        0x0
 .rel.iplt      0x00000000        0x0 C:/NXP/S32DS_ARM_v2018.R1/S32DS/arm_ewl2/lib/armv7e-m/__arm_start.o

.code_ram       0x1fff8900        0x0
                0x1fff8900                . = ALIGN (0x4)
                0x1fff8900                __CODE_RAM = .
 *(.code_ram)
                0x1fff8900                __CODE_ROM = .
                0x1fff8900                __CODE_END = .
                0x1fff8900                . = ALIGN (0x4)

.ARM.extab
 *(.ARM.extab* .gnu.linkonce.armextab.*)

.ARM            0x1fff8900        0x0
                0x1fff8900                __exidx_start = .
 *(.ARM.exidx*)
                0x1fff8900                __exidx_end = .

.ctors          0x1fff8900        0x0
                0x1fff8900                __CTOR_LIST__ = .
 *crtbegin.o(.ctors)
 *crtbegin?.o(.ctors)
 *(EXCLUDE_FILE(*crtend.o *crtend?.o) .ctors)
 *(SORT(.ctors.*))
 *(.ctors)
                0x1fff8900                __CTOR_END__ = .

.dtors          0x1fff8900        0x0
                0x1fff8900                __DTOR_LIST__ = .
 *crtbegin.o(.dtors)
 *crtbegin?.o(.dtors)
 *(EXCLUDE_FILE(*crtend.o *crtend?.o) .dtors)
 *(SORT(.dtors.*))
 *(.dtors)
                0x1fff8900                __DTOR_END__ = .

.preinit_array  0x1fff8900        0x0
                0x1fff8900                PROVIDE (__preinit_array_start, .)
 *(.preinit_array*)
                0x1fff8900                PROVIDE (__preinit_array_end, .)

.init_array     0x1fff8900        0x0
                0x1fff8900                PROVIDE (__init_array_start, .)
 *(SORT(.init_array.*))
 *(.init_array*)
                0x1fff8900                PROVIDE (__init_array_end, .)

.fini_array     0x1fff8900        0x0
                0x1fff8900                PROVIDE (__fini_array_start, .)
 *(SORT(.fini_array.*))
 *(.fini_array*)
                0x1fff8900                PROVIDE (__fini_array_end, .)
                0x1fff8900                __etext = .
                0x1fff8900                __DATA_ROM = .
                0x1fff8900                __DATA_END = __DATA_ROM

.customSectionBlock
 *(.customSection)

.data           0x20000000        0x0
                0x20000000                . = ALIGN (0x4)
                0x20000000                __DATA_RAM = .
                0x20000000                __data_start__ = .
 *(.data)
 *(.data*)
 *(.jcr*)
                0x20000000                . = ALIGN (0x4)
                0x20000000                __data_end__ = .

.igot.plt       0x20000000        0x0
 .igot.plt      0x00000000        0x0 C:/NXP/S32DS_ARM_v2018.R1/S32DS/arm_ewl2/lib/armv7e-m/__arm_start.o

.bss            0x20000000       0x18
                0x20000000                . = ALIGN (0x4)
                0x20000000                __BSS_START = .
                0x20000000                __bss_start__ = .
 *(.bss)
 *(.bss*)
 *(COMMON)
 COMMON         0x20000000       0x18 ./src/FlexCAN.o
                0x20000000                RxDATA
                0x20000008                RxID
                0x2000000c                RxLENGTH
                0x20000010                RxCODE
                0x20000014                RxTIMESTAMP
                0x20000018                . = ALIGN (0x4)
                0x20000018                __bss_end__ = .
                0x20000018                __BSS_END = .

.heap           0x20000018      0x400
                0x20000018                . = ALIGN (0x8)
                0x20000018                __end__ = .
                0x20000018                PROVIDE (end, .)
                0x20000018                PROVIDE (_end, .)
                0x20000018                PROVIDE (__end, .)
                0x20000018                __HeapBase = .
                0x20000418                . = (. + HEAP_SIZE)
 *fill*         0x20000018      0x400 
                0x20000418                __HeapLimit = .
                0x20000418                __heap_limit = .

.stack          0x20000418      0x400
                0x20000418                . = ALIGN (0x8)
                0x20000818                . = (. + STACK_SIZE)
 *fill*         0x20000418      0x400 
                0x20007000                __StackTop = (ORIGIN (m_data) + 0x7000)
                0x20006c00                __StackLimit = (__StackTop - STACK_SIZE)
                0x20007000                PROVIDE (__stack, __StackTop)

.ARM.attributes
                0x00000000       0x31
 *(.ARM.attributes)
 .ARM.attributes
                0x00000000       0x33 ./src/main.o
 .ARM.attributes
                0x00000033       0x33 ./src/clocks_and_modes.o
 .ARM.attributes
                0x00000066       0x33 ./src/FlexCAN.o
 .ARM.attributes
                0x00000099       0x33 ./Project_Settings/Startup_Code/system_S32K144.o
 .ARM.attributes
                0x000000cc       0x1b ./Project_Settings/Startup_Code/startup_S32K144.o
 .ARM.attributes
                0x000000e7       0x33 ./Project_Settings/Startup_Code/startup.o
                0x00000001                ASSERT ((__StackLimit >= __HeapLimit), region m_data overflowed with stack and heap)

/DISCARD/
 *(.FlashConfig)
OUTPUT(FlexCAN_s32k144.elf elf32-littlearm)

.debug_info     0x00000000     0x166c
 .debug_info    0x00000000      0x5a9 ./src/main.o
 .debug_info    0x000005a9      0x269 ./src/clocks_and_modes.o
 .debug_info    0x00000812      0x4c1 ./src/FlexCAN.o
 .debug_info    0x00000cd3      0x500 ./Project_Settings/Startup_Code/system_S32K144.o
 .debug_info    0x000011d3       0xae ./Project_Settings/Startup_Code/startup_S32K144.o
 .debug_info    0x00001281      0x3eb ./Project_Settings/Startup_Code/startup.o

.debug_abbrev   0x00000000      0x51d
 .debug_abbrev  0x00000000      0x107 ./src/main.o
 .debug_abbrev  0x00000107       0xc2 ./src/clocks_and_modes.o
 .debug_abbrev  0x000001c9      0x127 ./src/FlexCAN.o
 .debug_abbrev  0x000002f0      0x118 ./Project_Settings/Startup_Code/system_S32K144.o
 .debug_abbrev  0x00000408       0x14 ./Project_Settings/Startup_Code/startup_S32K144.o
 .debug_abbrev  0x0000041c      0x101 ./Project_Settings/Startup_Code/startup.o

.debug_aranges  0x00000000      0x100
 .debug_aranges
                0x00000000       0x30 ./src/main.o
 .debug_aranges
                0x00000030       0x30 ./src/clocks_and_modes.o
 .debug_aranges
                0x00000060       0x30 ./src/FlexCAN.o
 .debug_aranges
                0x00000090       0x30 ./Project_Settings/Startup_Code/system_S32K144.o
 .debug_aranges
                0x000000c0       0x20 ./Project_Settings/Startup_Code/startup_S32K144.o
 .debug_aranges
                0x000000e0       0x20 ./Project_Settings/Startup_Code/startup.o

.debug_ranges   0x00000000       0x90
 .debug_ranges  0x00000000       0x20 ./src/main.o
 .debug_ranges  0x00000020       0x20 ./src/clocks_and_modes.o
 .debug_ranges  0x00000040       0x20 ./src/FlexCAN.o
 .debug_ranges  0x00000060       0x20 ./Project_Settings/Startup_Code/system_S32K144.o
 .debug_ranges  0x00000080       0x10 ./Project_Settings/Startup_Code/startup.o

.debug_macro    0x00000000     0xfd01
 .debug_macro   0x00000000       0xb9 ./src/main.o
 .debug_macro   0x000000b9      0x868 ./src/main.o
 .debug_macro   0x00000921       0x52 ./src/main.o
 .debug_macro   0x00000973       0xa0 ./src/main.o
 .debug_macro   0x00000a13       0x16 ./src/main.o
 .debug_macro   0x00000a29       0x19 ./src/main.o
 .debug_macro   0x00000a42       0x64 ./src/main.o
 .debug_macro   0x00000aa6      0x185 ./src/main.o
 .debug_macro   0x00000c2b      0x140 ./src/main.o
 .debug_macro   0x00000d6b       0x9d ./src/main.o
 .debug_macro   0x00000e08       0x10 ./src/main.o
 .debug_macro   0x00000e18      0x15b ./src/main.o
 .debug_macro   0x00000f73       0x28 ./src/main.o
 .debug_macro   0x00000f9b       0x58 ./src/main.o
 .debug_macro   0x00000ff3     0xdf8d ./src/main.o
 .debug_macro   0x0000ef80       0x10 ./src/main.o
 .debug_macro   0x0000ef90       0xb0 ./src/clocks_and_modes.o
 .debug_macro   0x0000f040       0xb5 ./src/FlexCAN.o
 .debug_macro   0x0000f0f5       0xe9 ./Project_Settings/Startup_Code/system_S32K144.o
 .debug_macro   0x0000f1de       0x10 ./Project_Settings/Startup_Code/system_S32K144.o
 .debug_macro   0x0000f1ee       0x6d ./Project_Settings/Startup_Code/system_S32K144.o
 .debug_macro   0x0000f25b      0x978 ./Project_Settings/Startup_Code/system_S32K144.o
 .debug_macro   0x0000fbd3       0x22 ./Project_Settings/Startup_Code/system_S32K144.o
 .debug_macro   0x0000fbf5       0x22 ./Project_Settings/Startup_Code/system_S32K144.o
 .debug_macro   0x0000fc17       0xea ./Project_Settings/Startup_Code/startup.o

.debug_line     0x00000000      0xc85
 .debug_line    0x00000000      0x227 ./src/main.o
 .debug_line    0x00000227      0x246 ./src/clocks_and_modes.o
 .debug_line    0x0000046d      0x25e ./src/FlexCAN.o
 .debug_line    0x000006cb      0x2b9 ./Project_Settings/Startup_Code/system_S32K144.o
 .debug_line    0x00000984       0x83 ./Project_Settings/Startup_Code/startup_S32K144.o
 .debug_line    0x00000a07      0x27e ./Project_Settings/Startup_Code/startup.o

.debug_str      0x00000000    0x62854
 .debug_str     0x00000000    0x5ddff ./src/main.o
                              0x5de8f (size before relaxing)
 .debug_str     0x0005ddff       0xdd ./src/clocks_and_modes.o
                              0x5dd7c (size before relaxing)
 .debug_str     0x0005dedc       0x87 ./src/FlexCAN.o
                              0x5de63 (size before relaxing)
 .debug_str     0x0005df63     0x47d1 ./Project_Settings/Startup_Code/system_S32K144.o
                              0x62505 (size before relaxing)
 .debug_str     0x00062734      0x120 ./Project_Settings/Startup_Code/startup.o
                              0x6243c (size before relaxing)

.comment        0x00000000       0x70
 .comment       0x00000000       0x70 ./src/main.o
                                 0x71 (size before relaxing)
 .comment       0x00000000       0x71 ./src/clocks_and_modes.o
 .comment       0x00000000       0x71 ./src/FlexCAN.o
 .comment       0x00000000       0x71 ./Project_Settings/Startup_Code/system_S32K144.o
 .comment       0x00000000       0x71 ./Project_Settings/Startup_Code/startup.o

.debug_frame    0x00000000      0x218
 .debug_frame   0x00000000       0x70 ./src/main.o
 .debug_frame   0x00000070       0x70 ./src/clocks_and_modes.o
 .debug_frame   0x000000e0       0x80 ./src/FlexCAN.o
 .debug_frame   0x00000160       0x80 ./Project_Settings/Startup_Code/system_S32K144.o
 .debug_frame   0x000001e0       0x38 ./Project_Settings/Startup_Code/startup.o
